Archive member included to satisfy reference by file (symbol)

d:/program files/stmicr~1/stm32c~1/gnu-to~1/bin/../lib/gcc/arm-none-eabi/10.3.1/thumb/v7-m/nofp\libgcc.a(_arm_muldf3.o)
                              CMakeFiles/Tool.elf.dir/GUI/generated/events_init.c.obj (__aeabi_dmul)
d:/program files/stmicr~1/stm32c~1/gnu-to~1/bin/../lib/gcc/arm-none-eabi/10.3.1/thumb/v7-m/nofp\libgcc.a(_arm_mulsf3.o)
                              CMakeFiles/Tool.elf.dir/User/Src/touch.c.obj (__aeabi_fmul)
d:/program files/stmicr~1/stm32c~1/gnu-to~1/bin/../lib/gcc/arm-none-eabi/10.3.1/thumb/v7-m/nofp\libgcc.a(_arm_addsubdf3.o)
                              CMakeFiles/Tool.elf.dir/User/Src/touch.c.obj (__aeabi_dsub)
d:/program files/stmicr~1/stm32c~1/gnu-to~1/bin/../lib/gcc/arm-none-eabi/10.3.1/thumb/v7-m/nofp\libgcc.a(_arm_muldivdf3.o)
                              CMakeFiles/Tool.elf.dir/User/Src/touch.c.obj (__aeabi_ddiv)
d:/program files/stmicr~1/stm32c~1/gnu-to~1/bin/../lib/gcc/arm-none-eabi/10.3.1/thumb/v7-m/nofp\libgcc.a(_arm_fixdfsi.o)
                              CMakeFiles/Tool.elf.dir/User/Src/touch.c.obj (__aeabi_d2iz)
d:/program files/stmicr~1/stm32c~1/gnu-to~1/bin/../lib/gcc/arm-none-eabi/10.3.1/thumb/v7-m/nofp\libgcc.a(_arm_fixunsdfsi.o)
                              CMakeFiles/Tool.elf.dir/GUI/generated/events_init.c.obj (__aeabi_d2uiz)
d:/program files/stmicr~1/stm32c~1/gnu-to~1/bin/../lib/gcc/arm-none-eabi/10.3.1/thumb/v7-m/nofp\libgcc.a(_arm_addsubsf3.o)
                              CMakeFiles/Tool.elf.dir/User/Src/touch.c.obj (__aeabi_ui2f)
d:/program files/stmicr~1/stm32c~1/gnu-to~1/bin/../lib/gcc/arm-none-eabi/10.3.1/thumb/v7-m/nofp\libgcc.a(_arm_muldivsf3.o)
                              CMakeFiles/Tool.elf.dir/User/Src/touch.c.obj (__aeabi_fdiv)
d:/program files/stmicr~1/stm32c~1/gnu-to~1/bin/../lib/gcc/arm-none-eabi/10.3.1/thumb/v7-m/nofp\libgcc.a(_arm_cmpsf2.o)
                              CMakeFiles/Tool.elf.dir/User/Src/touch.c.obj (__aeabi_fcmpgt)
d:/program files/stmicr~1/stm32c~1/gnu-to~1/bin/../lib/gcc/arm-none-eabi/10.3.1/thumb/v7-m/nofp\libgcc.a(_arm_fixunssfsi.o)
                              CMakeFiles/Tool.elf.dir/User/Src/touch.c.obj (__aeabi_f2uiz)
d:/program files/stmicr~1/stm32c~1/gnu-to~1/bin/../lib/gcc/arm-none-eabi/10.3.1/thumb/v7-m/nofp\libgcc.a(_aeabi_uldivmod.o)
                              CMakeFiles/Tool.elf.dir/lvgl/src/lv_misc/lv_printf.c.obj (__aeabi_uldivmod)
d:/program files/stmicr~1/stm32c~1/gnu-to~1/bin/../lib/gcc/arm-none-eabi/10.3.1/thumb/v7-m/nofp\libgcc.a(_udivmoddi4.o)
                              d:/program files/stmicr~1/stm32c~1/gnu-to~1/bin/../lib/gcc/arm-none-eabi/10.3.1/thumb/v7-m/nofp\libgcc.a(_aeabi_uldivmod.o) (__udivmoddi4)
d:/program files/stmicr~1/stm32c~1/gnu-to~1/bin/../lib/gcc/arm-none-eabi/10.3.1/thumb/v7-m/nofp\libgcc.a(_dvmd_tls.o)
                              d:/program files/stmicr~1/stm32c~1/gnu-to~1/bin/../lib/gcc/arm-none-eabi/10.3.1/thumb/v7-m/nofp\libgcc.a(_aeabi_uldivmod.o) (__aeabi_ldiv0)
d:/program files/stmicr~1/stm32c~1/gnu-to~1/bin/../lib/gcc/arm-none-eabi/10.3.1/../../../../arm-none-eabi/lib/thumb/v7-m/nofp\libg.a(lib_a-errno.o)
                              CMakeFiles/Tool.elf.dir/Core/Src/syscalls.c.obj (__errno)
d:/program files/stmicr~1/stm32c~1/gnu-to~1/bin/../lib/gcc/arm-none-eabi/10.3.1/../../../../arm-none-eabi/lib/thumb/v7-m/nofp\libg.a(lib_a-exit.o)
                              d:/program files/stmicr~1/stm32c~1/gnu-to~1/bin/../lib/gcc/arm-none-eabi/10.3.1/../../../../arm-none-eabi/lib/thumb/v7-m/nofp/crt0.o (exit)
d:/program files/stmicr~1/stm32c~1/gnu-to~1/bin/../lib/gcc/arm-none-eabi/10.3.1/../../../../arm-none-eabi/lib/thumb/v7-m/nofp\libg.a(lib_a-impure.o)
                              d:/program files/stmicr~1/stm32c~1/gnu-to~1/bin/../lib/gcc/arm-none-eabi/10.3.1/../../../../arm-none-eabi/lib/thumb/v7-m/nofp\libg.a(lib_a-exit.o) (_global_impure_ptr)
d:/program files/stmicr~1/stm32c~1/gnu-to~1/bin/../lib/gcc/arm-none-eabi/10.3.1/../../../../arm-none-eabi/lib/thumb/v7-m/nofp\libg.a(lib_a-init.o)
                              d:/program files/stmicr~1/stm32c~1/gnu-to~1/bin/../lib/gcc/arm-none-eabi/10.3.1/../../../../arm-none-eabi/lib/thumb/v7-m/nofp/crt0.o (__libc_init_array)
d:/program files/stmicr~1/stm32c~1/gnu-to~1/bin/../lib/gcc/arm-none-eabi/10.3.1/../../../../arm-none-eabi/lib/thumb/v7-m/nofp\libg.a(lib_a-malloc.o)
                              CMakeFiles/Tool.elf.dir/User/Src/queue.c.obj (malloc)
d:/program files/stmicr~1/stm32c~1/gnu-to~1/bin/../lib/gcc/arm-none-eabi/10.3.1/../../../../arm-none-eabi/lib/thumb/v7-m/nofp\libg.a(lib_a-mallocr.o)
                              d:/program files/stmicr~1/stm32c~1/gnu-to~1/bin/../lib/gcc/arm-none-eabi/10.3.1/../../../../arm-none-eabi/lib/thumb/v7-m/nofp\libg.a(lib_a-malloc.o) (_malloc_r)
d:/program files/stmicr~1/stm32c~1/gnu-to~1/bin/../lib/gcc/arm-none-eabi/10.3.1/../../../../arm-none-eabi/lib/thumb/v7-m/nofp\libg.a(lib_a-memcmp.o)
[...]
Memory Configuration

Name             Origin             Length             Attributes
RAM              0x20000000         0x0000c000         xrw
FLASH            0x08000000         0x00040000         xr
*default*        0x00000000         0xffffffff

Linker script and memory map

LOAD d:/program files/stmicr~1/stm32c~1/gnu-to~1/bin/../lib/gcc/arm-none-eabi/10.3.1/thumb/v7-m/nofp/crti.o
LOAD d:/program files/stmicr~1/stm32c~1/gnu-to~1/bin/../lib/gcc/arm-none-eabi/10.3.1/thumb/v7-m/nofp/crtbegin.o
LOAD d:/program files/stmicr~1/stm32c~1/gnu-to~1/bin/../lib/gcc/arm-none-eabi/10.3.1/../../../../arm-none-eabi/lib/thumb/v7-m/nofp/crt0.o
LOAD CMakeFiles/Tool.elf.dir/Core/Src/gpio.c.obj
LOAD CMakeFiles/Tool.elf.dir/Core/Src/i2c.c.obj
LOAD CMakeFiles/Tool.elf.dir/Core/Src/main.c.obj
LOAD CMakeFiles/Tool.elf.dir/Core/Src/sdio.c.obj
LOAD CMakeFiles/Tool.elf.dir/Core/Src/spi.c.obj
LOAD CMakeFiles/Tool.elf.dir/Core/Src/stm32f1xx_hal_msp.c.obj
LOAD CMakeFiles/Tool.elf.dir/Core/Src/stm32f1xx_it.c.obj
LOAD CMakeFiles/Tool.elf.dir/Core/Src/syscalls.c.obj
LOAD CMakeFiles/Tool.elf.dir/Core/Src/sysmem.c.obj
LOAD CMakeFiles/Tool.elf.dir/Core/Src/system_stm32f1xx.c.obj
LOAD CMakeFiles/Tool.elf.dir/Core/Src/tim.c.obj
LOAD CMakeFiles/Tool.elf.dir/Core/Src/usart.c.obj
LOAD CMakeFiles/Tool.elf.dir/Core/Startup/startup_stm32f103vctx.s.obj
LOAD CMakeFiles/Tool.elf.dir/Drivers/STM32F1xx_HAL_Driver/Src/stm32f1xx_hal.c.obj
LOAD CMakeFiles/Tool.elf.dir/Drivers/STM32F1xx_HAL_Driver/Src/stm32f1xx_hal_cortex.c.obj
LOAD CMakeFiles/Tool.elf.dir/Drivers/STM32F1xx_HAL_Driver/Src/stm32f1xx_hal_dma.c.obj
LOAD CMakeFiles/Tool.elf.dir/Drivers/STM32F1xx_HAL_Driver/Src/stm32f1xx_hal_exti.c.obj
LOAD CMakeFiles/Tool.elf.dir/Drivers/STM32F1xx_HAL_Driver/Src/stm32f1xx_hal_flash.c.obj
LOAD CMakeFiles/Tool.elf.dir/Drivers/STM32F1xx_HAL_Driver/Src/stm32f1xx_hal_flash_ex.c.obj
LOAD CMakeFiles/Tool.elf.dir/Drivers/STM32F1xx_HAL_Driver/Src/stm32f1xx_hal_gpio.c.obj
LOAD CMakeFiles/Tool.elf.dir/Drivers/STM32F1xx_HAL_Driver/Src/stm32f1xx_hal_gpio_ex.c.obj
LOAD CMakeFiles/Tool.elf.dir/Drivers/STM32F1xx_HAL_Driver/Src/stm32f1xx_hal_i2c.c.obj
LOAD CMakeFiles/Tool.elf.dir/Drivers/STM32F1xx_HAL_Driver/Src/stm32f1xx_hal_pwr.c.obj
LOAD CMakeFiles/Tool.elf.dir/Drivers/STM32F1xx_HAL_Driver/Src/stm32f1xx_hal_rcc.c.obj
LOAD CMakeFiles/Tool.elf.dir/Drivers/STM32F1xx_HAL_Driver/Src/stm32f1xx_hal_rcc_ex.c.obj
LOAD CMakeFiles/Tool.elf.dir/Drivers/STM32F1xx_HAL_Driver/Src/stm32f1xx_hal_sd.c.obj
LOAD CMakeFiles/Tool.elf.dir/Drivers/STM32F1xx_HAL_Driver/Src/stm32f1xx_hal_spi.c.obj
LOAD CMakeFiles/Tool.elf.dir/Drivers/STM32F1xx_HAL_Driver/Src/stm32f1xx_hal_tim.c.obj
LOAD CMakeFiles/Tool.elf.dir/Drivers/STM32F1xx_HAL_Driver/Src/stm32f1xx_hal_tim_ex.c.obj
LOAD CMakeFiles/Tool.elf.dir/Drivers/STM32F1xx_HAL_Driver/Src/stm32f1xx_hal_uart.c.obj
LOAD CMakeFiles/Tool.elf.dir/Drivers/STM32F1xx_HAL_Driver/Src/stm32f1xx_ll_sdmmc.c.obj
LOAD CMakeFiles/Tool.elf.dir/FATFS/App/fatfs.c.obj
LOAD CMakeFiles/Tool.elf.dir/FATFS/Target/bsp_driver_sd.c.obj
LOAD CMakeFiles/Tool.elf.dir/GUI/custom/custom.c.obj
LOAD CMakeFiles/Tool.elf.dir/GUI/generated/events_init.c.obj
LOAD CMakeFiles/Tool.elf.dir/GUI/generated/gui_guider.c.obj
LOAD CMakeFiles/Tool.elf.dir/GUI/generated/setup_scr_screen.c.obj
LOAD CMakeFiles/Tool.elf.dir/Middlewares/Third_Party/FatFs/src/diskio.c.obj
LOAD CMakeFiles/Tool.elf.dir/Middlewares/Third_Party/FatFs/src/drivers/sd_diskio.c.obj
LOAD CMakeFiles/Tool.elf.dir/Middlewares/Third_Party/FatFs/src/ff.c.obj
LOAD CMakeFiles/Tool.elf.dir/Middlewares/Third_Party/FatFs/src/ff_gen_drv.c.obj
LOAD CMakeFiles/Tool.elf.dir/Middlewares/Third_Party/FatFs/src/option/ccsbcs.c.obj
LOAD CMakeFiles/Tool.elf.dir/Middlewares/Third_Party/FatFs/src/option/syscall.c.obj
LOAD CMakeFiles/Tool.elf.dir/User/Src/at24c02.c.obj
LOAD CMakeFiles/Tool.elf.dir/User/Src/callback.c.obj
LOAD CMakeFiles/Tool.elf.dir/User/Src/font.c.obj
LOAD CMakeFiles/Tool.elf.dir/User/Src/func.c.obj
LOAD CMakeFiles/Tool.elf.dir/User/Src/gui.c.obj
LOAD CMakeFiles/Tool.elf.dir/User/Src/lcd.c.obj
LOAD CMakeFiles/Tool.elf.dir/User/Src/queue.c.obj
LOAD CMakeFiles/Tool.elf.dir/User/Src/test.c.obj
LOAD CMakeFiles/Tool.elf.dir/User/Src/touch.c.obj
LOAD CMakeFiles/Tool.elf.dir/User/Src/user.c.obj
LOAD CMakeFiles/Tool.elf.dir/lvgl/porting/lv_port_disp.c.obj
LOAD CMakeFiles/Tool.elf.dir/lvgl/porting/lv_port_fs.c.obj
LOAD CMakeFiles/Tool.elf.dir/lvgl/porting/lv_port_indev.c.obj
LOAD CMakeFiles/Tool.elf.dir/lvgl/src/lv_core/lv_disp.c.obj
LOAD CMakeFiles/Tool.elf.dir/lvgl/src/lv_core/lv_group.c.obj
LOAD CMakeFiles/Tool.elf.dir/lvgl/src/lv_core/lv_indev.c.obj
LOAD CMakeFiles/Tool.elf.dir/lvgl/src/lv_core/lv_obj.c.obj
LOAD CMakeFiles/Tool.elf.dir/lvgl/src/lv_core/lv_refr.c.obj
LOAD CMakeFiles/Tool.elf.dir/lvgl/src/lv_core/lv_style.c.obj
LOAD CMakeFiles/Tool.elf.dir/lvgl/src/lv_draw/lv_draw_arc.c.obj
LOAD CMakeFiles/Tool.elf.dir/lvgl/src/lv_draw/lv_draw_blend.c.obj
LOAD CMakeFiles/Tool.elf.dir/lvgl/src/lv_draw/lv_draw_img.c.obj
LOAD CMakeFiles/Tool.elf.dir/lvgl/src/lv_draw/lv_draw_label.c.obj
LOAD CMakeFiles/Tool.elf.dir/lvgl/src/lv_draw/lv_draw_line.c.obj
LOAD CMakeFiles/Tool.elf.dir/lvgl/src/lv_draw/lv_draw_mask.c.obj
LOAD CMakeFiles/Tool.elf.dir/lvgl/src/lv_draw/lv_draw_rect.c.obj
LOAD CMakeFiles/Tool.elf.dir/lvgl/src/lv_draw/lv_draw_triangle.c.obj
LOAD CMakeFiles/Tool.elf.dir/lvgl/src/lv_draw/lv_img_buf.c.obj
LOAD CMakeFiles/Tool.elf.dir/lvgl/src/lv_draw/lv_img_cache.c.obj
LOAD CMakeFiles/Tool.elf.dir/lvgl/src/lv_draw/lv_img_decoder.c.obj
LOAD CMakeFiles/Tool.elf.dir/lvgl/src/lv_font/JetBrains_Mono.c.obj
LOAD CMakeFiles/Tool.elf.dir/lvgl/src/lv_font/lv_font.c.obj
LOAD CMakeFiles/Tool.elf.dir/lvgl/src/lv_font/lv_font_dejavu_16_persian_hebrew.c.obj
LOAD CMakeFiles/Tool.elf.dir/lvgl/src/lv_font/lv_font_fmt_txt.c.obj
LOAD CMakeFiles/Tool.elf.dir/lvgl/src/lv_font/lv_font_loader.c.obj
LOAD CMakeFiles/Tool.elf.dir/lvgl/src/lv_font/lv_font_montserrat_10.c.obj
LOAD CMakeFiles/Tool.elf.dir/lvgl/src/lv_font/lv_font_montserrat_12.c.obj
LOAD CMakeFiles/Tool.elf.dir/lvgl/src/lv_font/lv_font_montserrat_12_subpx.c.obj
LOAD CMakeFiles/Tool.elf.dir/lvgl/src/lv_font/lv_font_montserrat_14.c.obj
LOAD CMakeFiles/Tool.elf.dir/lvgl/src/lv_font/lv_font_montserrat_16.c.obj
LOAD CMakeFiles/Tool.elf.dir/lvgl/src/lv_font/lv_font_montserrat_18.c.obj
LOAD CMakeFiles/Tool.elf.dir/lvgl/src/lv_font/lv_font_montserrat_20.c.obj
LOAD CMakeFiles/Tool.elf.dir/lvgl/src/lv_font/lv_font_montserrat_22.c.obj
LOAD CMakeFiles/Tool.elf.dir/lvgl/src/lv_font/lv_font_montserrat_24.c.obj
LOAD CMakeFiles/Tool.elf.dir/lvgl/src/lv_font/lv_font_montserrat_26.c.obj
LOAD CMakeFiles/Tool.elf.dir/lvgl/src/lv_font/lv_font_montserrat_28.c.obj
LOAD CMakeFiles/Tool.elf.dir/lvgl/src/lv_font/lv_font_montserrat_28_compressed.c.obj
LOAD CMakeFiles/Tool.elf.dir/lvgl/src/lv_font/lv_font_montserrat_30.c.obj
LOAD CMakeFiles/Tool.elf.dir/lvgl/src/lv_font/lv_font_montserrat_32.c.obj
LOAD CMakeFiles/Tool.elf.dir/lvgl/src/lv_font/lv_font_montserrat_34.c.obj
LOAD CMakeFiles/Tool.elf.dir/lvgl/src/lv_font/lv_font_montserrat_36.c.obj
LOAD CMakeFiles/Tool.elf.dir/lvgl/src/lv_font/lv_font_montserrat_38.c.obj
LOAD CMakeFiles/Tool.elf.dir/lvgl/src/lv_font/lv_font_montserrat_40.c.obj
LOAD CMakeFiles/Tool.elf.dir/lvgl/src/lv_font/lv_font_montserrat_42.c.obj
LOAD CMakeFiles/Tool.elf.dir/lvgl/src/lv_font/lv_font_montserrat_44.c.obj
LOAD CMakeFiles/Tool.elf.dir/lvgl/src/lv_font/lv_font_montserrat_46.c.obj
LOAD CMakeFiles/Tool.elf.dir/lvgl/src/lv_font/lv_font_montserrat_48.c.obj
LOAD CMakeFiles/Tool.elf.dir/lvgl/src/lv_font/lv_font_montserrat_8.c.obj
LOAD CMakeFiles/Tool.elf.dir/lvgl/src/lv_font/lv_font_simsun_16_cjk.c.obj
LOAD CMakeFiles/Tool.elf.dir/lvgl/src/lv_font/lv_font_unscii_16.c.obj
LOAD CMakeFiles/Tool.elf.dir/lvgl/src/lv_font/lv_font_unscii_8.c.obj
LOAD CMakeFiles/Tool.elf.dir/lvgl/src/lv_gpu/lv_gpu_nxp_pxp.c.obj
LOAD CMakeFiles/Tool.elf.dir/lvgl/src/lv_gpu/lv_gpu_nxp_pxp_osa.c.obj
LOAD CMakeFiles/Tool.elf.dir/lvgl/src/lv_gpu/lv_gpu_nxp_vglite.c.obj
LOAD CMakeFiles/Tool.elf.dir/lvgl/src/lv_gpu/lv_gpu_stm32_dma2d.c.obj
LOAD CMakeFiles/Tool.elf.dir/lvgl/src/lv_hal/lv_hal_disp.c.obj
LOAD CMakeFiles/Tool.elf.dir/lvgl/src/lv_hal/lv_hal_indev.c.obj
LOAD CMakeFiles/Tool.elf.dir/lvgl/src/lv_hal/lv_hal_tick.c.obj
LOAD CMakeFiles/Tool.elf.dir/lvgl/src/lv_misc/lv_anim.c.obj
LOAD CMakeFiles/Tool.elf.dir/lvgl/src/lv_misc/lv_area.c.obj
LOAD CMakeFiles/Tool.elf.dir/lvgl/src/lv_misc/lv_async.c.obj
LOAD CMakeFiles/Tool.elf.dir/lvgl/src/lv_misc/lv_bidi.c.obj
LOAD CMakeFiles/Tool.elf.dir/lvgl/src/lv_misc/lv_color.c.obj
LOAD CMakeFiles/Tool.elf.dir/lvgl/src/lv_misc/lv_debug.c.obj
LOAD CMakeFiles/Tool.elf.dir/lvgl/src/lv_misc/lv_fs.c.obj
LOAD CMakeFiles/Tool.elf.dir/lvgl/src/lv_misc/lv_gc.c.obj
LOAD CMakeFiles/Tool.elf.dir/lvgl/src/lv_misc/lv_ll.c.obj
LOAD CMakeFiles/Tool.elf.dir/lvgl/src/lv_misc/lv_log.c.obj
LOAD CMakeFiles/Tool.elf.dir/lvgl/src/lv_misc/lv_math.c.obj
LOAD CMakeFiles/Tool.elf.dir/lvgl/src/lv_misc/lv_mem.c.obj
LOAD CMakeFiles/Tool.elf.dir/lvgl/src/lv_misc/lv_printf.c.obj
LOAD CMakeFiles/Tool.elf.dir/lvgl/src/lv_misc/lv_task.c.obj
LOAD CMakeFiles/Tool.elf.dir/lvgl/src/lv_misc/lv_templ.c.obj
LOAD CMakeFiles/Tool.elf.dir/lvgl/src/lv_misc/lv_txt.c.obj
LOAD CMakeFiles/Tool.elf.dir/lvgl/src/lv_misc/lv_txt_ap.c.obj
LOAD CMakeFiles/Tool.elf.dir/lvgl/src/lv_misc/lv_utils.c.obj
LOAD CMakeFiles/Tool.elf.dir/lvgl/src/lv_themes/lv_theme.c.obj
LOAD CMakeFiles/Tool.elf.dir/lvgl/src/lv_themes/lv_theme_empty.c.obj
LOAD CMakeFiles/Tool.elf.dir/lvgl/src/lv_themes/lv_theme_material.c.obj
LOAD CMakeFiles/Tool.elf.dir/lvgl/src/lv_themes/lv_theme_mono.c.obj
LOAD CMakeFiles/Tool.elf.dir/lvgl/src/lv_themes/lv_theme_template.c.obj
LOAD CMakeFiles/Tool.elf.dir/lvgl/src/lv_widgets/lv_arc.c.obj
LOAD CMakeFiles/Tool.elf.dir/lvgl/src/lv_widgets/lv_bar.c.obj
LOAD CMakeFiles/Tool.elf.dir/lvgl/src/lv_widgets/lv_btn.c.obj
LOAD CMakeFiles/Tool.elf.dir/lvgl/src/lv_widgets/lv_btnmatrix.c.obj
LOAD CMakeFiles/Tool.elf.dir/lvgl/src/lv_widgets/lv_calendar.c.obj
LOAD CMakeFiles/Tool.elf.dir/lvgl/src/lv_widgets/lv_canvas.c.obj
LOAD CMakeFiles/Tool.elf.dir/lvgl/src/lv_widgets/lv_chart.c.obj
LOAD CMakeFiles/Tool.elf.dir/lvgl/src/lv_widgets/lv_checkbox.c.obj
LOAD CMakeFiles/Tool.elf.dir/lvgl/src/lv_widgets/lv_cont.c.obj
LOAD CMakeFiles/Tool.elf.dir/lvgl/src/lv_widgets/lv_cpicker.c.obj
LOAD CMakeFiles/Tool.elf.dir/lvgl/src/lv_widgets/lv_dropdown.c.obj
LOAD CMakeFiles/Tool.elf.dir/lvgl/src/lv_widgets/lv_gauge.c.obj
LOAD CMakeFiles/Tool.elf.dir/lvgl/src/lv_widgets/lv_img.c.obj
LOAD CMakeFiles/Tool.elf.dir/lvgl/src/lv_widgets/lv_imgbtn.c.obj
LOAD CMakeFiles/Tool.elf.dir/lvgl/src/lv_widgets/lv_keyboard.c.obj
LOAD CMakeFiles/Tool.elf.dir/lvgl/src/lv_widgets/lv_label.c.obj
LOAD CMakeFiles/Tool.elf.dir/lvgl/src/lv_widgets/lv_led.c.obj
LOAD CMakeFiles/Tool.elf.dir/lvgl/src/lv_widgets/lv_line.c.obj
LOAD CMakeFiles/Tool.elf.dir/lvgl/src/lv_widgets/lv_linemeter.c.obj
LOAD CMakeFiles/Tool.elf.dir/lvgl/src/lv_widgets/lv_list.c.obj
LOAD CMakeFiles/Tool.elf.dir/lvgl/src/lv_widgets/lv_msgbox.c.obj
LOAD CMakeFiles/Tool.elf.dir/lvgl/src/lv_widgets/lv_objmask.c.obj
LOAD CMakeFiles/Tool.elf.dir/lvgl/src/lv_widgets/lv_objx_templ.c.obj
LOAD CMakeFiles/Tool.elf.dir/lvgl/src/lv_widgets/lv_page.c.obj
LOAD CMakeFiles/Tool.elf.dir/lvgl/src/lv_widgets/lv_roller.c.obj
LOAD CMakeFiles/Tool.elf.dir/lvgl/src/lv_widgets/lv_slider.c.obj
LOAD CMakeFiles/Tool.elf.dir/lvgl/src/lv_widgets/lv_spinbox.c.obj
LOAD CMakeFiles/Tool.elf.dir/lvgl/src/lv_widgets/lv_spinner.c.obj
LOAD CMakeFiles/Tool.elf.dir/lvgl/src/lv_widgets/lv_switch.c.obj
LOAD CMakeFiles/Tool.elf.dir/lvgl/src/lv_widgets/lv_table.c.obj
LOAD CMakeFiles/Tool.elf.dir/lvgl/src/lv_widgets/lv_tabview.c.obj
LOAD CMakeFiles/Tool.elf.dir/lvgl/src/lv_widgets/lv_textarea.c.obj
LOAD CMakeFiles/Tool.elf.dir/lvgl/src/lv_widgets/lv_tileview.c.obj
LOAD CMakeFiles/Tool.elf.dir/lvgl/src/lv_widgets/lv_win.c.obj
START GROUP
LOAD d:/program files/stmicr~1/stm32c~1/gnu-to~1/bin/../lib/gcc/arm-none-eabi/10.3.1/thumb/v7-m/nofp\libgcc.a
LOAD d:/program files/stmicr~1/stm32c~1/gnu-to~1/bin/../lib/gcc/arm-none-eabi/10.3.1/../../../../arm-none-eabi/lib/thumb/v7-m/nofp\libg.a
LOAD d:/program files/stmicr~1/stm32c~1/gnu-to~1/bin/../lib/gcc/arm-none-eabi/10.3.1/../../../../arm-none-eabi/lib/thumb/v7-m/nofp\libc.a
END GROUP
LOAD d:/program files/stmicr~1/stm32c~1/gnu-to~1/bin/../lib/gcc/arm-none-eabi/10.3.1/thumb/v7-m/nofp/crtend.o
LOAD d:/program files/stmicr~1/stm32c~1/gnu-to~1/bin/../lib/gcc/arm-none-eabi/10.3.1/thumb/v7-m/nofp/crtn.o
                0x2000c000                _estack = (ORIGIN (RAM) + LENGTH (RAM))
                0x00001000                _Min_Heap_Size = 0x1000
                0x00001000                _Min_Stack_Size = 0x1000

.isr_vector     0x08000000      0x1e4
                0x08000000                . = ALIGN (0x4)
 *(.isr_vector)
 .isr_vector    0x08000000      0x1e4 CMakeFiles/Tool.elf.dir/Core/Startup/startup_stm32f103vctx.s.obj
                0x08000000                g_pfnVectors
                0x080001e4                . = ALIGN (0x4)

.text           0x080001e8    0x324e8
                0x080001e8                . = ALIGN (0x4)
 *(.text)
 .text          0x080001e8       0x40 d:/program files/stmicr~1/stm32c~1/gnu-to~1/bin/../lib/gcc/arm-none-eabi/10.3.1/thumb/v7-m/nofp/crtbegin.o
 .text          0x08000228      0x378 d:/program files/stmicr~1/stm32c~1/gnu-to~1/bin/../lib/gcc/arm-none-eabi/10.3.1/thumb/v7-m/nofp\libgcc.a(_arm_addsubdf3.o)
                0x08000228                __aeabi_drsub
                0x08000230                __aeabi_dsub
                0x08000230                __subdf3
                0x08000234                __aeabi_dadd
                0x08000234                __adddf3
                0x080004ac                __floatunsidf
                0x080004ac                __aeabi_ui2d
                0x080004cc                __floatsidf
                0x080004cc                __aeabi_i2d
                0x080004f0                __aeabi_f2d
                0x080004f0                __extendsfdf2
                0x08000534                __floatundidf
                0x08000534                __aeabi_ul2d
                0x08000544                __floatdidf
                0x08000544                __aeabi_l2d
 .text          0x080005a0      0x424 d:/program files/stmicr~1/stm32c~1/gnu-to~1/bin/../lib/gcc/arm-none-eabi/10.3.1/thumb/v7-m/nofp\libgcc.a(_arm_muldivdf3.o)
                0x080005a0                __aeabi_dmul
                0x080005a0                __muldf3
                0x080007f4                __divdf3
                0x080007f4                __aeabi_ddiv
 .text          0x080009c4       0x50 d:/program files/stmicr~1/stm32c~1/gnu-to~1/bin/../lib/gcc/arm-none-eabi/10.3.1/thumb/v7-m/nofp\libgcc.a(_arm_fixdfsi.o)
                0x080009c4                __aeabi_d2iz
                0x080009c4                __fixdfsi
 .text          0x08000a14       0x40 d:/program files/stmicr~1/stm32c~1/gnu-to~1/bin/../lib/gcc/arm-none-eabi/10.3.1/thumb/v7-m/nofp\libgcc.a(_arm_fixunsdfsi.o)
                0x08000a14                __aeabi_d2uiz
                0x08000a14                __fixunsdfsi
 .text          0x08000a54      0x21c d:/program files/stmicr~1/stm32c~1/gnu-to~1/bin/../lib/gcc/arm-none-eabi/10.3.1/thumb/v7-m/nofp\libgcc.a(_arm_addsubsf3.o)
                0x08000a54                __aeabi_frsub
                0x08000a5c                __subsf3
                0x08000a5c                __aeabi_fsub
                0x08000a60                __aeabi_fadd
                0x08000a60                __addsf3
                0x08000bc0                __aeabi_ui2f
                0x08000bc0                __floatunsisf
                0x08000bc8                __aeabi_i2f
                0x08000bc8                __floatsisf
                0x08000be4                __aeabi_ul2f
                0x08000be4                __floatundisf
                0x08000bf4                __aeabi_l2f
                0x08000bf4                __floatdisf
 .text          0x08000c70      0x2a0 d:/program files/stmicr~1/stm32c~1/gnu-to~1/bin/../lib/gcc/arm-none-eabi/10.3.1/thumb/v7-m/nofp\libgcc.a(_arm_muldivsf3.o)
                0x08000c70                __mulsf3
                0x08000c70                __aeabi_fmul
                0x08000dd8                __aeabi_fdiv
                0x08000dd8                __divsf3
 .text          0x08000f10       0xec d:/program files/stmicr~1/stm32c~1/gnu-to~1/bin/../lib/gcc/arm-none-eabi/10.3.1/thumb/v7-m/nofp\libgcc.a(_arm_cmpsf2.o)
                0x08000f10                __gesf2
                0x08000f10                __gtsf2
                0x08000f18                __lesf2
                0x08000f18                __ltsf2
                0x08000f20                __nesf2
                0x08000f20                __eqsf2
                0x08000f20                __cmpsf2
                0x08000f80                __aeabi_cfrcmple
                0x08000f88                __aeabi_cfcmpeq
                0x08000f88                __aeabi_cfcmple
                0x08000f98                __aeabi_fcmpeq
                0x08000fac                __aeabi_fcmplt
                0x08000fc0                __aeabi_fcmple
                0x08000fd4                __aeabi_fcmpge
                0x08000fe8                __aeabi_fcmpgt
 .text          0x08000ffc       0x40 d:/program files/stmicr~1/stm32c~1/gnu-to~1/bin/../lib/gcc/arm-none-eabi/10.3.1/thumb/v7-m/nofp\libgcc.a(_arm_fixunssfsi.o)
                0x08000ffc                __fixunssfsi
                0x08000ffc                __aeabi_f2uiz
 .text          0x0800103c       0x30 d:/program files/stmicr~1/stm32c~1/gnu-to~1/bin/../lib/gcc/arm-none-eabi/10.3.1/thumb/v7-m/nofp\libgcc.a(_aeabi_uldivmod.o)
                0x0800103c                __aeabi_uldivmod
 .text          0x0800106c      0x2d4 d:/program files/stmicr~1/stm32c~1/gnu-to~1/bin/../lib/gcc/arm-none-eabi/10.3.1/thumb/v7-m/nofp\libgcc.a(_udivmoddi4.o)
                0x0800106c                __udivmoddi4
 .text          0x08001340        0x4 d:/program files/stmicr~1/stm32c~1/gnu-to~1/bin/../lib/gcc/arm-none-eabi/10.3.1/thumb/v7-m/nofp\libgcc.a(_dvmd_tls.o)
                0x08001340                __aeabi_idiv0
                0x08001340                __aeabi_ldiv0
 .text          0x08001344       0xec d:/program files/stmicr~1/stm32c~1/gnu-to~1/bin/../lib/gcc/arm-none-eabi/10.3.1/../../../../arm-none-eabi/lib/thumb/v7-m/nofp\libg.a(lib_a-memcpy.o)
                0x08001344                memcpy
 .text          0x08001430      0x1bc d:/program files/stmicr~1/stm32c~1/gnu-to~1/bin/../lib/gcc/arm-none-eabi/10.3.1/../../../../arm-none-eabi/lib/thumb/v7-m/nofp\libg.a(lib_a-strcmp.o)
                0x08001430                strcmp
 .text          0x080015ec      0x110 d:/program files/stmicr~1/stm32c~1/gnu-to~1/bin/../lib/gcc/arm-none-eabi/10.3.1/thumb/v7-m/nofp\libgcc.a(_arm_cmpdf2.o)
                0x080015ec                __gtdf2
                0x080015ec                __gedf2
                0x080015f4                __ltdf2
                0x080015f4                __ledf2
                0x080015fc                __nedf2
                0x080015fc                __eqdf2
                0x080015fc                __cmpdf2
                0x08001678                __aeabi_cdrcmple
                0x08001688                __aeabi_cdcmpeq
                0x08001688                __aeabi_cdcmple
                0x08001698                __aeabi_dcmpeq
                0x080016ac                __aeabi_dcmplt
                0x080016c0                __aeabi_dcmple
                0x080016d4                __aeabi_dcmpge
                0x080016e8                __aeabi_dcmpgt
 .text          0x080016fc       0x2c d:/program files/stmicr~1/stm32c~1/gnu-to~1/bin/../lib/gcc/arm-none-eabi/10.3.1/thumb/v7-m/nofp\libgcc.a(_arm_unorddf2.o)
                0x080016fc                __unorddf2
                0x080016fc                __aeabi_dcmpun
 *(.text*)
 .text.MX_GPIO_Init
                0x08001728      0x188 CMakeFiles/Tool.elf.dir/Core/Src/gpio.c.obj
                0x08001728                MX_GPIO_Init
 .text.MX_I2C1_Init
                0x080018b0       0x3c CMakeFiles/Tool.elf.dir/Core/Src/i2c.c.obj
                0x080018b0                MX_I2C1_Init
 .text.HAL_I2C_MspInit
                0x080018ec       0x64 CMakeFiles/Tool.elf.dir/Core/Src/i2c.c.obj
                0x080018ec                HAL_I2C_MspInit
 .text.Error_Handler
                0x08001950        0x4 CMakeFiles/Tool.elf.dir/Core/Src/main.c.obj
                0x08001950                Error_Handler
 .text.SystemClock_Config
                0x08001954       0x64 CMakeFiles/Tool.elf.dir/Core/Src/main.c.obj
                0x08001954                SystemClock_Config
 .text.assert_failed
                0x080019b8        0x2 CMakeFiles/Tool.elf.dir/Core/Src/main.c.obj
                0x080019b8                assert_failed
 *fill*         0x080019ba        0x2 
 .text.MX_SDIO_SD_Init
                0x080019bc       0x28 CMakeFiles/Tool.elf.dir/Core/Src/sdio.c.obj
                0x080019bc                MX_SDIO_SD_Init
 .text.HAL_SD_MspInit
                0x080019e4       0x98 CMakeFiles/Tool.elf.dir/Core/Src/sdio.c.obj
                0x080019e4                HAL_SD_MspInit
 .text.MX_SPI2_Init
                0x08001a7c       0x40 CMakeFiles/Tool.elf.dir/Core/Src/spi.c.obj
                0x08001a7c                MX_SPI2_Init
 .text.HAL_SPI_MspInit
                0x08001abc       0x78 CMakeFiles/Tool.elf.dir/Core/Src/spi.c.obj
                0x08001abc                HAL_SPI_MspInit
 .text.HAL_MspInit
                0x08001b34       0x30 CMakeFiles/Tool.elf.dir/Core/Src/stm32f1xx_hal_msp.c.obj
                0x08001b34                HAL_MspInit
 .text.NMI_Handler
                0x08001b64        0x2 CMakeFiles/Tool.elf.dir/Core/Src/stm32f1xx_it.c.obj
                0x08001b64                NMI_Handler
 .text.HardFault_Handler
                0x08001b66        0x2 CMakeFiles/Tool.elf.dir/Core/Src/stm32f1xx_it.c.obj
                0x08001b66                HardFault_Handler
 .text.MemManage_Handler
                0x08001b68        0x2 CMakeFiles/Tool.elf.dir/Core/Src/stm32f1xx_it.c.obj
                0x08001b68                MemManage_Handler
 .text.BusFault_Handler
                0x08001b6a        0x2 CMakeFiles/Tool.elf.dir/Core/Src/stm32f1xx_it.c.obj
                0x08001b6a                BusFault_Handler
 .text.UsageFault_Handler
                0x08001b6c        0x2 CMakeFiles/Tool.elf.dir/Core/Src/stm32f1xx_it.c.obj
                0x08001b6c                UsageFault_Handler
 .text.SVC_Handler
                0x08001b6e        0x2 CMakeFiles/Tool.elf.dir/Core/Src/stm32f1xx_it.c.obj
                0x08001b6e                SVC_Handler
 .text.DebugMon_Handler
                0x08001b70        0x2 CMakeFiles/Tool.elf.dir/Core/Src/stm32f1xx_it.c.obj
                0x08001b70                DebugMon_Handler
 .text.PendSV_Handler
                0x08001b72        0x2 CMakeFiles/Tool.elf.dir/Core/Src/stm32f1xx_it.c.obj
                0x08001b72                PendSV_Handler
 .text.SysTick_Handler
                0x08001b74        0x8 CMakeFiles/Tool.elf.dir/Core/Src/stm32f1xx_it.c.obj
                0x08001b74                SysTick_Handler
 .text.SDIO_IRQHandler
                0x08001b7c       0x10 CMakeFiles/Tool.elf.dir/Core/Src/stm32f1xx_it.c.obj
                0x08001b7c                SDIO_IRQHandler
 .text.TIM6_IRQHandler
                0x08001b8c       0x10 CMakeFiles/Tool.elf.dir/Core/Src/stm32f1xx_it.c.obj
                0x08001b8c                TIM6_IRQHandler
 .text._getpid  0x08001b9c        0x4 CMakeFiles/Tool.elf.dir/Core/Src/syscalls.c.obj
                0x08001b9c                _getpid
 .text._kill    0x08001ba0       0x10 CMakeFiles/Tool.elf.dir/Core/Src/syscalls.c.obj
                0x08001ba0                _kill
 .text._exit    0x08001bb0        0xc CMakeFiles/Tool.elf.dir/Core/Src/syscalls.c.obj
                0x08001bb0                _exit
 .text._read    0x08001bbc       0x20 CMakeFiles/Tool.elf.dir/Core/Src/syscalls.c.obj
                0x08001bbc                _read
 .text._write   0x08001bdc       0x1c CMakeFiles/Tool.elf.dir/Core/Src/syscalls.c.obj
                0x08001bdc                _write
 .text._close   0x08001bf8        0x6 CMakeFiles/Tool.elf.dir/Core/Src/syscalls.c.obj
                0x08001bf8                _close
 .text._fstat   0x08001bfe        0xa CMakeFiles/Tool.elf.dir/Core/Src/syscalls.c.obj
                0x08001bfe                _fstat
 .text._isatty  0x08001c08        0x4 CMakeFiles/Tool.elf.dir/Core/Src/syscalls.c.obj
                0x08001c08                _isatty
 .text._lseek   0x08001c0c        0x4 CMakeFiles/Tool.elf.dir/Core/Src/syscalls.c.obj
                0x08001c0c                _lseek
 .text._sbrk    0x08001c10       0x48 CMakeFiles/Tool.elf.dir/Core/Src/sysmem.c.obj
                0x08001c10                _sbrk
 .text.SystemInit
                0x08001c58        0x2 CMakeFiles/Tool.elf.dir/Core/Src/system_stm32f1xx.c.obj
                0x08001c58                SystemInit
 *fill*         0x08001c5a        0x2 
 .text.MX_TIM6_Init
                0x08001c5c       0x50 CMakeFiles/Tool.elf.dir/Core/Src/tim.c.obj
                0x08001c5c                MX_TIM6_Init
 .text.HAL_TIM_Base_MspInit
                0x08001cac       0x60 CMakeFiles/Tool.elf.dir/Core/Src/tim.c.obj
                0x08001cac                HAL_TIM_Base_MspInit
 .text.HAL_TIM_MspPostInit
                0x08001d0c       0x64 CMakeFiles/Tool.elf.dir/Core/Src/tim.c.obj
                0x08001d0c                HAL_TIM_MspPostInit
 .text.MX_TIM2_Init
                0x08001d70       0xac CMakeFiles/Tool.elf.dir/Core/Src/tim.c.obj
                0x08001d70                MX_TIM2_Init
 .text.MX_USART1_UART_Init
                0x08001e1c       0x34 CMakeFiles/Tool.elf.dir/Core/Src/usart.c.obj
                0x08001e1c                MX_USART1_UART_Init
 .text.HAL_UART_MspInit
                0x08001e50       0x78 CMakeFiles/Tool.elf.dir/Core/Src/usart.c.obj
                0x08001e50                HAL_UART_MspInit
 .text.__io_putchar
                0x08001ec8       0x20 CMakeFiles/Tool.elf.dir/Core/Src/usart.c.obj
                0x08001ec8                __io_putchar
 .text.Reset_Handler
                0x08001ee8       0x48 CMakeFiles/Tool.elf.dir/Core/Startup/startup_stm32f103vctx.s.obj
                0x08001ee8                Reset_Handler
 .text.Default_Handler
                0x08001f30        0x2 CMakeFiles/Tool.elf.dir/Core/Startup/startup_stm32f103vctx.s.obj
                0x08001f30                RTC_Alarm_IRQHandler
                0x08001f30                EXTI2_IRQHandler
                0x08001f30                TIM8_TRG_COM_IRQHandler
                0x08001f30                TIM8_CC_IRQHandler
                0x08001f30                TIM1_CC_IRQHandler
                0x08001f30                PVD_IRQHandler
                0x08001f30                EXTI3_IRQHandler
                0x08001f30                EXTI0_IRQHandler
                0x08001f30                I2C2_EV_IRQHandler
                0x08001f30                ADC1_2_IRQHandler
                0x08001f30                SPI1_IRQHandler
                0x08001f30                TAMPER_IRQHandler
                0x08001f30                TIM8_UP_IRQHandler
                0x08001f30                DMA2_Channel2_IRQHandler
                0x08001f30                DMA1_Channel4_IRQHandler
                0x08001f30                USART3_IRQHandler
                0x08001f30                RTC_IRQHandler
                0x08001f30                DMA1_Channel7_IRQHandler
                0x08001f30                CAN1_RX1_IRQHandler
                0x08001f30                UART5_IRQHandler
                0x08001f30                ADC3_IRQHandler
                0x08001f30                TIM4_IRQHandler
                0x08001f30                DMA2_Channel1_IRQHandler
                0x08001f30                I2C1_EV_IRQHandler
                0x08001f30                DMA1_Channel6_IRQHandler
                0x08001f30                UART4_IRQHandler
                0x08001f30                TIM3_IRQHandler
                0x08001f30                RCC_IRQHandler
                0x08001f30                TIM1_TRG_COM_IRQHandler
                0x08001f30                DMA1_Channel1_IRQHandler
                0x08001f30                Default_Handler
                0x08001f30                EXTI15_10_IRQHandler
                0x08001f30                TIM7_IRQHandler
                0x08001f30                TIM5_IRQHandler
                0x08001f30                EXTI9_5_IRQHandler
                0x08001f30                SPI2_IRQHandler
                0x08001f30                DMA1_Channel5_IRQHandler
                0x08001f30                EXTI4_IRQHandler
                0x08001f30                USB_LP_CAN1_RX0_IRQHandler
                0x08001f30                USB_HP_CAN1_TX_IRQHandler
                0x08001f30                DMA1_Channel3_IRQHandler
                0x08001f30                FSMC_IRQHandler
                0x08001f30                TIM1_UP_IRQHandler
                0x08001f30                WWDG_IRQHandler
                0x08001f30                TIM2_IRQHandler
                0x08001f30                TIM1_BRK_IRQHandler
                0x08001f30                EXTI1_IRQHandler
                0x08001f30                DMA2_Channel4_5_IRQHandler
                0x08001f30                USART2_IRQHandler
                0x08001f30                I2C2_ER_IRQHandler
                0x08001f30                DMA1_Channel2_IRQHandler
                0x08001f30                TIM8_BRK_IRQHandler
                0x08001f30                CAN1_SCE_IRQHandler
                0x08001f30                FLASH_IRQHandler
                0x08001f30                USART1_IRQHandler
                0x08001f30                SPI3_IRQHandler
                0x08001f30                I2C1_ER_IRQHandler
                0x08001f30                USBWakeUp_IRQHandler
                0x08001f30                DMA2_Channel3_IRQHandler
 *fill*         0x08001f32        0x2 
 .text.HAL_InitTick
                0x08001f34       0x4c CMakeFiles/Tool.elf.dir/Drivers/STM32F1xx_HAL_Driver/Src/stm32f1xx_hal.c.obj
                0x08001f34                HAL_InitTick
 .text.HAL_Init
                0x08001f80       0x24 CMakeFiles/Tool.elf.dir/Drivers/STM32F1xx_HAL_Driver/Src/stm32f1xx_hal.c.obj
                0x08001f80                HAL_Init
 .text.HAL_IncTick
                0x08001fa4       0x18 CMakeFiles/Tool.elf.dir/Drivers/STM32F1xx_HAL_Driver/Src/stm32f1xx_hal.c.obj
                0x08001fa4                HAL_IncTick
 .text.HAL_GetTick
                0x08001fbc        0xc CMakeFiles/Tool.elf.dir/Drivers/STM32F1xx_HAL_Driver/Src/stm32f1xx_hal.c.obj
                0x08001fbc                HAL_GetTick
 .text.HAL_Delay
                0x08001fc8       0x28 CMakeFiles/Tool.elf.dir/Drivers/STM32F1xx_HAL_Driver/Src/stm32f1xx_hal.c.obj
                0x08001fc8                HAL_Delay
 .text.HAL_NVIC_SetPriorityGrouping
                0x08001ff0       0x3c CMakeFiles/Tool.elf.dir/Drivers/STM32F1xx_HAL_Driver/Src/stm32f1xx_hal_cortex.c.obj
                0x08001ff0                HAL_NVIC_SetPriorityGrouping
 .text.HAL_NVIC_SetPriority
                0x0800202c       0x8c CMakeFiles/Tool.elf.dir/Drivers/STM32F1xx_HAL_Driver/Src/stm32f1xx_hal_cortex.c.obj
                0x0800202c                HAL_NVIC_SetPriority
 .text.HAL_NVIC_EnableIRQ
                0x080020b8       0x30 CMakeFiles/Tool.elf.dir/Drivers/STM32F1xx_HAL_Driver/Src/stm32f1xx_hal_cortex.c.obj
                0x080020b8                HAL_NVIC_EnableIRQ
 .text.HAL_SYSTICK_Config
                0x080020e8       0x28 CMakeFiles/Tool.elf.dir/Drivers/STM32F1xx_HAL_Driver/Src/stm32f1xx_hal_cortex.c.obj
                0x080020e8                HAL_SYSTICK_Config
 .text.HAL_DMA_Abort_IT
                0x08002110      0x16c CMakeFiles/Tool.elf.dir/Drivers/STM32F1xx_HAL_Driver/Src/stm32f1xx_hal_dma.c.obj
                0x08002110                HAL_DMA_Abort_IT
 .text.HAL_GPIO_Init
                0x0800227c      0x3b0 CMakeFiles/Tool.elf.dir/Drivers/STM32F1xx_HAL_Driver/Src/stm32f1xx_hal_gpio.c.obj
                0x0800227c                HAL_GPIO_Init
 .text.HAL_GPIO_ReadPin
                0x0800262c       0x28 CMakeFiles/Tool.elf.dir/Drivers/STM32F1xx_HAL_Driver/Src/stm32f1xx_hal_gpio.c.obj
                0x0800262c                HAL_GPIO_ReadPin
 .text.HAL_GPIO_WritePin
                0x08002654       0x38 CMakeFiles/Tool.elf.dir/Drivers/STM32F1xx_HAL_Driver/Src/stm32f1xx_hal_gpio.c.obj
                0x08002654                HAL_GPIO_WritePin
 .text.HAL_GPIO_TogglePin
                0x0800268c       0x2c CMakeFiles/Tool.elf.dir/Drivers/STM32F1xx_HAL_Driver/Src/stm32f1xx_hal_gpio.c.obj
                0x0800268c                HAL_GPIO_TogglePin
 .text.I2C_IsAcknowledgeFailed
                0x080026b8       0x32 CMakeFiles/Tool.elf.dir/Drivers/STM32F1xx_HAL_Driver/Src/stm32f1xx_hal_i2c.c.obj
 .text.I2C_WaitOnFlagUntilTimeout
                0x080026ea       0xaa CMakeFiles/Tool.elf.dir/Drivers/STM32F1xx_HAL_Driver/Src/stm32f1xx_hal_i2c.c.obj
 .text.I2C_WaitOnMasterAddressFlagUntilTimeout
                0x08002794       0xd6 CMakeFiles/Tool.elf.dir/Drivers/STM32F1xx_HAL_Driver/Src/stm32f1xx_hal_i2c.c.obj
 .text.I2C_WaitOnTXEFlagUntilTimeout
                0x0800286a       0x5e CMakeFiles/Tool.elf.dir/Drivers/STM32F1xx_HAL_Driver/Src/stm32f1xx_hal_i2c.c.obj
 .text.I2C_RequestMemoryWrite
                0x080028c8       0xd8 CMakeFiles/Tool.elf.dir/Drivers/STM32F1xx_HAL_Driver/Src/stm32f1xx_hal_i2c.c.obj
 .text.I2C_RequestMemoryRead
                0x080029a0      0x154 CMakeFiles/Tool.elf.dir/Drivers/STM32F1xx_HAL_Driver/Src/stm32f1xx_hal_i2c.c.obj
 .text.I2C_WaitOnBTFFlagUntilTimeout
                0x08002af4       0x5e CMakeFiles/Tool.elf.dir/Drivers/STM32F1xx_HAL_Driver/Src/stm32f1xx_hal_i2c.c.obj
 .text.I2C_WaitOnRXNEFlagUntilTimeout
                0x08002b52       0x78 CMakeFiles/Tool.elf.dir/Drivers/STM32F1xx_HAL_Driver/Src/stm32f1xx_hal_i2c.c.obj
 *fill*         0x08002bca        0x2 
 .text.HAL_I2C_Init
                0x08002bcc      0x294 CMakeFiles/Tool.elf.dir/Drivers/STM32F1xx_HAL_Driver/Src/stm32f1xx_hal_i2c.c.obj
                0x08002bcc                HAL_I2C_Init
 .text.HAL_I2C_Mem_Write
                0x08002e60      0x17c CMakeFiles/Tool.elf.dir/Drivers/STM32F1xx_HAL_Driver/Src/stm32f1xx_hal_i2c.c.obj
                0x08002e60                HAL_I2C_Mem_Write
 .text.HAL_I2C_Mem_Read
                0x08002fdc      0x360 CMakeFiles/Tool.elf.dir/Drivers/STM32F1xx_HAL_Driver/Src/stm32f1xx_hal_i2c.c.obj
                0x08002fdc                HAL_I2C_Mem_Read
 .text.RCC_Delay
                0x0800333c       0x2c CMakeFiles/Tool.elf.dir/Drivers/STM32F1xx_HAL_Driver/Src/stm32f1xx_hal_rcc.c.obj
 .text.HAL_RCC_OscConfig
                0x08003368      0x548 CMakeFiles/Tool.elf.dir/Drivers/STM32F1xx_HAL_Driver/Src/stm32f1xx_hal_rcc.c.obj
                0x08003368                HAL_RCC_OscConfig
 .text.HAL_RCC_GetSysClockFreq
                0x080038b0       0x54 CMakeFiles/Tool.elf.dir/Drivers/STM32F1xx_HAL_Driver/Src/stm32f1xx_hal_rcc.c.obj
                0x080038b0                HAL_RCC_GetSysClockFreq
 .text.HAL_RCC_ClockConfig
                0x08003904      0x228 CMakeFiles/Tool.elf.dir/Drivers/STM32F1xx_HAL_Driver/Src/stm32f1xx_hal_rcc.c.obj
                0x08003904                HAL_RCC_ClockConfig
 .text.HAL_RCC_GetHCLKFreq
                0x08003b2c        0xc CMakeFiles/Tool.elf.dir/Drivers/STM32F1xx_HAL_Driver/Src/stm32f1xx_hal_rcc.c.obj
                0x08003b2c                HAL_RCC_GetHCLKFreq
 .text.HAL_RCC_GetPCLK1Freq
                0x08003b38       0x20 CMakeFiles/Tool.elf.dir/Drivers/STM32F1xx_HAL_Driver/Src/stm32f1xx_hal_rcc.c.obj
                0x08003b38                HAL_RCC_GetPCLK1Freq
 .text.HAL_RCC_GetPCLK2Freq
                0x08003b58       0x20 CMakeFiles/Tool.elf.dir/Drivers/STM32F1xx_HAL_Driver/Src/stm32f1xx_hal_rcc.c.obj
                0x08003b58                HAL_RCC_GetPCLK2Freq
 .text.SD_PowerON
                0x08003b78       0xc0 CMakeFiles/Tool.elf.dir/Drivers/STM32F1xx_HAL_Driver/Src/stm32f1xx_hal_sd.c.obj
 .text.SD_Read_IT
                0x08003c38       0x38 CMakeFiles/Tool.elf.dir/Drivers/STM32F1xx_HAL_Driver/Src/stm32f1xx_hal_sd.c.obj
 .text.SD_Write_IT
                0x08003c70       0x48 CMakeFiles/Tool.elf.dir/Drivers/STM32F1xx_HAL_Driver/Src/stm32f1xx_hal_sd.c.obj
 .text.SD_FindSCR
                0x08003cb8      0x100 CMakeFiles/Tool.elf.dir/Drivers/STM32F1xx_HAL_Driver/Src/stm32f1xx_hal_sd.c.obj
 .text.SD_WideBus_Enable
                0x08003db8       0x4e CMakeFiles/Tool.elf.dir/Drivers/STM32F1xx_HAL_Driver/Src/stm32f1xx_hal_sd.c.obj
 .text.SD_WideBus_Disable
                0x08003e06       0x4e CMakeFiles/Tool.elf.dir/Drivers/STM32F1xx_HAL_Driver/Src/stm32f1xx_hal_sd.c.obj
 .text.SD_SendStatus
                0x08003e54       0x2c CMakeFiles/Tool.elf.dir/Drivers/STM32F1xx_HAL_Driver/Src/stm32f1xx_hal_sd.c.obj
 .text.HAL_SD_ReadBlocks
                0x08003e80      0x248 CMakeFiles/Tool.elf.dir/Drivers/STM32F1xx_HAL_Driver/Src/stm32f1xx_hal_sd.c.obj
                0x08003e80                HAL_SD_ReadBlocks
 .text.HAL_SD_WriteBlocks
                0x080040c8      0x204 CMakeFiles/Tool.elf.dir/Drivers/STM32F1xx_HAL_Driver/Src/stm32f1xx_hal_sd.c.obj
                0x080040c8                HAL_SD_WriteBlocks
 .text.HAL_SD_ErrorCallback
                0x080042cc        0x2 CMakeFiles/Tool.elf.dir/Drivers/STM32F1xx_HAL_Driver/Src/stm32f1xx_hal_sd.c.obj
                0x080042cc                HAL_SD_ErrorCallback
 *fill*         0x080042ce        0x2 
 .text.HAL_SD_GetCardCSD
                0x080042d0      0x1b8 CMakeFiles/Tool.elf.dir/Drivers/STM32F1xx_HAL_Driver/Src/stm32f1xx_hal_sd.c.obj
                0x080042d0                HAL_SD_GetCardCSD
 .text.SD_InitCard
                0x08004488      0x100 CMakeFiles/Tool.elf.dir/Drivers/STM32F1xx_HAL_Driver/Src/stm32f1xx_hal_sd.c.obj
 .text.HAL_SD_InitCard
                0x08004588       0xa8 CMakeFiles/Tool.elf.dir/Drivers/STM32F1xx_HAL_Driver/Src/stm32f1xx_hal_sd.c.obj
                0x08004588                HAL_SD_InitCard
 .text.HAL_SD_Init
                0x08004630       0xdc CMakeFiles/Tool.elf.dir/Drivers/STM32F1xx_HAL_Driver/Src/stm32f1xx_hal_sd.c.obj
                0x08004630                HAL_SD_Init
 .text.HAL_SD_GetCardInfo
                0x0800470c       0x24 CMakeFiles/Tool.elf.dir/Drivers/STM32F1xx_HAL_Driver/Src/stm32f1xx_hal_sd.c.obj
                0x0800470c                HAL_SD_GetCardInfo
 .text.HAL_SD_ConfigWideBusOperation
                0x08004730       0xe0 CMakeFiles/Tool.elf.dir/Drivers/STM32F1xx_HAL_Driver/Src/stm32f1xx_hal_sd.c.obj
                0x08004730                HAL_SD_ConfigWideBusOperation
 .text.HAL_SD_GetCardState
                0x08004810       0x22 CMakeFiles/Tool.elf.dir/Drivers/STM32F1xx_HAL_Driver/Src/stm32f1xx_hal_sd.c.obj
                0x08004810                HAL_SD_GetCardState
 .text.SD_DMATxAbort
                0x08004832       0x44 CMakeFiles/Tool.elf.dir/Drivers/STM32F1xx_HAL_Driver/Src/stm32f1xx_hal_sd.c.obj
 .text.SD_DMARxAbort
                0x08004876       0x44 CMakeFiles/Tool.elf.dir/Drivers/STM32F1xx_HAL_Driver/Src/stm32f1xx_hal_sd.c.obj
 *fill*         0x080048ba        0x2 
 .text.HAL_SD_IRQHandler
                0x080048bc      0x1cc CMakeFiles/Tool.elf.dir/Drivers/STM32F1xx_HAL_Driver/Src/stm32f1xx_hal_sd.c.obj
                0x080048bc                HAL_SD_IRQHandler
 .text.HAL_SPI_Init
                0x08004a88      0x21c CMakeFiles/Tool.elf.dir/Drivers/STM32F1xx_HAL_Driver/Src/stm32f1xx_hal_spi.c.obj
                0x08004a88                HAL_SPI_Init
 .text.TIM_TI1_ConfigInputStage
                0x08004ca4       0x24 CMakeFiles/Tool.elf.dir/Drivers/STM32F1xx_HAL_Driver/Src/stm32f1xx_hal_tim.c.obj
 .text.TIM_TI2_ConfigInputStage
                0x08004cc8       0x26 CMakeFiles/Tool.elf.dir/Drivers/STM32F1xx_HAL_Driver/Src/stm32f1xx_hal_tim.c.obj
 .text.TIM_ITRx_SetConfig
                0x08004cee       0x10 CMakeFiles/Tool.elf.dir/Drivers/STM32F1xx_HAL_Driver/Src/stm32f1xx_hal_tim.c.obj
 *fill*         0x08004cfe        0x2 
 .text.TIM_OC1_SetConfig
                0x08004d00       0xb4 CMakeFiles/Tool.elf.dir/Drivers/STM32F1xx_HAL_Driver/Src/stm32f1xx_hal_tim.c.obj
 .text.TIM_OC3_SetConfig
                0x08004db4       0xbc CMakeFiles/Tool.elf.dir/Drivers/STM32F1xx_HAL_Driver/Src/stm32f1xx_hal_tim.c.obj
 .text.TIM_OC4_SetConfig
                0x08004e70       0x74 CMakeFiles/Tool.elf.dir/Drivers/STM32F1xx_HAL_Driver/Src/stm32f1xx_hal_tim.c.obj
 .text.HAL_TIM_Base_Start_IT
                0x08004ee4       0xc8 CMakeFiles/Tool.elf.dir/Drivers/STM32F1xx_HAL_Driver/Src/stm32f1xx_hal_tim.c.obj
                0x08004ee4                HAL_TIM_Base_Start_IT
 .text.HAL_TIM_PWM_MspInit
                0x08004fac        0x2 CMakeFiles/Tool.elf.dir/Drivers/STM32F1xx_HAL_Driver/Src/stm32f1xx_hal_tim.c.obj
                0x08004fac                HAL_TIM_PWM_MspInit
 .text.HAL_TIM_OC_DelayElapsedCallback
                0x08004fae        0x2 CMakeFiles/Tool.elf.dir/Drivers/STM32F1xx_HAL_Driver/Src/stm32f1xx_hal_tim.c.obj
                0x08004fae                HAL_TIM_OC_DelayElapsedCallback
 .text.HAL_TIM_IC_CaptureCallback
                0x08004fb0        0x2 CMakeFiles/Tool.elf.dir/Drivers/STM32F1xx_HAL_Driver/Src/stm32f1xx_hal_tim.c.obj
                0x08004fb0                HAL_TIM_IC_CaptureCallback
 .text.HAL_TIM_PWM_PulseFinishedCallback
                0x08004fb2        0x2 CMakeFiles/Tool.elf.dir/Drivers/STM32F1xx_HAL_Driver/Src/stm32f1xx_hal_tim.c.obj
                0x08004fb2                HAL_TIM_PWM_PulseFinishedCallback
 .text.HAL_TIM_TriggerCallback
                0x08004fb4        0x2 CMakeFiles/Tool.elf.dir/Drivers/STM32F1xx_HAL_Driver/Src/stm32f1xx_hal_tim.c.obj
                0x08004fb4                HAL_TIM_TriggerCallback
 .text.HAL_TIM_IRQHandler
                0x08004fb6      0x17a CMakeFiles/Tool.elf.dir/Drivers/STM32F1xx_HAL_Driver/Src/stm32f1xx_hal_tim.c.obj
                0x08004fb6                HAL_TIM_IRQHandler
 .text.TIM_Base_SetConfig
                0x08005130       0x98 CMakeFiles/Tool.elf.dir/Drivers/STM32F1xx_HAL_Driver/Src/stm32f1xx_hal_tim.c.obj
                0x08005130                TIM_Base_SetConfig
 .text.HAL_TIM_Base_Init
                0x080051c8      0x118 CMakeFiles/Tool.elf.dir/Drivers/STM32F1xx_HAL_Driver/Src/stm32f1xx_hal_tim.c.obj
                0x080051c8                HAL_TIM_Base_Init
 .text.HAL_TIM_PWM_Init
                0x080052e0      0x118 CMakeFiles/Tool.elf.dir/Drivers/STM32F1xx_HAL_Driver/Src/stm32f1xx_hal_tim.c.obj
                0x080052e0                HAL_TIM_PWM_Init
 .text.TIM_OC2_SetConfig
                0x080053f8       0xc0 CMakeFiles/Tool.elf.dir/Drivers/STM32F1xx_HAL_Driver/Src/stm32f1xx_hal_tim.c.obj
                0x080053f8                TIM_OC2_SetConfig
 .text.HAL_TIM_PWM_ConfigChannel
                0x080054b8      0x23c CMakeFiles/Tool.elf.dir/Drivers/STM32F1xx_HAL_Driver/Src/stm32f1xx_hal_tim.c.obj
                0x080054b8                HAL_TIM_PWM_ConfigChannel
 .text.TIM_ETR_SetConfig
                0x080056f4       0x18 CMakeFiles/Tool.elf.dir/Drivers/STM32F1xx_HAL_Driver/Src/stm32f1xx_hal_tim.c.obj
                0x080056f4                TIM_ETR_SetConfig
 .text.HAL_TIM_ConfigClockSource
                0x0800570c      0x458 CMakeFiles/Tool.elf.dir/Drivers/STM32F1xx_HAL_Driver/Src/stm32f1xx_hal_tim.c.obj
                0x0800570c                HAL_TIM_ConfigClockSource
 .text.TIM_CCxChannelCmd
                0x08005b64       0x84 CMakeFiles/Tool.elf.dir/Drivers/STM32F1xx_HAL_Driver/Src/stm32f1xx_hal_tim.c.obj
                0x08005b64                TIM_CCxChannelCmd
 .text.HAL_TIM_PWM_Start
                0x08005be8      0x140 CMakeFiles/Tool.elf.dir/Drivers/STM32F1xx_HAL_Driver/Src/stm32f1xx_hal_tim.c.obj
                0x08005be8                HAL_TIM_PWM_Start
 .text.HAL_TIMEx_MasterConfigSynchronization
                0x08005d28      0x108 CMakeFiles/Tool.elf.dir/Drivers/STM32F1xx_HAL_Driver/Src/stm32f1xx_hal_tim_ex.c.obj
                0x08005d28                HAL_TIMEx_MasterConfigSynchronization
 .text.HAL_TIMEx_CommutCallback
                0x08005e30        0x2 CMakeFiles/Tool.elf.dir/Drivers/STM32F1xx_HAL_Driver/Src/stm32f1xx_hal_tim_ex.c.obj
                0x08005e30                HAL_TIMEx_CommutCallback
 .text.HAL_TIMEx_BreakCallback
                0x08005e32        0x2 CMakeFiles/Tool.elf.dir/Drivers/STM32F1xx_HAL_Driver/Src/stm32f1xx_hal_tim_ex.c.obj
                0x08005e32                HAL_TIMEx_BreakCallback
 .text.UART_SetConfig
                0x08005e34       0xf8 CMakeFiles/Tool.elf.dir/Drivers/STM32F1xx_HAL_Driver/Src/stm32f1xx_hal_uart.c.obj
 .text.UART_WaitOnFlagUntilTimeout
                0x08005f2c       0x88 CMakeFiles/Tool.elf.dir/Drivers/STM32F1xx_HAL_Driver/Src/stm32f1xx_hal_uart.c.obj
 .text.HAL_UART_Init
                0x08005fb4       0xfc CMakeFiles/Tool.elf.dir/Drivers/STM32F1xx_HAL_Driver/Src/stm32f1xx_hal_uart.c.obj
                0x08005fb4                HAL_UART_Init
 .text.HAL_UART_Transmit
                0x080060b0       0xbe CMakeFiles/Tool.elf.dir/Drivers/STM32F1xx_HAL_Driver/Src/stm32f1xx_hal_uart.c.obj
                0x080060b0                HAL_UART_Transmit
 *fill*         0x0800616e        0x2 
 .text.SDMMC_GetCmdError
                0x08006170       0x38 CMakeFiles/Tool.elf.dir/Drivers/STM32F1xx_HAL_Driver/Src/stm32f1xx_ll_sdmmc.c.obj
 .text.SDIO_Init
                0x080061a8       0xd8 CMakeFiles/Tool.elf.dir/Drivers/STM32F1xx_HAL_Driver/Src/stm32f1xx_ll_sdmmc.c.obj
                0x080061a8                SDIO_Init
 .text.SDIO_ReadFIFO
                0x08006280        0x6 CMakeFiles/Tool.elf.dir/Drivers/STM32F1xx_HAL_Driver/Src/stm32f1xx_ll_sdmmc.c.obj
                0x08006280                SDIO_ReadFIFO
 .text.SDIO_WriteFIFO
                0x08006286        0xa CMakeFiles/Tool.elf.dir/Drivers/STM32F1xx_HAL_Driver/Src/stm32f1xx_ll_sdmmc.c.obj
                0x08006286                SDIO_WriteFIFO
 .text.SDIO_PowerState_ON
                0x08006290        0x8 CMakeFiles/Tool.elf.dir/Drivers/STM32F1xx_HAL_Driver/Src/stm32f1xx_ll_sdmmc.c.obj
                0x08006290                SDIO_PowerState_ON
 .text.SDIO_GetPowerState
                0x08006298        0x8 CMakeFiles/Tool.elf.dir/Drivers/STM32F1xx_HAL_Driver/Src/stm32f1xx_ll_sdmmc.c.obj
                0x08006298                SDIO_GetPowerState
 .text.SDIO_SendCommand
                0x080062a0       0x8c CMakeFiles/Tool.elf.dir/Drivers/STM32F1xx_HAL_Driver/Src/stm32f1xx_ll_sdmmc.c.obj
                0x080062a0                SDIO_SendCommand
 .text.SDIO_GetCommandResponse
                0x0800632c        0x6 CMakeFiles/Tool.elf.dir/Drivers/STM32F1xx_HAL_Driver/Src/stm32f1xx_ll_sdmmc.c.obj
                0x0800632c                SDIO_GetCommandResponse
 *fill*         0x08006332        0x2 
 .text.SDIO_GetResponse
                0x08006334       0x2c CMakeFiles/Tool.elf.dir/Drivers/STM32F1xx_HAL_Driver/Src/stm32f1xx_ll_sdmmc.c.obj
                0x08006334                SDIO_GetResponse
 .text.SDIO_ConfigData
                0x08006360       0xc4 CMakeFiles/Tool.elf.dir/Drivers/STM32F1xx_HAL_Driver/Src/stm32f1xx_ll_sdmmc.c.obj
                0x08006360                SDIO_ConfigData
 .text.SDMMC_CmdGoIdleState
                0x08006424       0x26 CMakeFiles/Tool.elf.dir/Drivers/STM32F1xx_HAL_Driver/Src/stm32f1xx_ll_sdmmc.c.obj
                0x08006424                SDMMC_CmdGoIdleState
 *fill*         0x0800644a        0x2 
 .text.SDMMC_GetCmdResp1
                0x0800644c      0x154 CMakeFiles/Tool.elf.dir/Drivers/STM32F1xx_HAL_Driver/Src/stm32f1xx_ll_sdmmc.c.obj
                0x0800644c                SDMMC_GetCmdResp1
 .text.SDMMC_CmdBlockLength
                0x080065a0       0x30 CMakeFiles/Tool.elf.dir/Drivers/STM32F1xx_HAL_Driver/Src/stm32f1xx_ll_sdmmc.c.obj
                0x080065a0                SDMMC_CmdBlockLength
 .text.SDMMC_CmdReadSingleBlock
                0x080065d0       0x30 CMakeFiles/Tool.elf.dir/Drivers/STM32F1xx_HAL_Driver/Src/stm32f1xx_ll_sdmmc.c.obj
                0x080065d0                SDMMC_CmdReadSingleBlock
 .text.SDMMC_CmdReadMultiBlock
                0x08006600       0x30 CMakeFiles/Tool.elf.dir/Drivers/STM32F1xx_HAL_Driver/Src/stm32f1xx_ll_sdmmc.c.obj
                0x08006600                SDMMC_CmdReadMultiBlock
 .text.SDMMC_CmdWriteSingleBlock
                0x08006630       0x30 CMakeFiles/Tool.elf.dir/Drivers/STM32F1xx_HAL_Driver/Src/stm32f1xx_ll_sdmmc.c.obj
                0x08006630                SDMMC_CmdWriteSingleBlock
 .text.SDMMC_CmdWriteMultiBlock
                0x08006660       0x30 CMakeFiles/Tool.elf.dir/Drivers/STM32F1xx_HAL_Driver/Src/stm32f1xx_ll_sdmmc.c.obj
                0x08006660                SDMMC_CmdWriteMultiBlock
 .text.SDMMC_CmdStopTransfer
                0x08006690       0x34 CMakeFiles/Tool.elf.dir/Drivers/STM32F1xx_HAL_Driver/Src/stm32f1xx_ll_sdmmc.c.obj
                0x08006690                SDMMC_CmdStopTransfer
 .text.SDMMC_CmdSelDesel
                0x080066c4       0x30 CMakeFiles/Tool.elf.dir/Drivers/STM32F1xx_HAL_Driver/Src/stm32f1xx_ll_sdmmc.c.obj
                0x080066c4                SDMMC_CmdSelDesel
 .text.SDMMC_CmdAppCommand
                0x080066f4       0x30 CMakeFiles/Tool.elf.dir/Drivers/STM32F1xx_HAL_Driver/Src/stm32f1xx_ll_sdmmc.c.obj
                0x080066f4                SDMMC_CmdAppCommand
 .text.SDMMC_CmdBusWidth
                0x08006724       0x30 CMakeFiles/Tool.elf.dir/Drivers/STM32F1xx_HAL_Driver/Src/stm32f1xx_ll_sdmmc.c.obj
                0x08006724                SDMMC_CmdBusWidth
 .text.SDMMC_CmdSendSCR
                0x08006754       0x30 CMakeFiles/Tool.elf.dir/Drivers/STM32F1xx_HAL_Driver/Src/stm32f1xx_ll_sdmmc.c.obj
                0x08006754                SDMMC_CmdSendSCR
 .text.SDMMC_CmdSendStatus
                0x08006784       0x30 CMakeFiles/Tool.elf.dir/Drivers/STM32F1xx_HAL_Driver/Src/stm32f1xx_ll_sdmmc.c.obj
                0x08006784                SDMMC_CmdSendStatus
 .text.SDMMC_GetCmdResp2
                0x080067b4       0x5c CMakeFiles/Tool.elf.dir/Drivers/STM32F1xx_HAL_Driver/Src/stm32f1xx_ll_sdmmc.c.obj
                0x080067b4                SDMMC_GetCmdResp2
 .text.SDMMC_CmdSendCID
                0x08006810       0x2a CMakeFiles/Tool.elf.dir/Drivers/STM32F1xx_HAL_Driver/Src/stm32f1xx_ll_sdmmc.c.obj
                0x08006810                SDMMC_CmdSendCID
 .text.SDMMC_CmdSendCSD
                0x0800683a       0x2a CMakeFiles/Tool.elf.dir/Drivers/STM32F1xx_HAL_Driver/Src/stm32f1xx_ll_sdmmc.c.obj
                0x0800683a                SDMMC_CmdSendCSD
 .text.SDMMC_GetCmdResp3
                0x08006864       0x4c CMakeFiles/Tool.elf.dir/Drivers/STM32F1xx_HAL_Driver/Src/stm32f1xx_ll_sdmmc.c.obj
                0x08006864                SDMMC_GetCmdResp3
 .text.SDMMC_CmdAppOperCommand
                0x080068b0       0x32 CMakeFiles/Tool.elf.dir/Drivers/STM32F1xx_HAL_Driver/Src/stm32f1xx_ll_sdmmc.c.obj
                0x080068b0                SDMMC_CmdAppOperCommand
 *fill*         0x080068e2        0x2 
 .text.SDMMC_GetCmdResp6
                0x080068e4       0xa0 CMakeFiles/Tool.elf.dir/Drivers/STM32F1xx_HAL_Driver/Src/stm32f1xx_ll_sdmmc.c.obj
                0x080068e4                SDMMC_GetCmdResp6
 .text.SDMMC_CmdSetRelAdd
                0x08006984       0x30 CMakeFiles/Tool.elf.dir/Drivers/STM32F1xx_HAL_Driver/Src/stm32f1xx_ll_sdmmc.c.obj
                0x08006984                SDMMC_CmdSetRelAdd
 .text.SDMMC_GetCmdResp7
                0x080069b4       0x64 CMakeFiles/Tool.elf.dir/Drivers/STM32F1xx_HAL_Driver/Src/stm32f1xx_ll_sdmmc.c.obj
                0x080069b4                SDMMC_GetCmdResp7
 .text.SDMMC_CmdOperCond
                0x08006a18       0x2e CMakeFiles/Tool.elf.dir/Drivers/STM32F1xx_HAL_Driver/Src/stm32f1xx_ll_sdmmc.c.obj
                0x08006a18                SDMMC_CmdOperCond
 *fill*         0x08006a46        0x2 
 .text.MX_FATFS_Init
                0x08006a48       0x1c CMakeFiles/Tool.elf.dir/FATFS/App/fatfs.c.obj
                0x08006a48                MX_FATFS_Init
 .text.get_fattime
                0x08006a64        0x4 CMakeFiles/Tool.elf.dir/FATFS/App/fatfs.c.obj
                0x08006a64                get_fattime
 .text.BSP_SD_ReadBlocks
                0x08006a68       0x20 CMakeFiles/Tool.elf.dir/FATFS/Target/bsp_driver_sd.c.obj
                0x08006a68                BSP_SD_ReadBlocks
 .text.BSP_SD_WriteBlocks
                0x08006a88       0x20 CMakeFiles/Tool.elf.dir/FATFS/Target/bsp_driver_sd.c.obj
                0x08006a88                BSP_SD_WriteBlocks
 .text.BSP_SD_GetCardState
                0x08006aa8       0x14 CMakeFiles/Tool.elf.dir/FATFS/Target/bsp_driver_sd.c.obj
                0x08006aa8                BSP_SD_GetCardState
 .text.BSP_SD_GetCardInfo
                0x08006abc       0x10 CMakeFiles/Tool.elf.dir/FATFS/Target/bsp_driver_sd.c.obj
                0x08006abc                BSP_SD_GetCardInfo
 .text.BSP_SD_AbortCallback
                0x08006acc        0x2 CMakeFiles/Tool.elf.dir/FATFS/Target/bsp_driver_sd.c.obj
                0x08006acc                BSP_SD_AbortCallback
 .text.HAL_SD_AbortCallback
                0x08006ace        0x8 CMakeFiles/Tool.elf.dir/FATFS/Target/bsp_driver_sd.c.obj
                0x08006ace                HAL_SD_AbortCallback
 .text.BSP_SD_WriteCpltCallback
                0x08006ad6        0x2 CMakeFiles/Tool.elf.dir/FATFS/Target/bsp_driver_sd.c.obj
                0x08006ad6                BSP_SD_WriteCpltCallback
 .text.HAL_SD_TxCpltCallback
                0x08006ad8        0x8 CMakeFiles/Tool.elf.dir/FATFS/Target/bsp_driver_sd.c.obj
                0x08006ad8                HAL_SD_TxCpltCallback
 .text.BSP_SD_ReadCpltCallback
                0x08006ae0        0x2 CMakeFiles/Tool.elf.dir/FATFS/Target/bsp_driver_sd.c.obj
                0x08006ae0                BSP_SD_ReadCpltCallback
 .text.HAL_SD_RxCpltCallback
                0x08006ae2        0x8 CMakeFiles/Tool.elf.dir/FATFS/Target/bsp_driver_sd.c.obj
                0x08006ae2                HAL_SD_RxCpltCallback
 .text.BSP_SD_IsDetected
                0x08006aea       0x10 CMakeFiles/Tool.elf.dir/FATFS/Target/bsp_driver_sd.c.obj
                0x08006aea                BSP_SD_IsDetected
 *fill*         0x08006afa        0x2 
 .text.BSP_SD_Init
                0x08006afc       0x34 CMakeFiles/Tool.elf.dir/FATFS/Target/bsp_driver_sd.c.obj
                0x08006afc                BSP_SD_Init
 .text.screen_slider0event_handler
                0x08006b30       0x5c CMakeFiles/Tool.elf.dir/GUI/generated/events_init.c.obj
 .text.events_init
                0x08006b8c        0x2 CMakeFiles/Tool.elf.dir/GUI/generated/events_init.c.obj
                0x08006b8c                events_init
 *fill*         0x08006b8e        0x2 
 .text.events_init_screen
                0x08006b90       0x10 CMakeFiles/Tool.elf.dir/GUI/generated/events_init.c.obj
                0x08006b90                events_init_screen
 .text.init_scr_del_flag
                0x08006ba0        0x6 CMakeFiles/Tool.elf.dir/GUI/generated/gui_guider.c.obj
                0x08006ba0                init_scr_del_flag
 *fill*         0x08006ba6        0x2 
 .text.setup_ui
                0x08006ba8       0x58 CMakeFiles/Tool.elf.dir/GUI/generated/gui_guider.c.obj
                0x08006ba8                setup_ui
 .text.text_area_event_cb
                0x08006c00        0x2 CMakeFiles/Tool.elf.dir/GUI/generated/setup_scr_screen.c.obj
 *fill*         0x08006c02        0x2 
 .text.setup_scr_screen
                0x08006c04      0x56c CMakeFiles/Tool.elf.dir/GUI/generated/setup_scr_screen.c.obj
                0x08006c04                setup_scr_screen
 .text.disk_status
                0x08007170       0x18 CMakeFiles/Tool.elf.dir/Middlewares/Third_Party/FatFs/src/diskio.c.obj
                0x08007170                disk_status
 .text.disk_initialize
                0x08007188       0x28 CMakeFiles/Tool.elf.dir/Middlewares/Third_Party/FatFs/src/diskio.c.obj
                0x08007188                disk_initialize
 .text.disk_read
                0x080071b0       0x18 CMakeFiles/Tool.elf.dir/Middlewares/Third_Party/FatFs/src/diskio.c.obj
                0x080071b0                disk_read
 .text.disk_write
                0x080071c8       0x18 CMakeFiles/Tool.elf.dir/Middlewares/Third_Party/FatFs/src/diskio.c.obj
                0x080071c8                disk_write
 .text.disk_ioctl
                0x080071e0       0x18 CMakeFiles/Tool.elf.dir/Middlewares/Third_Party/FatFs/src/diskio.c.obj
                0x080071e0                disk_ioctl
 .text.SD_initialize
                0x080071f8       0x24 CMakeFiles/Tool.elf.dir/Middlewares/Third_Party/FatFs/src/drivers/sd_diskio.c.obj
                0x080071f8                SD_initialize
 .text.SD_status
                0x0800721c       0x24 CMakeFiles/Tool.elf.dir/Middlewares/Third_Party/FatFs/src/drivers/sd_diskio.c.obj
                0x0800721c                SD_status
 .text.SD_read  0x08007240       0x38 CMakeFiles/Tool.elf.dir/Middlewares/Third_Party/FatFs/src/drivers/sd_diskio.c.obj
                0x08007240                SD_read
 .text.SD_write
                0x08007278       0x38 CMakeFiles/Tool.elf.dir/Middlewares/Third_Party/FatFs/src/drivers/sd_diskio.c.obj
                0x08007278                SD_write
 .text.SD_ioctl
                0x080072b0       0x54 CMakeFiles/Tool.elf.dir/Middlewares/Third_Party/FatFs/src/drivers/sd_diskio.c.obj
                0x080072b0                SD_ioctl
 .text.mem_cpy  0x08007304       0x14 CMakeFiles/Tool.elf.dir/Middlewares/Third_Party/FatFs/src/ff.c.obj
 .text.mem_set  0x08007318       0x10 CMakeFiles/Tool.elf.dir/Middlewares/Third_Party/FatFs/src/ff.c.obj
 .text.mem_cmp  0x08007328       0x1e CMakeFiles/Tool.elf.dir/Middlewares/Third_Party/FatFs/src/ff.c.obj
 .text.chk_chr  0x08007346       0x10 CMakeFiles/Tool.elf.dir/Middlewares/Third_Party/FatFs/src/ff.c.obj
 *fill*         0x08007356        0x2 
 .text.chk_lock
                0x08007358       0x8c CMakeFiles/Tool.elf.dir/Middlewares/Third_Party/FatFs/src/ff.c.obj
 .text.enq_lock
                0x080073e4       0x24 CMakeFiles/Tool.elf.dir/Middlewares/Third_Party/FatFs/src/ff.c.obj
 .text.inc_lock
                0x08007408       0xcc CMakeFiles/Tool.elf.dir/Middlewares/Third_Party/FatFs/src/ff.c.obj
 .text.dec_lock
                0x080074d4       0x48 CMakeFiles/Tool.elf.dir/Middlewares/Third_Party/FatFs/src/ff.c.obj
 .text.clear_lock
                0x0800751c       0x44 CMakeFiles/Tool.elf.dir/Middlewares/Third_Party/FatFs/src/ff.c.obj
 .text.clmt_clust
                0x08007560       0x28 CMakeFiles/Tool.elf.dir/Middlewares/Third_Party/FatFs/src/ff.c.obj
 .text.ld_clust
                0x08007588       0x22 CMakeFiles/Tool.elf.dir/Middlewares/Third_Party/FatFs/src/ff.c.obj
 .text.st_clust
                0x080075aa       0x14 CMakeFiles/Tool.elf.dir/Middlewares/Third_Party/FatFs/src/ff.c.obj
 *fill*         0x080075be        0x2 
 .text.fit_lfn  0x080075c0       0x78 CMakeFiles/Tool.elf.dir/Middlewares/Third_Party/FatFs/src/ff.c.obj
 .text.gen_numname
                0x08007638       0xaa CMakeFiles/Tool.elf.dir/Middlewares/Third_Party/FatFs/src/ff.c.obj
 .text.sum_sfn  0x080076e2       0x1c CMakeFiles/Tool.elf.dir/Middlewares/Third_Party/FatFs/src/ff.c.obj
 .text.get_ldnumber
                0x080076fe       0x52 CMakeFiles/Tool.elf.dir/Middlewares/Third_Party/FatFs/src/ff.c.obj
 .text.sync_window
                0x08007750       0x5e CMakeFiles/Tool.elf.dir/Middlewares/Third_Party/FatFs/src/ff.c.obj
 .text.move_window
                0x080077ae       0x3a CMakeFiles/Tool.elf.dir/Middlewares/Third_Party/FatFs/src/ff.c.obj
 .text.check_fs
                0x080077e8       0x90 CMakeFiles/Tool.elf.dir/Middlewares/Third_Party/FatFs/src/ff.c.obj
 .text.validate
                0x08007878       0x34 CMakeFiles/Tool.elf.dir/Middlewares/Third_Party/FatFs/src/ff.c.obj
 .text.find_volume
                0x080078ac      0x3ac CMakeFiles/Tool.elf.dir/Middlewares/Third_Party/FatFs/src/ff.c.obj
 .text.create_name
                0x08007c58      0x22c CMakeFiles/Tool.elf.dir/Middlewares/Third_Party/FatFs/src/ff.c.obj
 .text.cmp_lfn  0x08007e84       0x88 CMakeFiles/Tool.elf.dir/Middlewares/Third_Party/FatFs/src/ff.c.obj
 .text.sync_fs  0x08007f0c       0xc2 CMakeFiles/Tool.elf.dir/Middlewares/Third_Party/FatFs/src/ff.c.obj
 .text.clust2sect
                0x08007fce       0x1e CMakeFiles/Tool.elf.dir/Middlewares/Third_Party/FatFs/src/ff.c.obj
                0x08007fce                clust2sect
 .text.get_fat  0x08007fec       0xdc CMakeFiles/Tool.elf.dir/Middlewares/Third_Party/FatFs/src/ff.c.obj
                0x08007fec                get_fat
 .text.dir_sdi  0x080080c8       0xb6 CMakeFiles/Tool.elf.dir/Middlewares/Third_Party/FatFs/src/ff.c.obj
 .text.put_fat  0x0800817e      0x118 CMakeFiles/Tool.elf.dir/Middlewares/Third_Party/FatFs/src/ff.c.obj
                0x0800817e                put_fat
 .text.create_chain
                0x08008296       0xce CMakeFiles/Tool.elf.dir/Middlewares/Third_Party/FatFs/src/ff.c.obj
 .text.dir_next
                0x08008364      0x140 CMakeFiles/Tool.elf.dir/Middlewares/Third_Party/FatFs/src/ff.c.obj
 .text.dir_find
                0x080084a4       0xe8 CMakeFiles/Tool.elf.dir/Middlewares/Third_Party/FatFs/src/ff.c.obj
 .text.follow_path
                0x0800858c       0x88 CMakeFiles/Tool.elf.dir/Middlewares/Third_Party/FatFs/src/ff.c.obj
 .text.dir_alloc
                0x08008614       0x54 CMakeFiles/Tool.elf.dir/Middlewares/Third_Party/FatFs/src/ff.c.obj
 .text.dir_register
                0x08008668      0x154 CMakeFiles/Tool.elf.dir/Middlewares/Third_Party/FatFs/src/ff.c.obj
 .text.remove_chain
                0x080087bc       0x74 CMakeFiles/Tool.elf.dir/Middlewares/Third_Party/FatFs/src/ff.c.obj
 .text.f_mount  0x08008830       0x60 CMakeFiles/Tool.elf.dir/Middlewares/Third_Party/FatFs/src/ff.c.obj
                0x08008830                f_mount
 .text.f_open   0x08008890      0x1fe CMakeFiles/Tool.elf.dir/Middlewares/Third_Party/FatFs/src/ff.c.obj
                0x08008890                f_open
 .text.f_read   0x08008a8e      0x1ec CMakeFiles/Tool.elf.dir/Middlewares/Third_Party/FatFs/src/ff.c.obj
                0x08008a8e                f_read
 .text.f_write  0x08008c7a      0x23a CMakeFiles/Tool.elf.dir/Middlewares/Third_Party/FatFs/src/ff.c.obj
                0x08008c7a                f_write
 .text.f_sync   0x08008eb4       0xbe CMakeFiles/Tool.elf.dir/Middlewares/Third_Party/FatFs/src/ff.c.obj
                0x08008eb4                f_sync
 .text.f_close  0x08008f72       0x28 CMakeFiles/Tool.elf.dir/Middlewares/Third_Party/FatFs/src/ff.c.obj
                0x08008f72                f_close
 .text.f_lseek  0x08008f9a      0x310 CMakeFiles/Tool.elf.dir/Middlewares/Third_Party/FatFs/src/ff.c.obj
                0x08008f9a                f_lseek
 *fill*         0x080092aa        0x2 
 .text.FATFS_LinkDriverEx
                0x080092ac       0x54 CMakeFiles/Tool.elf.dir/Middlewares/Third_Party/FatFs/src/ff_gen_drv.c.obj
                0x080092ac                FATFS_LinkDriverEx
 .text.FATFS_LinkDriver
                0x08009300        0xa CMakeFiles/Tool.elf.dir/Middlewares/Third_Party/FatFs/src/ff_gen_drv.c.obj
                0x08009300                FATFS_LinkDriver
 *fill*         0x0800930a        0x2 
 .text.ff_convert
                0x0800930c       0x3c CMakeFiles/Tool.elf.dir/Middlewares/Third_Party/FatFs/src/option/ccsbcs.c.obj
                0x0800930c                ff_convert
 .text.ff_wtoupper
                0x08009348       0x24 CMakeFiles/Tool.elf.dir/Middlewares/Third_Party/FatFs/src/option/ccsbcs.c.obj
                0x08009348                ff_wtoupper
 .text.AT24C02_write
                0x0800936c       0xf4 CMakeFiles/Tool.elf.dir/User/Src/at24c02.c.obj
                0x0800936c                AT24C02_write
 .text.AT24C02_read
                0x08009460       0x2c CMakeFiles/Tool.elf.dir/User/Src/at24c02.c.obj
                0x08009460                AT24C02_read
 .text.AT24C02_write_8bit
                0x0800948c       0x1a CMakeFiles/Tool.elf.dir/User/Src/at24c02.c.obj
                0x0800948c                AT24C02_write_8bit
 .text.AT24C02_write_16bit
                0x080094a6       0x32 CMakeFiles/Tool.elf.dir/User/Src/at24c02.c.obj
                0x080094a6                AT24C02_write_16bit
 .text.AT24C02_read_16bit
                0x080094d8       0x38 CMakeFiles/Tool.elf.dir/User/Src/at24c02.c.obj
                0x080094d8                AT24C02_read_16bit
 .text.AT24C02_read_8bit
                0x08009510       0x10 CMakeFiles/Tool.elf.dir/User/Src/at24c02.c.obj
                0x08009510                AT24C02_read_8bit
 .text.HAL_TIM_PeriodElapsedCallback
                0x08009520       0x3c CMakeFiles/Tool.elf.dir/User/Src/callback.c.obj
                0x08009520                HAL_TIM_PeriodElapsedCallback
 .text.set_lcd_brightness
                0x0800955c        0x8 CMakeFiles/Tool.elf.dir/User/Src/func.c.obj
                0x0800955c                set_lcd_brightness
 .text.gui_init
                0x08009564       0x2c CMakeFiles/Tool.elf.dir/User/Src/gui.c.obj
                0x08009564                gui_init
 .text.spiSendByte
                0x08009590       0x24 CMakeFiles/Tool.elf.dir/User/Src/lcd.c.obj
                0x08009590                spiSendByte
 .text.sendOrder
                0x080095b4       0x24 CMakeFiles/Tool.elf.dir/User/Src/lcd.c.obj
                0x080095b4                sendOrder
 .text.sendByte
                0x080095d8       0x20 CMakeFiles/Tool.elf.dir/User/Src/lcd.c.obj
                0x080095d8                sendByte
 .text.LCD_Init_Command
                0x080095f8      0x22c CMakeFiles/Tool.elf.dir/User/Src/lcd.c.obj
                0x080095f8                LCD_Init_Command
 .text.LCD_Init
                0x08009824       0x5c CMakeFiles/Tool.elf.dir/User/Src/lcd.c.obj
                0x08009824                LCD_Init
 .text.sendShort
                0x08009880       0x2c CMakeFiles/Tool.elf.dir/User/Src/lcd.c.obj
                0x08009880                sendShort
 .text.setCursor
                0x080098ac       0x4e CMakeFiles/Tool.elf.dir/User/Src/lcd.c.obj
                0x080098ac                setCursor
 .text.drawPoint
                0x080098fa       0x14 CMakeFiles/Tool.elf.dir/User/Src/lcd.c.obj
                0x080098fa                drawPoint
 .text.LCD_Fill
                0x0800990e       0x26 CMakeFiles/Tool.elf.dir/User/Src/lcd.c.obj
                0x0800990e                LCD_Fill
 .text.drawAscii
                0x08009934       0x9c CMakeFiles/Tool.elf.dir/User/Src/lcd.c.obj
                0x08009934                drawAscii
 .text.LCD_String
                0x080099d0       0x84 CMakeFiles/Tool.elf.dir/User/Src/lcd.c.obj
                0x080099d0                LCD_String
 .text.delay_us
                0x08009a54       0x24 CMakeFiles/Tool.elf.dir/User/Src/touch.c.obj
                0x08009a54                delay_us
 .text.touch_read_para
                0x08009a78       0x5c CMakeFiles/Tool.elf.dir/User/Src/touch.c.obj
                0x08009a78                touch_read_para
 .text.touch_write_para
                0x08009ad4       0x50 CMakeFiles/Tool.elf.dir/User/Src/touch.c.obj
                0x08009ad4                touch_write_para
 .text.touch_write_byte
                0x08009b24       0x4c CMakeFiles/Tool.elf.dir/User/Src/touch.c.obj
                0x08009b24                touch_write_byte
 .text.touch_read_data
                0x08009b70       0x9c CMakeFiles/Tool.elf.dir/User/Src/touch.c.obj
                0x08009b70                touch_read_data
 .text.touch_read_xy
                0x08009c0c       0x68 CMakeFiles/Tool.elf.dir/User/Src/touch.c.obj
                0x08009c0c                touch_read_xy
 .text.touch_correct
                0x08009c74      0x218 CMakeFiles/Tool.elf.dir/User/Src/touch.c.obj
                0x08009c74                touch_correct
 .text.touch_init
                0x08009e8c       0x32 CMakeFiles/Tool.elf.dir/User/Src/touch.c.obj
                0x08009e8c                touch_init
 *fill*         0x08009ebe        0x2 
 .text.init     0x08009ec0       0x3c CMakeFiles/Tool.elf.dir/User/Src/user.c.obj
                0x08009ec0                init
 .text.main     0x08009efc       0x20 CMakeFiles/Tool.elf.dir/User/Src/user.c.obj
                0x08009efc                main
 .text.disp_flush
                0x08009f1c      0x150 CMakeFiles/Tool.elf.dir/lvgl/porting/lv_port_disp.c.obj
 .text.disp_init
                0x0800a06c        0xe CMakeFiles/Tool.elf.dir/lvgl/porting/lv_port_disp.c.obj
 *fill*         0x0800a07a        0x2 
 .text.lv_port_disp_init
                0x0800a07c       0x4c CMakeFiles/Tool.elf.dir/lvgl/porting/lv_port_disp.c.obj
                0x0800a07c                lv_port_disp_init
 .text.fs_size  0x0800a0c8        0x4 CMakeFiles/Tool.elf.dir/lvgl/porting/lv_port_fs.c.obj
 .text.fs_tell  0x0800a0cc        0x4 CMakeFiles/Tool.elf.dir/lvgl/porting/lv_port_fs.c.obj
 .text.fs_remove
                0x0800a0d0        0x4 CMakeFiles/Tool.elf.dir/lvgl/porting/lv_port_fs.c.obj
 .text.fs_trunc
                0x0800a0d4        0x4 CMakeFiles/Tool.elf.dir/lvgl/porting/lv_port_fs.c.obj
 .text.fs_rename
                0x0800a0d8        0x4 CMakeFiles/Tool.elf.dir/lvgl/porting/lv_port_fs.c.obj
 .text.fs_free  0x0800a0dc        0x4 CMakeFiles/Tool.elf.dir/lvgl/porting/lv_port_fs.c.obj
 .text.fs_dir_open
                0x0800a0e0        0x4 CMakeFiles/Tool.elf.dir/lvgl/porting/lv_port_fs.c.obj
 .text.fs_dir_read
                0x0800a0e4        0x4 CMakeFiles/Tool.elf.dir/lvgl/porting/lv_port_fs.c.obj
 .text.fs_dir_close
                0x0800a0e8        0x4 CMakeFiles/Tool.elf.dir/lvgl/porting/lv_port_fs.c.obj
 .text.fs_seek  0x0800a0ec       0x20 CMakeFiles/Tool.elf.dir/lvgl/porting/lv_port_fs.c.obj
 .text.fs_write
                0x0800a10c       0x24 CMakeFiles/Tool.elf.dir/lvgl/porting/lv_port_fs.c.obj
 .text.fs_read  0x0800a130       0x24 CMakeFiles/Tool.elf.dir/lvgl/porting/lv_port_fs.c.obj
 .text.fs_close
                0x0800a154       0x10 CMakeFiles/Tool.elf.dir/lvgl/porting/lv_port_fs.c.obj
 .text.fs_open  0x0800a164       0x5c CMakeFiles/Tool.elf.dir/lvgl/porting/lv_port_fs.c.obj
 .text.fs_init  0x0800a1c0       0x40 CMakeFiles/Tool.elf.dir/lvgl/porting/lv_port_fs.c.obj
 .text.lv_port_fs_init
                0x0800a200       0xa0 CMakeFiles/Tool.elf.dir/lvgl/porting/lv_port_fs.c.obj
                0x0800a200                lv_port_fs_init
 .text.mouse_is_pressed
                0x0800a2a0        0x4 CMakeFiles/Tool.elf.dir/lvgl/porting/lv_port_indev.c.obj
 .text.mouse_get_xy
                0x0800a2a4        0x8 CMakeFiles/Tool.elf.dir/lvgl/porting/lv_port_indev.c.obj
 .text.mouse_read
                0x0800a2ac       0x20 CMakeFiles/Tool.elf.dir/lvgl/porting/lv_port_indev.c.obj
 .text.keypad_get_key
                0x0800a2cc        0x4 CMakeFiles/Tool.elf.dir/lvgl/porting/lv_port_indev.c.obj
 .text.keypad_read
                0x0800a2d0       0x54 CMakeFiles/Tool.elf.dir/lvgl/porting/lv_port_indev.c.obj
 .text.encoder_read
                0x0800a324        0x8 CMakeFiles/Tool.elf.dir/lvgl/porting/lv_port_indev.c.obj
 .text.button_is_pressed
                0x0800a32c        0x4 CMakeFiles/Tool.elf.dir/lvgl/porting/lv_port_indev.c.obj
 .text.button_get_pressed_id
                0x0800a330       0x20 CMakeFiles/Tool.elf.dir/lvgl/porting/lv_port_indev.c.obj
 .text.button_read
                0x0800a350       0x28 CMakeFiles/Tool.elf.dir/lvgl/porting/lv_port_indev.c.obj
 .text.touchpad_is_pressed
                0x0800a378       0x18 CMakeFiles/Tool.elf.dir/lvgl/porting/lv_port_indev.c.obj
 .text.touchpad_get_xy
                0x0800a390       0x20 CMakeFiles/Tool.elf.dir/lvgl/porting/lv_port_indev.c.obj
 .text.touchpad_read
                0x0800a3b0       0x38 CMakeFiles/Tool.elf.dir/lvgl/porting/lv_port_indev.c.obj
 .text.touchpad_init
                0x0800a3e8        0x8 CMakeFiles/Tool.elf.dir/lvgl/porting/lv_port_indev.c.obj
 .text.lv_port_indev_init
                0x0800a3f0       0xe0 CMakeFiles/Tool.elf.dir/lvgl/porting/lv_port_indev.c.obj
                0x0800a3f0                lv_port_indev_init
 .text.lv_disp_get_scr_act
                0x0800a4d0       0x18 CMakeFiles/Tool.elf.dir/lvgl/src/lv_core/lv_disp.c.obj
                0x0800a4d0                lv_disp_get_scr_act
 .text.lv_disp_get_scr_prev
                0x0800a4e8       0x18 CMakeFiles/Tool.elf.dir/lvgl/src/lv_core/lv_disp.c.obj
                0x0800a4e8                lv_disp_get_scr_prev
 .text.lv_disp_load_scr
                0x0800a500       0x14 CMakeFiles/Tool.elf.dir/lvgl/src/lv_core/lv_disp.c.obj
                0x0800a500                lv_disp_load_scr
 .text.lv_disp_get_layer_top
                0x0800a514       0x18 CMakeFiles/Tool.elf.dir/lvgl/src/lv_core/lv_disp.c.obj
                0x0800a514                lv_disp_get_layer_top
 .text.lv_disp_get_layer_sys
                0x0800a52c       0x18 CMakeFiles/Tool.elf.dir/lvgl/src/lv_core/lv_disp.c.obj
                0x0800a52c                lv_disp_get_layer_sys
 .text.obj_to_foreground
                0x0800a544       0x24 CMakeFiles/Tool.elf.dir/lvgl/src/lv_core/lv_group.c.obj
 .text.focus_next_core
                0x0800a568       0xd4 CMakeFiles/Tool.elf.dir/lvgl/src/lv_core/lv_group.c.obj
 .text._lv_group_init
                0x0800a63c       0x10 CMakeFiles/Tool.elf.dir/lvgl/src/lv_core/lv_group.c.obj
                0x0800a63c                _lv_group_init
 .text.lv_group_focus_next
                0x0800a64c       0x14 CMakeFiles/Tool.elf.dir/lvgl/src/lv_core/lv_group.c.obj
                0x0800a64c                lv_group_focus_next
 .text.lv_group_focus_prev
                0x0800a660       0x14 CMakeFiles/Tool.elf.dir/lvgl/src/lv_core/lv_group.c.obj
                0x0800a660                lv_group_focus_prev
 .text.lv_group_refocus
                0x0800a674       0x2c CMakeFiles/Tool.elf.dir/lvgl/src/lv_core/lv_group.c.obj
 .text.lv_group_add_obj
                0x0800a6a0       0x70 CMakeFiles/Tool.elf.dir/lvgl/src/lv_core/lv_group.c.obj
                0x0800a6a0                lv_group_add_obj
 .text.lv_group_remove_obj
                0x0800a710       0x8c CMakeFiles/Tool.elf.dir/lvgl/src/lv_core/lv_group.c.obj
                0x0800a710                lv_group_remove_obj
 .text.lv_group_get_focused
                0x0800a79c        0xc CMakeFiles/Tool.elf.dir/lvgl/src/lv_core/lv_group.c.obj
                0x0800a79c                lv_group_get_focused
 .text.lv_group_send_data
                0x0800a7a8       0x2e CMakeFiles/Tool.elf.dir/lvgl/src/lv_core/lv_group.c.obj
                0x0800a7a8                lv_group_send_data
 .text.lv_group_set_editing
                0x0800a7d6       0x44 CMakeFiles/Tool.elf.dir/lvgl/src/lv_core/lv_group.c.obj
                0x0800a7d6                lv_group_set_editing
 .text.lv_group_focus_obj
                0x0800a81a       0xa6 CMakeFiles/Tool.elf.dir/lvgl/src/lv_core/lv_group.c.obj
                0x0800a81a                lv_group_focus_obj
 .text.lv_group_get_editing
                0x0800a8c0        0xe CMakeFiles/Tool.elf.dir/lvgl/src/lv_core/lv_group.c.obj
                0x0800a8c0                lv_group_get_editing
 *fill*         0x0800a8ce        0x2 
 .text.indev_proc_reset_query_handler
                0x0800a8d0       0x6c CMakeFiles/Tool.elf.dir/lvgl/src/lv_core/lv_indev.c.obj
 .text.indev_reset_check
                0x0800a93c       0x1c CMakeFiles/Tool.elf.dir/lvgl/src/lv_core/lv_indev.c.obj
 .text.get_dragged_obj
                0x0800a958       0x20 CMakeFiles/Tool.elf.dir/lvgl/src/lv_core/lv_indev.c.obj
 .text.indev_drag_throw
                0x0800a978      0x1ac CMakeFiles/Tool.elf.dir/lvgl/src/lv_core/lv_indev.c.obj
 .text.indev_proc_release
                0x0800ab24      0x190 CMakeFiles/Tool.elf.dir/lvgl/src/lv_core/lv_indev.c.obj
 .text.indev_click_focus
                0x0800acb4      0x168 CMakeFiles/Tool.elf.dir/lvgl/src/lv_core/lv_indev.c.obj
 .text.indev_drag
                0x0800ae1c      0x2ec CMakeFiles/Tool.elf.dir/lvgl/src/lv_core/lv_indev.c.obj
 .text.indev_gesture
                0x0800b108       0xf8 CMakeFiles/Tool.elf.dir/lvgl/src/lv_core/lv_indev.c.obj
 .text.indev_keypad_proc
                0x0800b200      0x300 CMakeFiles/Tool.elf.dir/lvgl/src/lv_core/lv_indev.c.obj
 .text.indev_encoder_proc
                0x0800b500      0x44c CMakeFiles/Tool.elf.dir/lvgl/src/lv_core/lv_indev.c.obj
 .text.lv_indev_get_act
                0x0800b94c        0xc CMakeFiles/Tool.elf.dir/lvgl/src/lv_core/lv_indev.c.obj
                0x0800b94c                lv_indev_get_act
 .text.lv_indev_get_type
                0x0800b958        0xa CMakeFiles/Tool.elf.dir/lvgl/src/lv_core/lv_indev.c.obj
                0x0800b958                lv_indev_get_type
 *fill*         0x0800b962        0x2 
 .text.lv_indev_reset
                0x0800b964       0xa8 CMakeFiles/Tool.elf.dir/lvgl/src/lv_core/lv_indev.c.obj
                0x0800b964                lv_indev_reset
 .text._lv_indev_init
                0x0800ba0c        0xc CMakeFiles/Tool.elf.dir/lvgl/src/lv_core/lv_indev.c.obj
                0x0800ba0c                _lv_indev_init
 .text.lv_indev_set_cursor
                0x0800ba18       0x36 CMakeFiles/Tool.elf.dir/lvgl/src/lv_core/lv_indev.c.obj
                0x0800ba18                lv_indev_set_cursor
 .text.lv_indev_set_button_points
                0x0800ba4e        0xc CMakeFiles/Tool.elf.dir/lvgl/src/lv_core/lv_indev.c.obj
                0x0800ba4e                lv_indev_set_button_points
 .text.lv_indev_get_point
                0x0800ba5a       0x2e CMakeFiles/Tool.elf.dir/lvgl/src/lv_core/lv_indev.c.obj
                0x0800ba5a                lv_indev_get_point
 .text.lv_indev_is_dragging
                0x0800ba88       0x20 CMakeFiles/Tool.elf.dir/lvgl/src/lv_core/lv_indev.c.obj
                0x0800ba88                lv_indev_is_dragging
 .text.lv_indev_get_vect
                0x0800baa8       0x2c CMakeFiles/Tool.elf.dir/lvgl/src/lv_core/lv_indev.c.obj
                0x0800baa8                lv_indev_get_vect
 .text.lv_indev_get_obj_act
                0x0800bad4        0xc CMakeFiles/Tool.elf.dir/lvgl/src/lv_core/lv_indev.c.obj
                0x0800bad4                lv_indev_get_obj_act
 .text.lv_indev_search_obj
                0x0800bae0       0x82 CMakeFiles/Tool.elf.dir/lvgl/src/lv_core/lv_indev.c.obj
                0x0800bae0                lv_indev_search_obj
 *fill*         0x0800bb62        0x2 
 .text.indev_proc_press
                0x0800bb64      0x374 CMakeFiles/Tool.elf.dir/lvgl/src/lv_core/lv_indev.c.obj
 .text.indev_pointer_proc
                0x0800bed8       0x9c CMakeFiles/Tool.elf.dir/lvgl/src/lv_core/lv_indev.c.obj
 .text.indev_button_proc
                0x0800bf74       0x7a CMakeFiles/Tool.elf.dir/lvgl/src/lv_core/lv_indev.c.obj
 *fill*         0x0800bfee        0x2 
 .text._lv_indev_read_task
                0x0800bff0       0xc4 CMakeFiles/Tool.elf.dir/lvgl/src/lv_core/lv_indev.c.obj
                0x0800bff0                _lv_indev_read_task
 .text.lv_event_mark_deleted
                0x0800c0b4       0x1c CMakeFiles/Tool.elf.dir/lvgl/src/lv_core/lv_obj.c.obj
 .text.style_prop_is_cacheble
                0x0800c0d0      0x120 CMakeFiles/Tool.elf.dir/lvgl/src/lv_core/lv_obj.c.obj
 .text.refresh_children_position
                0x0800c1f0       0x4c CMakeFiles/Tool.elf.dir/lvgl/src/lv_core/lv_obj.c.obj
 .text.style_snapshot_compare
                0x0800c23c      0x15c CMakeFiles/Tool.elf.dir/lvgl/src/lv_core/lv_obj.c.obj
 .text.lv_init  0x0800c398       0xa8 CMakeFiles/Tool.elf.dir/lvgl/src/lv_core/lv_obj.c.obj
                0x0800c398                lv_init
 .text.lv_obj_set_ext_click_area
                0x0800c440       0x3c CMakeFiles/Tool.elf.dir/lvgl/src/lv_core/lv_obj.c.obj
                0x0800c440                lv_obj_set_ext_click_area
 .text.lv_obj_set_adv_hittest
                0x0800c47c       0x2c CMakeFiles/Tool.elf.dir/lvgl/src/lv_core/lv_obj.c.obj
                0x0800c47c                lv_obj_set_adv_hittest
 .text.lv_obj_set_click
                0x0800c4a8       0x2c CMakeFiles/Tool.elf.dir/lvgl/src/lv_core/lv_obj.c.obj
                0x0800c4a8                lv_obj_set_click
 .text.lv_obj_set_drag
                0x0800c4d4       0x38 CMakeFiles/Tool.elf.dir/lvgl/src/lv_core/lv_obj.c.obj
                0x0800c4d4                lv_obj_set_drag
 .text.lv_obj_set_drag_throw
                0x0800c50c       0x2c CMakeFiles/Tool.elf.dir/lvgl/src/lv_core/lv_obj.c.obj
                0x0800c50c                lv_obj_set_drag_throw
 .text.lv_obj_set_drag_parent
                0x0800c538       0x2c CMakeFiles/Tool.elf.dir/lvgl/src/lv_core/lv_obj.c.obj
                0x0800c538                lv_obj_set_drag_parent
 .text.lv_obj_add_protect
                0x0800c564       0x28 CMakeFiles/Tool.elf.dir/lvgl/src/lv_core/lv_obj.c.obj
                0x0800c564                lv_obj_add_protect
 .text.lv_obj_clear_protect
                0x0800c58c       0x2c CMakeFiles/Tool.elf.dir/lvgl/src/lv_core/lv_obj.c.obj
                0x0800c58c                lv_obj_clear_protect
 .text.lv_obj_set_event_cb
                0x0800c5b8       0x20 CMakeFiles/Tool.elf.dir/lvgl/src/lv_core/lv_obj.c.obj
                0x0800c5b8                lv_obj_set_event_cb
 .text.lv_event_send_func
                0x0800c5d8       0xb0 CMakeFiles/Tool.elf.dir/lvgl/src/lv_core/lv_obj.c.obj
                0x0800c5d8                lv_event_send_func
 .text.lv_event_send
                0x0800c688       0x34 CMakeFiles/Tool.elf.dir/lvgl/src/lv_core/lv_obj.c.obj
                0x0800c688                lv_event_send
 .text.lv_event_get_data
                0x0800c6bc        0xc CMakeFiles/Tool.elf.dir/lvgl/src/lv_core/lv_obj.c.obj
                0x0800c6bc                lv_event_get_data
 .text.lv_obj_set_signal_cb
                0x0800c6c8       0x20 CMakeFiles/Tool.elf.dir/lvgl/src/lv_core/lv_obj.c.obj
                0x0800c6c8                lv_obj_set_signal_cb
 .text.lv_signal_send
                0x0800c6e8       0x14 CMakeFiles/Tool.elf.dir/lvgl/src/lv_core/lv_obj.c.obj
                0x0800c6e8                lv_signal_send
 .text.lv_obj_set_design_cb
                0x0800c6fc       0x20 CMakeFiles/Tool.elf.dir/lvgl/src/lv_core/lv_obj.c.obj
                0x0800c6fc                lv_obj_set_design_cb
 .text.lv_obj_allocate_ext_attr
                0x0800c71c       0x30 CMakeFiles/Tool.elf.dir/lvgl/src/lv_core/lv_obj.c.obj
                0x0800c71c                lv_obj_allocate_ext_attr
 .text.lv_obj_refresh_ext_draw_pad
                0x0800c74c       0x28 CMakeFiles/Tool.elf.dir/lvgl/src/lv_core/lv_obj.c.obj
                0x0800c74c                lv_obj_refresh_ext_draw_pad
 .text.lv_obj_get_parent
                0x0800c774       0x20 CMakeFiles/Tool.elf.dir/lvgl/src/lv_core/lv_obj.c.obj
                0x0800c774                lv_obj_get_parent
 .text.lv_obj_get_screen
                0x0800c794       0x2c CMakeFiles/Tool.elf.dir/lvgl/src/lv_core/lv_obj.c.obj
                0x0800c794                lv_obj_get_screen
 .text.lv_obj_get_disp
                0x0800c7c0       0x60 CMakeFiles/Tool.elf.dir/lvgl/src/lv_core/lv_obj.c.obj
                0x0800c7c0                lv_obj_get_disp
 .text.lv_obj_get_child
                0x0800c820       0x30 CMakeFiles/Tool.elf.dir/lvgl/src/lv_core/lv_obj.c.obj
                0x0800c820                lv_obj_get_child
 .text.lv_obj_get_coords
                0x0800c850       0x34 CMakeFiles/Tool.elf.dir/lvgl/src/lv_core/lv_obj.c.obj
                0x0800c850                lv_obj_get_coords
 .text.lv_obj_get_x
                0x0800c884       0x34 CMakeFiles/Tool.elf.dir/lvgl/src/lv_core/lv_obj.c.obj
                0x0800c884                lv_obj_get_x
 .text.lv_obj_get_y
                0x0800c8b8       0x34 CMakeFiles/Tool.elf.dir/lvgl/src/lv_core/lv_obj.c.obj
                0x0800c8b8                lv_obj_get_y
 .text.lv_obj_get_width
                0x0800c8ec       0x28 CMakeFiles/Tool.elf.dir/lvgl/src/lv_core/lv_obj.c.obj
                0x0800c8ec                lv_obj_get_width
 .text.lv_obj_get_height
                0x0800c914       0x28 CMakeFiles/Tool.elf.dir/lvgl/src/lv_core/lv_obj.c.obj
                0x0800c914                lv_obj_get_height
 .text.lv_obj_get_auto_realign
                0x0800c93c       0x24 CMakeFiles/Tool.elf.dir/lvgl/src/lv_core/lv_obj.c.obj
                0x0800c93c                lv_obj_get_auto_realign
 .text.lv_obj_get_style_list
                0x0800c960       0x2a CMakeFiles/Tool.elf.dir/lvgl/src/lv_core/lv_obj.c.obj
                0x0800c960                lv_obj_get_style_list
 *fill*         0x0800c98a        0x2 
 .text.trans_del
                0x0800c98c       0x78 CMakeFiles/Tool.elf.dir/lvgl/src/lv_core/lv_obj.c.obj
 .text.lv_obj_clean_style_list
                0x0800ca04       0x1e CMakeFiles/Tool.elf.dir/lvgl/src/lv_core/lv_obj.c.obj
                0x0800ca04                lv_obj_clean_style_list
 .text._lv_obj_disable_style_caching
                0x0800ca22       0x46 CMakeFiles/Tool.elf.dir/lvgl/src/lv_core/lv_obj.c.obj
                0x0800ca22                _lv_obj_disable_style_caching
 .text.trans_anim_ready_cb
                0x0800ca68       0x64 CMakeFiles/Tool.elf.dir/lvgl/src/lv_core/lv_obj.c.obj
 .text.lv_obj_get_hidden
                0x0800cacc       0x24 CMakeFiles/Tool.elf.dir/lvgl/src/lv_core/lv_obj.c.obj
                0x0800cacc                lv_obj_get_hidden
 .text.lv_obj_area_is_visible
                0x0800caf0       0xde CMakeFiles/Tool.elf.dir/lvgl/src/lv_core/lv_obj.c.obj
                0x0800caf0                lv_obj_area_is_visible
 *fill*         0x0800cbce        0x2 
 .text.lv_obj_invalidate_area
                0x0800cbd0       0x50 CMakeFiles/Tool.elf.dir/lvgl/src/lv_core/lv_obj.c.obj
                0x0800cbd0                lv_obj_invalidate_area
 .text.lv_obj_invalidate
                0x0800cc20       0x70 CMakeFiles/Tool.elf.dir/lvgl/src/lv_core/lv_obj.c.obj
                0x0800cc20                lv_obj_invalidate
 .text.lv_obj_move_foreground
                0x0800cc90       0x54 CMakeFiles/Tool.elf.dir/lvgl/src/lv_core/lv_obj.c.obj
                0x0800cc90                lv_obj_move_foreground
 .text.lv_obj_set_pos
                0x0800cce4       0xac CMakeFiles/Tool.elf.dir/lvgl/src/lv_core/lv_obj.c.obj
                0x0800cce4                lv_obj_set_pos
 .text.lv_obj_set_x
                0x0800cd90       0x30 CMakeFiles/Tool.elf.dir/lvgl/src/lv_core/lv_obj.c.obj
                0x0800cd90                lv_obj_set_x
 .text.lv_obj_set_y
                0x0800cdc0       0x30 CMakeFiles/Tool.elf.dir/lvgl/src/lv_core/lv_obj.c.obj
                0x0800cdc0                lv_obj_set_y
 .text.obj_align_core
                0x0800cdf0       0x80 CMakeFiles/Tool.elf.dir/lvgl/src/lv_core/lv_obj.c.obj
 .text.lv_obj_align
                0x0800ce70       0x7c CMakeFiles/Tool.elf.dir/lvgl/src/lv_core/lv_obj.c.obj
                0x0800ce70                lv_obj_align
 .text.obj_align_mid_core
                0x0800ceec      0x2cc CMakeFiles/Tool.elf.dir/lvgl/src/lv_core/lv_obj.c.obj
 .text.lv_obj_align_mid
                0x0800d1b8       0x7c CMakeFiles/Tool.elf.dir/lvgl/src/lv_core/lv_obj.c.obj
                0x0800d1b8                lv_obj_align_mid
 .text.lv_obj_realign
                0x0800d234       0x58 CMakeFiles/Tool.elf.dir/lvgl/src/lv_core/lv_obj.c.obj
                0x0800d234                lv_obj_realign
 .text.refresh_children_style
                0x0800d28c       0x3a CMakeFiles/Tool.elf.dir/lvgl/src/lv_core/lv_obj.c.obj
 *fill*         0x0800d2c6        0x2 
 .text.lv_obj_get_click
                0x0800d2c8       0x24 CMakeFiles/Tool.elf.dir/lvgl/src/lv_core/lv_obj.c.obj
                0x0800d2c8                lv_obj_get_click
 .text.lv_obj_get_drag
                0x0800d2ec       0x24 CMakeFiles/Tool.elf.dir/lvgl/src/lv_core/lv_obj.c.obj
                0x0800d2ec                lv_obj_get_drag
 .text.lv_obj_get_drag_dir
                0x0800d310       0x24 CMakeFiles/Tool.elf.dir/lvgl/src/lv_core/lv_obj.c.obj
                0x0800d310                lv_obj_get_drag_dir
 .text.lv_obj_get_drag_throw
                0x0800d334       0x24 CMakeFiles/Tool.elf.dir/lvgl/src/lv_core/lv_obj.c.obj
                0x0800d334                lv_obj_get_drag_throw
 .text.lv_obj_get_drag_parent
                0x0800d358        0xa CMakeFiles/Tool.elf.dir/lvgl/src/lv_core/lv_obj.c.obj
                0x0800d358                lv_obj_get_drag_parent
 .text.lv_obj_get_gesture_parent
                0x0800d362        0xa CMakeFiles/Tool.elf.dir/lvgl/src/lv_core/lv_obj.c.obj
                0x0800d362                lv_obj_get_gesture_parent
 .text.lv_obj_get_focus_parent
                0x0800d36c        0xa CMakeFiles/Tool.elf.dir/lvgl/src/lv_core/lv_obj.c.obj
                0x0800d36c                lv_obj_get_focus_parent
 *fill*         0x0800d376        0x2 
 .text.lv_obj_get_base_dir
                0x0800d378       0x20 CMakeFiles/Tool.elf.dir/lvgl/src/lv_core/lv_obj.c.obj
                0x0800d378                lv_obj_get_base_dir
 .text.lv_obj_create
                0x0800d398      0x418 CMakeFiles/Tool.elf.dir/lvgl/src/lv_core/lv_obj.c.obj
                0x0800d398                lv_obj_create
 .text.lv_obj_set_parent
                0x0800d7b0       0xe0 CMakeFiles/Tool.elf.dir/lvgl/src/lv_core/lv_obj.c.obj
                0x0800d7b0                lv_obj_set_parent
 .text.lv_obj_set_size
                0x0800d890       0xc8 CMakeFiles/Tool.elf.dir/lvgl/src/lv_core/lv_obj.c.obj
                0x0800d890                lv_obj_set_size
 .text.lv_obj_set_width
                0x0800d958       0x30 CMakeFiles/Tool.elf.dir/lvgl/src/lv_core/lv_obj.c.obj
                0x0800d958                lv_obj_set_width
 .text.lv_obj_set_height
                0x0800d988       0x30 CMakeFiles/Tool.elf.dir/lvgl/src/lv_core/lv_obj.c.obj
                0x0800d988                lv_obj_set_height
 .text.lv_obj_is_protected
                0x0800d9b8       0x2c CMakeFiles/Tool.elf.dir/lvgl/src/lv_core/lv_obj.c.obj
                0x0800d9b8                lv_obj_is_protected
 .text.lv_obj_get_state
                0x0800d9e4       0x44 CMakeFiles/Tool.elf.dir/lvgl/src/lv_core/lv_obj.c.obj
                0x0800d9e4                lv_obj_get_state
 .text._lv_obj_get_style_color
                0x0800da28       0x78 CMakeFiles/Tool.elf.dir/lvgl/src/lv_core/lv_obj.c.obj
                0x0800da28                _lv_obj_get_style_color
 .text._lv_obj_get_style_int
                0x0800daa0      0x3ec CMakeFiles/Tool.elf.dir/lvgl/src/lv_core/lv_obj.c.obj
                0x0800daa0                _lv_obj_get_style_int
 .text.lv_obj_get_width_fit
                0x0800de8c       0x44 CMakeFiles/Tool.elf.dir/lvgl/src/lv_core/lv_obj.c.obj
                0x0800de8c                lv_obj_get_width_fit
 .text.update_style_cache
                0x0800ded0      0x378 CMakeFiles/Tool.elf.dir/lvgl/src/lv_core/lv_obj.c.obj
 .text._lv_obj_get_style_opa
                0x0800e248       0xea CMakeFiles/Tool.elf.dir/lvgl/src/lv_core/lv_obj.c.obj
                0x0800e248                _lv_obj_get_style_opa
 *fill*         0x0800e332        0x2 
 .text._lv_obj_get_style_ptr
                0x0800e334       0xdc CMakeFiles/Tool.elf.dir/lvgl/src/lv_core/lv_obj.c.obj
                0x0800e334                _lv_obj_get_style_ptr
 .text.update_style_cache_children
                0x0800e410      0x100 CMakeFiles/Tool.elf.dir/lvgl/src/lv_core/lv_obj.c.obj
 .text.invalidate_style_cache
                0x0800e510       0x68 CMakeFiles/Tool.elf.dir/lvgl/src/lv_core/lv_obj.c.obj
 .text.lv_obj_refresh_style
                0x0800e578      0x134 CMakeFiles/Tool.elf.dir/lvgl/src/lv_core/lv_obj.c.obj
                0x0800e578                lv_obj_refresh_style
 .text.lv_obj_add_style
                0x0800e6ac       0x30 CMakeFiles/Tool.elf.dir/lvgl/src/lv_core/lv_obj.c.obj
                0x0800e6ac                lv_obj_add_style
 .text.lv_obj_reset_style_list
                0x0800e6dc       0x16 CMakeFiles/Tool.elf.dir/lvgl/src/lv_core/lv_obj.c.obj
                0x0800e6dc                lv_obj_reset_style_list
 .text._lv_obj_set_style_local_int
                0x0800e6f2       0x30 CMakeFiles/Tool.elf.dir/lvgl/src/lv_core/lv_obj.c.obj
                0x0800e6f2                _lv_obj_set_style_local_int
 .text._lv_obj_set_style_local_color
                0x0800e722       0x30 CMakeFiles/Tool.elf.dir/lvgl/src/lv_core/lv_obj.c.obj
                0x0800e722                _lv_obj_set_style_local_color
 .text._lv_obj_set_style_local_opa
                0x0800e752       0x30 CMakeFiles/Tool.elf.dir/lvgl/src/lv_core/lv_obj.c.obj
                0x0800e752                _lv_obj_set_style_local_opa
 .text.report_style_mod_core
                0x0800e782       0x9a CMakeFiles/Tool.elf.dir/lvgl/src/lv_core/lv_obj.c.obj
 .text.lv_obj_report_style_mod
                0x0800e81c       0x3e CMakeFiles/Tool.elf.dir/lvgl/src/lv_core/lv_obj.c.obj
                0x0800e81c                lv_obj_report_style_mod
 .text.trans_anim_cb
                0x0800e85a      0x122 CMakeFiles/Tool.elf.dir/lvgl/src/lv_core/lv_obj.c.obj
 .text.trans_anim_start_cb
                0x0800e97c       0x60 CMakeFiles/Tool.elf.dir/lvgl/src/lv_core/lv_obj.c.obj
 .text.trans_create
                0x0800e9dc      0x304 CMakeFiles/Tool.elf.dir/lvgl/src/lv_core/lv_obj.c.obj
 .text.lv_obj_get_signal_cb
                0x0800ece0       0x20 CMakeFiles/Tool.elf.dir/lvgl/src/lv_core/lv_obj.c.obj
                0x0800ece0                lv_obj_get_signal_cb
 .text.lv_obj_get_design_cb