Archive member included to satisfy reference by file (symbol)

d:/program files/stmicr~1/stm32c~1/gnu-to~1/bin/../lib/gcc/arm-none-eabi/10.3.1/thumb/v7-m/nofp\libgcc.a(_arm_mulsf3.o)
                              CMakeFiles/Tool.elf.dir/User/Src/touch.c.obj (__aeabi_fmul)
d:/program files/stmicr~1/stm32c~1/gnu-to~1/bin/../lib/gcc/arm-none-eabi/10.3.1/thumb/v7-m/nofp\libgcc.a(_arm_addsubdf3.o)
                              CMakeFiles/Tool.elf.dir/User/Src/touch.c.obj (__aeabi_dsub)
d:/program files/stmicr~1/stm32c~1/gnu-to~1/bin/../lib/gcc/arm-none-eabi/10.3.1/thumb/v7-m/nofp\libgcc.a(_arm_muldivdf3.o)
                              CMakeFiles/Tool.elf.dir/User/Src/touch.c.obj (__aeabi_ddiv)
d:/program files/stmicr~1/stm32c~1/gnu-to~1/bin/../lib/gcc/arm-none-eabi/10.3.1/thumb/v7-m/nofp\libgcc.a(_arm_fixdfsi.o)
                              CMakeFiles/Tool.elf.dir/User/Src/touch.c.obj (__aeabi_d2iz)
d:/program files/stmicr~1/stm32c~1/gnu-to~1/bin/../lib/gcc/arm-none-eabi/10.3.1/thumb/v7-m/nofp\libgcc.a(_arm_addsubsf3.o)
                              CMakeFiles/Tool.elf.dir/User/Src/touch.c.obj (__aeabi_ui2f)
d:/program files/stmicr~1/stm32c~1/gnu-to~1/bin/../lib/gcc/arm-none-eabi/10.3.1/thumb/v7-m/nofp\libgcc.a(_arm_muldivsf3.o)
                              CMakeFiles/Tool.elf.dir/User/Src/touch.c.obj (__aeabi_fdiv)
d:/program files/stmicr~1/stm32c~1/gnu-to~1/bin/../lib/gcc/arm-none-eabi/10.3.1/thumb/v7-m/nofp\libgcc.a(_arm_cmpsf2.o)
                              CMakeFiles/Tool.elf.dir/User/Src/touch.c.obj (__aeabi_fcmpgt)
d:/program files/stmicr~1/stm32c~1/gnu-to~1/bin/../lib/gcc/arm-none-eabi/10.3.1/thumb/v7-m/nofp\libgcc.a(_arm_fixunssfsi.o)
                              CMakeFiles/Tool.elf.dir/User/Src/touch.c.obj (__aeabi_f2uiz)
d:/program files/stmicr~1/stm32c~1/gnu-to~1/bin/../lib/gcc/arm-none-eabi/10.3.1/thumb/v7-m/nofp\libgcc.a(_aeabi_uldivmod.o)
                              CMakeFiles/Tool.elf.dir/LVGL/src/lv_misc/lv_printf.c.obj (__aeabi_uldivmod)
d:/program files/stmicr~1/stm32c~1/gnu-to~1/bin/../lib/gcc/arm-none-eabi/10.3.1/thumb/v7-m/nofp\libgcc.a(_udivmoddi4.o)
                              d:/program files/stmicr~1/stm32c~1/gnu-to~1/bin/../lib/gcc/arm-none-eabi/10.3.1/thumb/v7-m/nofp\libgcc.a(_aeabi_uldivmod.o) (__udivmoddi4)
d:/program files/stmicr~1/stm32c~1/gnu-to~1/bin/../lib/gcc/arm-none-eabi/10.3.1/thumb/v7-m/nofp\libgcc.a(_dvmd_tls.o)
                              d:/program files/stmicr~1/stm32c~1/gnu-to~1/bin/../lib/gcc/arm-none-eabi/10.3.1/thumb/v7-m/nofp\libgcc.a(_aeabi_uldivmod.o) (__aeabi_ldiv0)
d:/program files/stmicr~1/stm32c~1/gnu-to~1/bin/../lib/gcc/arm-none-eabi/10.3.1/../../../../arm-none-eabi/lib/thumb/v7-m/nofp\libg.a(lib_a-errno.o)
                              CMakeFiles/Tool.elf.dir/Core/Src/syscalls.c.obj (__errno)
d:/program files/stmicr~1/stm32c~1/gnu-to~1/bin/../lib/gcc/arm-none-eabi/10.3.1/../../../../arm-none-eabi/lib/thumb/v7-m/nofp\libg.a(lib_a-exit.o)
                              d:/program files/stmicr~1/stm32c~1/gnu-to~1/bin/../lib/gcc/arm-none-eabi/10.3.1/../../../../arm-none-eabi/lib/thumb/v7-m/nofp/crt0.o (exit)
d:/program files/stmicr~1/stm32c~1/gnu-to~1/bin/../lib/gcc/arm-none-eabi/10.3.1/../../../../arm-none-eabi/lib/thumb/v7-m/nofp\libg.a(lib_a-impure.o)
                              d:/program files/stmicr~1/stm32c~1/gnu-to~1/bin/../lib/gcc/arm-none-eabi/10.3.1/../../../../arm-none-eabi/lib/thumb/v7-m/nofp\libg.a(lib_a-exit.o) (_global_impure_ptr)
d:/program files/stmicr~1/stm32c~1/gnu-to~1/bin/../lib/gcc/arm-none-eabi/10.3.1/../../../../arm-none-eabi/lib/thumb/v7-m/nofp\libg.a(lib_a-init.o)
                              d:/program files/stmicr~1/stm32c~1/gnu-to~1/bin/../lib/gcc/arm-none-eabi/10.3.1/../../../../arm-none-eabi/lib/thumb/v7-m/nofp/crt0.o (__libc_init_array)
d:/program files/stmicr~1/stm32c~1/gnu-to~1/bin/../lib/gcc/arm-none-eabi/10.3.1/../../../../arm-none-eabi/lib/thumb/v7-m/nofp\libg.a(lib_a-malloc.o)
                              CMakeFiles/Tool.elf.dir/Middlewares/Third_Party/FatFs/src/option/syscall.c.obj (malloc)
d:/program files/stmicr~1/stm32c~1/gnu-to~1/bin/../lib/gcc/arm-none-eabi/10.3.1/../../../../arm-none-eabi/lib/thumb/v7-m/nofp\libg.a(lib_a-mallocr.o)
                              d:/program files/stmicr~1/stm32c~1/gnu-to~1/bin/../lib/gcc/arm-none-eabi/10.3.1/../../../../arm-none-eabi/lib/thumb/v7-m/nofp\libg.a(lib_a-malloc.o) (_malloc_r)
d:/program files/stmicr~1/stm32c~1/gnu-to~1/bin/../lib/gcc/arm-none-eabi/10.3.1/../../../../arm-none-eabi/lib/thumb/v7-m/nofp\libg.a(lib_a-memcmp.o)
                              CMakeFiles/Tool.elf.dir/LVGL/src/lv_core/lv_obj.c.obj (memcmp)
d:/program files/stmicr~1/stm32c~1/gnu-to~1/bin/../lib/gcc/arm-none-eabi/10.3.1/../../../../arm-none-eabi/lib/thumb/v7-m/nofp\libg.a(lib_a-memcpy.o)
                              CMakeFiles/Tool.elf.dir/LVGL/src/lv_widgets/lv_chart.c.obj (memcpy)
[...]
Memory Configuration

Name             Origin             Length             Attributes
RAM              0x20000000         0x0000c000         xrw
FLASH            0x08000000         0x00040000         xr
*default*        0x00000000         0xffffffff

Linker script and memory map

LOAD d:/program files/stmicr~1/stm32c~1/gnu-to~1/bin/../lib/gcc/arm-none-eabi/10.3.1/thumb/v7-m/nofp/crti.o
LOAD d:/program files/stmicr~1/stm32c~1/gnu-to~1/bin/../lib/gcc/arm-none-eabi/10.3.1/thumb/v7-m/nofp/crtbegin.o
LOAD d:/program files/stmicr~1/stm32c~1/gnu-to~1/bin/../lib/gcc/arm-none-eabi/10.3.1/../../../../arm-none-eabi/lib/thumb/v7-m/nofp/crt0.o
LOAD CMakeFiles/Tool.elf.dir/Core/Src/gpio.c.obj
LOAD CMakeFiles/Tool.elf.dir/Core/Src/i2c.c.obj
LOAD CMakeFiles/Tool.elf.dir/Core/Src/main.c.obj
LOAD CMakeFiles/Tool.elf.dir/Core/Src/sdio.c.obj
LOAD CMakeFiles/Tool.elf.dir/Core/Src/spi.c.obj
LOAD CMakeFiles/Tool.elf.dir/Core/Src/stm32f1xx_hal_msp.c.obj
LOAD CMakeFiles/Tool.elf.dir/Core/Src/stm32f1xx_it.c.obj
LOAD CMakeFiles/Tool.elf.dir/Core/Src/syscalls.c.obj
LOAD CMakeFiles/Tool.elf.dir/Core/Src/sysmem.c.obj
LOAD CMakeFiles/Tool.elf.dir/Core/Src/system_stm32f1xx.c.obj
LOAD CMakeFiles/Tool.elf.dir/Core/Src/tim.c.obj
LOAD CMakeFiles/Tool.elf.dir/Core/Startup/startup_stm32f103vctx.s.obj
LOAD CMakeFiles/Tool.elf.dir/Drivers/STM32F1xx_HAL_Driver/Src/stm32f1xx_hal.c.obj
LOAD CMakeFiles/Tool.elf.dir/Drivers/STM32F1xx_HAL_Driver/Src/stm32f1xx_hal_cortex.c.obj
LOAD CMakeFiles/Tool.elf.dir/Drivers/STM32F1xx_HAL_Driver/Src/stm32f1xx_hal_dma.c.obj
LOAD CMakeFiles/Tool.elf.dir/Drivers/STM32F1xx_HAL_Driver/Src/stm32f1xx_hal_exti.c.obj
LOAD CMakeFiles/Tool.elf.dir/Drivers/STM32F1xx_HAL_Driver/Src/stm32f1xx_hal_flash.c.obj
LOAD CMakeFiles/Tool.elf.dir/Drivers/STM32F1xx_HAL_Driver/Src/stm32f1xx_hal_flash_ex.c.obj
LOAD CMakeFiles/Tool.elf.dir/Drivers/STM32F1xx_HAL_Driver/Src/stm32f1xx_hal_gpio.c.obj
LOAD CMakeFiles/Tool.elf.dir/Drivers/STM32F1xx_HAL_Driver/Src/stm32f1xx_hal_gpio_ex.c.obj
LOAD CMakeFiles/Tool.elf.dir/Drivers/STM32F1xx_HAL_Driver/Src/stm32f1xx_hal_i2c.c.obj
LOAD CMakeFiles/Tool.elf.dir/Drivers/STM32F1xx_HAL_Driver/Src/stm32f1xx_hal_pwr.c.obj
LOAD CMakeFiles/Tool.elf.dir/Drivers/STM32F1xx_HAL_Driver/Src/stm32f1xx_hal_rcc.c.obj
LOAD CMakeFiles/Tool.elf.dir/Drivers/STM32F1xx_HAL_Driver/Src/stm32f1xx_hal_rcc_ex.c.obj
LOAD CMakeFiles/Tool.elf.dir/Drivers/STM32F1xx_HAL_Driver/Src/stm32f1xx_hal_sd.c.obj
LOAD CMakeFiles/Tool.elf.dir/Drivers/STM32F1xx_HAL_Driver/Src/stm32f1xx_hal_spi.c.obj
LOAD CMakeFiles/Tool.elf.dir/Drivers/STM32F1xx_HAL_Driver/Src/stm32f1xx_hal_tim.c.obj
LOAD CMakeFiles/Tool.elf.dir/Drivers/STM32F1xx_HAL_Driver/Src/stm32f1xx_hal_tim_ex.c.obj
LOAD CMakeFiles/Tool.elf.dir/Drivers/STM32F1xx_HAL_Driver/Src/stm32f1xx_ll_sdmmc.c.obj
LOAD CMakeFiles/Tool.elf.dir/FATFS/App/fatfs.c.obj
LOAD CMakeFiles/Tool.elf.dir/FATFS/Target/bsp_driver_sd.c.obj
LOAD CMakeFiles/Tool.elf.dir/LVGL/porting/lv_port_disp.c.obj
LOAD CMakeFiles/Tool.elf.dir/LVGL/porting/lv_port_fs.c.obj
LOAD CMakeFiles/Tool.elf.dir/LVGL/src/lv_core/lv_disp.c.obj
LOAD CMakeFiles/Tool.elf.dir/LVGL/src/lv_core/lv_group.c.obj
LOAD CMakeFiles/Tool.elf.dir/LVGL/src/lv_core/lv_indev.c.obj
LOAD CMakeFiles/Tool.elf.dir/LVGL/src/lv_core/lv_obj.c.obj
LOAD CMakeFiles/Tool.elf.dir/LVGL/src/lv_core/lv_refr.c.obj
LOAD CMakeFiles/Tool.elf.dir/LVGL/src/lv_core/lv_style.c.obj
LOAD CMakeFiles/Tool.elf.dir/LVGL/src/lv_draw/lv_draw_arc.c.obj
LOAD CMakeFiles/Tool.elf.dir/LVGL/src/lv_draw/lv_draw_blend.c.obj
LOAD CMakeFiles/Tool.elf.dir/LVGL/src/lv_draw/lv_draw_img.c.obj
LOAD CMakeFiles/Tool.elf.dir/LVGL/src/lv_draw/lv_draw_label.c.obj
LOAD CMakeFiles/Tool.elf.dir/LVGL/src/lv_draw/lv_draw_line.c.obj
LOAD CMakeFiles/Tool.elf.dir/LVGL/src/lv_draw/lv_draw_mask.c.obj
LOAD CMakeFiles/Tool.elf.dir/LVGL/src/lv_draw/lv_draw_rect.c.obj
LOAD CMakeFiles/Tool.elf.dir/LVGL/src/lv_draw/lv_draw_triangle.c.obj
LOAD CMakeFiles/Tool.elf.dir/LVGL/src/lv_draw/lv_img_buf.c.obj
LOAD CMakeFiles/Tool.elf.dir/LVGL/src/lv_draw/lv_img_cache.c.obj
LOAD CMakeFiles/Tool.elf.dir/LVGL/src/lv_draw/lv_img_decoder.c.obj
LOAD CMakeFiles/Tool.elf.dir/LVGL/src/lv_font/lv_font.c.obj
LOAD CMakeFiles/Tool.elf.dir/LVGL/src/lv_font/lv_font_dejavu_16_persian_hebrew.c.obj
LOAD CMakeFiles/Tool.elf.dir/LVGL/src/lv_font/lv_font_fmt_txt.c.obj
LOAD CMakeFiles/Tool.elf.dir/LVGL/src/lv_font/lv_font_loader.c.obj
LOAD CMakeFiles/Tool.elf.dir/LVGL/src/lv_font/lv_font_montserrat_10.c.obj
LOAD CMakeFiles/Tool.elf.dir/LVGL/src/lv_font/lv_font_montserrat_12.c.obj
LOAD CMakeFiles/Tool.elf.dir/LVGL/src/lv_font/lv_font_montserrat_12_subpx.c.obj
LOAD CMakeFiles/Tool.elf.dir/LVGL/src/lv_font/lv_font_montserrat_14.c.obj
LOAD CMakeFiles/Tool.elf.dir/LVGL/src/lv_font/lv_font_montserrat_16.c.obj
LOAD CMakeFiles/Tool.elf.dir/LVGL/src/lv_font/lv_font_montserrat_18.c.obj
LOAD CMakeFiles/Tool.elf.dir/LVGL/src/lv_font/lv_font_montserrat_20.c.obj
LOAD CMakeFiles/Tool.elf.dir/LVGL/src/lv_font/lv_font_montserrat_22.c.obj
LOAD CMakeFiles/Tool.elf.dir/LVGL/src/lv_font/lv_font_montserrat_24.c.obj
LOAD CMakeFiles/Tool.elf.dir/LVGL/src/lv_font/lv_font_montserrat_26.c.obj
LOAD CMakeFiles/Tool.elf.dir/LVGL/src/lv_font/lv_font_montserrat_28.c.obj
LOAD CMakeFiles/Tool.elf.dir/LVGL/src/lv_font/lv_font_montserrat_28_compressed.c.obj
LOAD CMakeFiles/Tool.elf.dir/LVGL/src/lv_font/lv_font_montserrat_30.c.obj
LOAD CMakeFiles/Tool.elf.dir/LVGL/src/lv_font/lv_font_montserrat_32.c.obj
LOAD CMakeFiles/Tool.elf.dir/LVGL/src/lv_font/lv_font_montserrat_34.c.obj
LOAD CMakeFiles/Tool.elf.dir/LVGL/src/lv_font/lv_font_montserrat_36.c.obj
LOAD CMakeFiles/Tool.elf.dir/LVGL/src/lv_font/lv_font_montserrat_38.c.obj
LOAD CMakeFiles/Tool.elf.dir/LVGL/src/lv_font/lv_font_montserrat_40.c.obj
LOAD CMakeFiles/Tool.elf.dir/LVGL/src/lv_font/lv_font_montserrat_42.c.obj
LOAD CMakeFiles/Tool.elf.dir/LVGL/src/lv_font/lv_font_montserrat_44.c.obj
LOAD CMakeFiles/Tool.elf.dir/LVGL/src/lv_font/lv_font_montserrat_46.c.obj
LOAD CMakeFiles/Tool.elf.dir/LVGL/src/lv_font/lv_font_montserrat_48.c.obj
LOAD CMakeFiles/Tool.elf.dir/LVGL/src/lv_font/lv_font_montserrat_8.c.obj
LOAD CMakeFiles/Tool.elf.dir/LVGL/src/lv_font/lv_font_simsun_16_cjk.c.obj
LOAD CMakeFiles/Tool.elf.dir/LVGL/src/lv_font/lv_font_unscii_16.c.obj
LOAD CMakeFiles/Tool.elf.dir/LVGL/src/lv_font/lv_font_unscii_8.c.obj
LOAD CMakeFiles/Tool.elf.dir/LVGL/src/lv_gpu/lv_gpu_nxp_pxp.c.obj
LOAD CMakeFiles/Tool.elf.dir/LVGL/src/lv_gpu/lv_gpu_nxp_pxp_osa.c.obj
LOAD CMakeFiles/Tool.elf.dir/LVGL/src/lv_gpu/lv_gpu_nxp_vglite.c.obj
LOAD CMakeFiles/Tool.elf.dir/LVGL/src/lv_gpu/lv_gpu_stm32_dma2d.c.obj
LOAD CMakeFiles/Tool.elf.dir/LVGL/src/lv_hal/lv_hal_disp.c.obj
LOAD CMakeFiles/Tool.elf.dir/LVGL/src/lv_hal/lv_hal_indev.c.obj
LOAD CMakeFiles/Tool.elf.dir/LVGL/src/lv_hal/lv_hal_tick.c.obj
LOAD CMakeFiles/Tool.elf.dir/LVGL/src/lv_misc/lv_anim.c.obj
LOAD CMakeFiles/Tool.elf.dir/LVGL/src/lv_misc/lv_area.c.obj
LOAD CMakeFiles/Tool.elf.dir/LVGL/src/lv_misc/lv_async.c.obj
LOAD CMakeFiles/Tool.elf.dir/LVGL/src/lv_misc/lv_bidi.c.obj
LOAD CMakeFiles/Tool.elf.dir/LVGL/src/lv_misc/lv_color.c.obj
LOAD CMakeFiles/Tool.elf.dir/LVGL/src/lv_misc/lv_debug.c.obj
LOAD CMakeFiles/Tool.elf.dir/LVGL/src/lv_misc/lv_fs.c.obj
LOAD CMakeFiles/Tool.elf.dir/LVGL/src/lv_misc/lv_gc.c.obj
LOAD CMakeFiles/Tool.elf.dir/LVGL/src/lv_misc/lv_ll.c.obj
LOAD CMakeFiles/Tool.elf.dir/LVGL/src/lv_misc/lv_log.c.obj
LOAD CMakeFiles/Tool.elf.dir/LVGL/src/lv_misc/lv_math.c.obj
LOAD CMakeFiles/Tool.elf.dir/LVGL/src/lv_misc/lv_mem.c.obj
LOAD CMakeFiles/Tool.elf.dir/LVGL/src/lv_misc/lv_printf.c.obj
LOAD CMakeFiles/Tool.elf.dir/LVGL/src/lv_misc/lv_task.c.obj
LOAD CMakeFiles/Tool.elf.dir/LVGL/src/lv_misc/lv_templ.c.obj
LOAD CMakeFiles/Tool.elf.dir/LVGL/src/lv_misc/lv_txt.c.obj
LOAD CMakeFiles/Tool.elf.dir/LVGL/src/lv_misc/lv_txt_ap.c.obj
LOAD CMakeFiles/Tool.elf.dir/LVGL/src/lv_misc/lv_utils.c.obj
LOAD CMakeFiles/Tool.elf.dir/LVGL/src/lv_themes/lv_theme.c.obj
LOAD CMakeFiles/Tool.elf.dir/LVGL/src/lv_themes/lv_theme_empty.c.obj
LOAD CMakeFiles/Tool.elf.dir/LVGL/src/lv_themes/lv_theme_material.c.obj
LOAD CMakeFiles/Tool.elf.dir/LVGL/src/lv_themes/lv_theme_mono.c.obj
LOAD CMakeFiles/Tool.elf.dir/LVGL/src/lv_themes/lv_theme_template.c.obj
LOAD CMakeFiles/Tool.elf.dir/LVGL/src/lv_widgets/lv_arc.c.obj
LOAD CMakeFiles/Tool.elf.dir/LVGL/src/lv_widgets/lv_bar.c.obj
LOAD CMakeFiles/Tool.elf.dir/LVGL/src/lv_widgets/lv_btn.c.obj
LOAD CMakeFiles/Tool.elf.dir/LVGL/src/lv_widgets/lv_btnmatrix.c.obj
LOAD CMakeFiles/Tool.elf.dir/LVGL/src/lv_widgets/lv_calendar.c.obj
LOAD CMakeFiles/Tool.elf.dir/LVGL/src/lv_widgets/lv_canvas.c.obj
LOAD CMakeFiles/Tool.elf.dir/LVGL/src/lv_widgets/lv_chart.c.obj
LOAD CMakeFiles/Tool.elf.dir/LVGL/src/lv_widgets/lv_checkbox.c.obj
LOAD CMakeFiles/Tool.elf.dir/LVGL/src/lv_widgets/lv_cont.c.obj
LOAD CMakeFiles/Tool.elf.dir/LVGL/src/lv_widgets/lv_cpicker.c.obj
LOAD CMakeFiles/Tool.elf.dir/LVGL/src/lv_widgets/lv_dropdown.c.obj
LOAD CMakeFiles/Tool.elf.dir/LVGL/src/lv_widgets/lv_gauge.c.obj
LOAD CMakeFiles/Tool.elf.dir/LVGL/src/lv_widgets/lv_img.c.obj
LOAD CMakeFiles/Tool.elf.dir/LVGL/src/lv_widgets/lv_imgbtn.c.obj
LOAD CMakeFiles/Tool.elf.dir/LVGL/src/lv_widgets/lv_keyboard.c.obj
LOAD CMakeFiles/Tool.elf.dir/LVGL/src/lv_widgets/lv_label.c.obj
LOAD CMakeFiles/Tool.elf.dir/LVGL/src/lv_widgets/lv_led.c.obj
LOAD CMakeFiles/Tool.elf.dir/LVGL/src/lv_widgets/lv_line.c.obj
LOAD CMakeFiles/Tool.elf.dir/LVGL/src/lv_widgets/lv_linemeter.c.obj
LOAD CMakeFiles/Tool.elf.dir/LVGL/src/lv_widgets/lv_list.c.obj
LOAD CMakeFiles/Tool.elf.dir/LVGL/src/lv_widgets/lv_msgbox.c.obj
LOAD CMakeFiles/Tool.elf.dir/LVGL/src/lv_widgets/lv_objmask.c.obj
LOAD CMakeFiles/Tool.elf.dir/LVGL/src/lv_widgets/lv_objx_templ.c.obj
LOAD CMakeFiles/Tool.elf.dir/LVGL/src/lv_widgets/lv_page.c.obj
LOAD CMakeFiles/Tool.elf.dir/LVGL/src/lv_widgets/lv_roller.c.obj
LOAD CMakeFiles/Tool.elf.dir/LVGL/src/lv_widgets/lv_slider.c.obj
LOAD CMakeFiles/Tool.elf.dir/LVGL/src/lv_widgets/lv_spinbox.c.obj
LOAD CMakeFiles/Tool.elf.dir/LVGL/src/lv_widgets/lv_spinner.c.obj
LOAD CMakeFiles/Tool.elf.dir/LVGL/src/lv_widgets/lv_switch.c.obj
LOAD CMakeFiles/Tool.elf.dir/LVGL/src/lv_widgets/lv_table.c.obj
LOAD CMakeFiles/Tool.elf.dir/LVGL/src/lv_widgets/lv_tabview.c.obj
LOAD CMakeFiles/Tool.elf.dir/LVGL/src/lv_widgets/lv_textarea.c.obj
LOAD CMakeFiles/Tool.elf.dir/LVGL/src/lv_widgets/lv_tileview.c.obj
LOAD CMakeFiles/Tool.elf.dir/LVGL/src/lv_widgets/lv_win.c.obj
LOAD CMakeFiles/Tool.elf.dir/Middlewares/Third_Party/FatFs/src/diskio.c.obj
LOAD CMakeFiles/Tool.elf.dir/Middlewares/Third_Party/FatFs/src/drivers/sd_diskio.c.obj
LOAD CMakeFiles/Tool.elf.dir/Middlewares/Third_Party/FatFs/src/ff.c.obj
LOAD CMakeFiles/Tool.elf.dir/Middlewares/Third_Party/FatFs/src/ff_gen_drv.c.obj
LOAD CMakeFiles/Tool.elf.dir/Middlewares/Third_Party/FatFs/src/option/ccsbcs.c.obj
LOAD CMakeFiles/Tool.elf.dir/Middlewares/Third_Party/FatFs/src/option/syscall.c.obj
LOAD CMakeFiles/Tool.elf.dir/User/Src/at24c02.c.obj
LOAD CMakeFiles/Tool.elf.dir/User/Src/callback.c.obj
LOAD CMakeFiles/Tool.elf.dir/User/Src/font.c.obj
LOAD CMakeFiles/Tool.elf.dir/User/Src/func.c.obj
LOAD CMakeFiles/Tool.elf.dir/User/Src/lcd.c.obj
LOAD CMakeFiles/Tool.elf.dir/User/Src/touch.c.obj
LOAD CMakeFiles/Tool.elf.dir/User/Src/user.c.obj
START GROUP
LOAD d:/program files/stmicr~1/stm32c~1/gnu-to~1/bin/../lib/gcc/arm-none-eabi/10.3.1/thumb/v7-m/nofp\libgcc.a
LOAD d:/program files/stmicr~1/stm32c~1/gnu-to~1/bin/../lib/gcc/arm-none-eabi/10.3.1/../../../../arm-none-eabi/lib/thumb/v7-m/nofp\libg.a
LOAD d:/program files/stmicr~1/stm32c~1/gnu-to~1/bin/../lib/gcc/arm-none-eabi/10.3.1/../../../../arm-none-eabi/lib/thumb/v7-m/nofp\libc.a
END GROUP
LOAD d:/program files/stmicr~1/stm32c~1/gnu-to~1/bin/../lib/gcc/arm-none-eabi/10.3.1/thumb/v7-m/nofp/crtend.o
LOAD d:/program files/stmicr~1/stm32c~1/gnu-to~1/bin/../lib/gcc/arm-none-eabi/10.3.1/thumb/v7-m/nofp/crtn.o
                0x2000c000                _estack = (ORIGIN (RAM) + LENGTH (RAM))
                0x00001000                _Min_Heap_Size = 0x1000
                0x00001000                _Min_Stack_Size = 0x1000

.isr_vector     0x08000000      0x1e4
                0x08000000                . = ALIGN (0x4)
 *(.isr_vector)
 .isr_vector    0x08000000      0x1e4 CMakeFiles/Tool.elf.dir/Core/Startup/startup_stm32f103vctx.s.obj
                0x08000000                g_pfnVectors
                0x080001e4                . = ALIGN (0x4)

.text           0x080001e8     0xb488
                0x080001e8                . = ALIGN (0x4)
 *(.text)
 .text          0x080001e8       0x40 d:/program files/stmicr~1/stm32c~1/gnu-to~1/bin/../lib/gcc/arm-none-eabi/10.3.1/thumb/v7-m/nofp/crtbegin.o
 .text          0x08000228      0x378 d:/program files/stmicr~1/stm32c~1/gnu-to~1/bin/../lib/gcc/arm-none-eabi/10.3.1/thumb/v7-m/nofp\libgcc.a(_arm_addsubdf3.o)
                0x08000228                __aeabi_drsub
                0x08000230                __aeabi_dsub
                0x08000230                __subdf3
                0x08000234                __aeabi_dadd
                0x08000234                __adddf3
                0x080004ac                __floatunsidf
                0x080004ac                __aeabi_ui2d
                0x080004cc                __floatsidf
                0x080004cc                __aeabi_i2d
                0x080004f0                __aeabi_f2d
                0x080004f0                __extendsfdf2
                0x08000534                __floatundidf
                0x08000534                __aeabi_ul2d
                0x08000544                __floatdidf
                0x08000544                __aeabi_l2d
 .text          0x080005a0      0x424 d:/program files/stmicr~1/stm32c~1/gnu-to~1/bin/../lib/gcc/arm-none-eabi/10.3.1/thumb/v7-m/nofp\libgcc.a(_arm_muldivdf3.o)
                0x080005a0                __aeabi_dmul
                0x080005a0                __muldf3
                0x080007f4                __divdf3
                0x080007f4                __aeabi_ddiv
 .text          0x080009c4       0x50 d:/program files/stmicr~1/stm32c~1/gnu-to~1/bin/../lib/gcc/arm-none-eabi/10.3.1/thumb/v7-m/nofp\libgcc.a(_arm_fixdfsi.o)
                0x080009c4                __aeabi_d2iz
                0x080009c4                __fixdfsi
 .text          0x08000a14      0x21c d:/program files/stmicr~1/stm32c~1/gnu-to~1/bin/../lib/gcc/arm-none-eabi/10.3.1/thumb/v7-m/nofp\libgcc.a(_arm_addsubsf3.o)
                0x08000a14                __aeabi_frsub
                0x08000a1c                __subsf3
                0x08000a1c                __aeabi_fsub
                0x08000a20                __aeabi_fadd
                0x08000a20                __addsf3
                0x08000b80                __aeabi_ui2f
                0x08000b80                __floatunsisf
                0x08000b88                __aeabi_i2f
                0x08000b88                __floatsisf
                0x08000ba4                __aeabi_ul2f
                0x08000ba4                __floatundisf
                0x08000bb4                __aeabi_l2f
                0x08000bb4                __floatdisf
 .text          0x08000c30      0x2a0 d:/program files/stmicr~1/stm32c~1/gnu-to~1/bin/../lib/gcc/arm-none-eabi/10.3.1/thumb/v7-m/nofp\libgcc.a(_arm_muldivsf3.o)
                0x08000c30                __mulsf3
                0x08000c30                __aeabi_fmul
                0x08000d98                __aeabi_fdiv
                0x08000d98                __divsf3
 .text          0x08000ed0       0xec d:/program files/stmicr~1/stm32c~1/gnu-to~1/bin/../lib/gcc/arm-none-eabi/10.3.1/thumb/v7-m/nofp\libgcc.a(_arm_cmpsf2.o)
                0x08000ed0                __gesf2
                0x08000ed0                __gtsf2
                0x08000ed8                __lesf2
                0x08000ed8                __ltsf2
                0x08000ee0                __nesf2
                0x08000ee0                __eqsf2
                0x08000ee0                __cmpsf2
                0x08000f40                __aeabi_cfrcmple
                0x08000f48                __aeabi_cfcmpeq
                0x08000f48                __aeabi_cfcmple
                0x08000f58                __aeabi_fcmpeq
                0x08000f6c                __aeabi_fcmplt
                0x08000f80                __aeabi_fcmple
                0x08000f94                __aeabi_fcmpge
                0x08000fa8                __aeabi_fcmpgt
 .text          0x08000fbc       0x40 d:/program files/stmicr~1/stm32c~1/gnu-to~1/bin/../lib/gcc/arm-none-eabi/10.3.1/thumb/v7-m/nofp\libgcc.a(_arm_fixunssfsi.o)
                0x08000fbc                __fixunssfsi
                0x08000fbc                __aeabi_f2uiz
 .text          0x08000ffc       0x30 d:/program files/stmicr~1/stm32c~1/gnu-to~1/bin/../lib/gcc/arm-none-eabi/10.3.1/thumb/v7-m/nofp\libgcc.a(_aeabi_uldivmod.o)
                0x08000ffc                __aeabi_uldivmod
 .text          0x0800102c      0x2d4 d:/program files/stmicr~1/stm32c~1/gnu-to~1/bin/../lib/gcc/arm-none-eabi/10.3.1/thumb/v7-m/nofp\libgcc.a(_udivmoddi4.o)
                0x0800102c                __udivmoddi4
 .text          0x08001300        0x4 d:/program files/stmicr~1/stm32c~1/gnu-to~1/bin/../lib/gcc/arm-none-eabi/10.3.1/thumb/v7-m/nofp\libgcc.a(_dvmd_tls.o)
                0x08001300                __aeabi_idiv0
                0x08001300                __aeabi_ldiv0
 .text          0x08001304       0xec d:/program files/stmicr~1/stm32c~1/gnu-to~1/bin/../lib/gcc/arm-none-eabi/10.3.1/../../../../arm-none-eabi/lib/thumb/v7-m/nofp\libg.a(lib_a-memcpy.o)
                0x08001304                memcpy
 .text          0x080013f0      0x110 d:/program files/stmicr~1/stm32c~1/gnu-to~1/bin/../lib/gcc/arm-none-eabi/10.3.1/thumb/v7-m/nofp\libgcc.a(_arm_cmpdf2.o)
                0x080013f0                __gtdf2
                0x080013f0                __gedf2
                0x080013f8                __ltdf2
                0x080013f8                __ledf2
                0x08001400                __nedf2
                0x08001400                __eqdf2
                0x08001400                __cmpdf2
                0x0800147c                __aeabi_cdrcmple
                0x0800148c                __aeabi_cdcmpeq
                0x0800148c                __aeabi_cdcmple
                0x0800149c                __aeabi_dcmpeq
                0x080014b0                __aeabi_dcmplt
                0x080014c4                __aeabi_dcmple
                0x080014d8                __aeabi_dcmpge
                0x080014ec                __aeabi_dcmpgt
 .text          0x08001500       0x2c d:/program files/stmicr~1/stm32c~1/gnu-to~1/bin/../lib/gcc/arm-none-eabi/10.3.1/thumb/v7-m/nofp\libgcc.a(_arm_unorddf2.o)
                0x08001500                __unorddf2
                0x08001500                __aeabi_dcmpun
 *(.text*)
 .text.MX_GPIO_Init
                0x0800152c      0x188 CMakeFiles/Tool.elf.dir/Core/Src/gpio.c.obj
                0x0800152c                MX_GPIO_Init
 .text.MX_I2C1_Init
                0x080016b4       0x3c CMakeFiles/Tool.elf.dir/Core/Src/i2c.c.obj
                0x080016b4                MX_I2C1_Init
 .text.HAL_I2C_MspInit
                0x080016f0       0x64 CMakeFiles/Tool.elf.dir/Core/Src/i2c.c.obj
                0x080016f0                HAL_I2C_MspInit
 .text.Error_Handler
                0x08001754        0x4 CMakeFiles/Tool.elf.dir/Core/Src/main.c.obj
                0x08001754                Error_Handler
 .text.SystemClock_Config
                0x08001758       0x64 CMakeFiles/Tool.elf.dir/Core/Src/main.c.obj
                0x08001758                SystemClock_Config
 .text.assert_failed
                0x080017bc        0x2 CMakeFiles/Tool.elf.dir/Core/Src/main.c.obj
                0x080017bc                assert_failed
 *fill*         0x080017be        0x2 
 .text.MX_SPI2_Init
                0x080017c0       0x40 CMakeFiles/Tool.elf.dir/Core/Src/spi.c.obj
                0x080017c0                MX_SPI2_Init
 .text.HAL_SPI_MspInit
                0x08001800       0x78 CMakeFiles/Tool.elf.dir/Core/Src/spi.c.obj
                0x08001800                HAL_SPI_MspInit
 .text.HAL_MspInit
                0x08001878       0x30 CMakeFiles/Tool.elf.dir/Core/Src/stm32f1xx_hal_msp.c.obj
                0x08001878                HAL_MspInit
 .text.NMI_Handler
                0x080018a8        0x2 CMakeFiles/Tool.elf.dir/Core/Src/stm32f1xx_it.c.obj
                0x080018a8                NMI_Handler
 .text.HardFault_Handler
                0x080018aa        0x2 CMakeFiles/Tool.elf.dir/Core/Src/stm32f1xx_it.c.obj
                0x080018aa                HardFault_Handler
 .text.MemManage_Handler
                0x080018ac        0x2 CMakeFiles/Tool.elf.dir/Core/Src/stm32f1xx_it.c.obj
                0x080018ac                MemManage_Handler
 .text.BusFault_Handler
                0x080018ae        0x2 CMakeFiles/Tool.elf.dir/Core/Src/stm32f1xx_it.c.obj
                0x080018ae                BusFault_Handler
 .text.UsageFault_Handler
                0x080018b0        0x2 CMakeFiles/Tool.elf.dir/Core/Src/stm32f1xx_it.c.obj
                0x080018b0                UsageFault_Handler
 .text.SVC_Handler
                0x080018b2        0x2 CMakeFiles/Tool.elf.dir/Core/Src/stm32f1xx_it.c.obj
                0x080018b2                SVC_Handler
 .text.DebugMon_Handler
                0x080018b4        0x2 CMakeFiles/Tool.elf.dir/Core/Src/stm32f1xx_it.c.obj
                0x080018b4                DebugMon_Handler
 .text.PendSV_Handler
                0x080018b6        0x2 CMakeFiles/Tool.elf.dir/Core/Src/stm32f1xx_it.c.obj
                0x080018b6                PendSV_Handler
 .text.SysTick_Handler
                0x080018b8        0x8 CMakeFiles/Tool.elf.dir/Core/Src/stm32f1xx_it.c.obj
                0x080018b8                SysTick_Handler
 .text.TIM6_IRQHandler
                0x080018c0       0x10 CMakeFiles/Tool.elf.dir/Core/Src/stm32f1xx_it.c.obj
                0x080018c0                TIM6_IRQHandler
 .text._getpid  0x080018d0        0x4 CMakeFiles/Tool.elf.dir/Core/Src/syscalls.c.obj
                0x080018d0                _getpid
 .text._kill    0x080018d4       0x10 CMakeFiles/Tool.elf.dir/Core/Src/syscalls.c.obj
                0x080018d4                _kill
 .text._exit    0x080018e4        0xc CMakeFiles/Tool.elf.dir/Core/Src/syscalls.c.obj
                0x080018e4                _exit
 .text._read    0x080018f0       0x20 CMakeFiles/Tool.elf.dir/Core/Src/syscalls.c.obj
                0x080018f0                _read
 .text._write   0x08001910       0x1c CMakeFiles/Tool.elf.dir/Core/Src/syscalls.c.obj
                0x08001910                _write
 .text._close   0x0800192c        0x6 CMakeFiles/Tool.elf.dir/Core/Src/syscalls.c.obj
                0x0800192c                _close
 .text._fstat   0x08001932        0xa CMakeFiles/Tool.elf.dir/Core/Src/syscalls.c.obj
                0x08001932                _fstat
 .text._isatty  0x0800193c        0x4 CMakeFiles/Tool.elf.dir/Core/Src/syscalls.c.obj
                0x0800193c                _isatty
 .text._lseek   0x08001940        0x4 CMakeFiles/Tool.elf.dir/Core/Src/syscalls.c.obj
                0x08001940                _lseek
 .text._sbrk    0x08001944       0x48 CMakeFiles/Tool.elf.dir/Core/Src/sysmem.c.obj
                0x08001944                _sbrk
 .text.SystemInit
                0x0800198c        0x2 CMakeFiles/Tool.elf.dir/Core/Src/system_stm32f1xx.c.obj
                0x0800198c                SystemInit
 *fill*         0x0800198e        0x2 
 .text.MX_TIM6_Init
                0x08001990       0x50 CMakeFiles/Tool.elf.dir/Core/Src/tim.c.obj
                0x08001990                MX_TIM6_Init
 .text.HAL_TIM_Base_MspInit
                0x080019e0       0x60 CMakeFiles/Tool.elf.dir/Core/Src/tim.c.obj
                0x080019e0                HAL_TIM_Base_MspInit
 .text.HAL_TIM_MspPostInit
                0x08001a40       0x64 CMakeFiles/Tool.elf.dir/Core/Src/tim.c.obj
                0x08001a40                HAL_TIM_MspPostInit
 .text.MX_TIM2_Init
                0x08001aa4       0xac CMakeFiles/Tool.elf.dir/Core/Src/tim.c.obj
                0x08001aa4                MX_TIM2_Init
 .text.Reset_Handler
                0x08001b50       0x48 CMakeFiles/Tool.elf.dir/Core/Startup/startup_stm32f103vctx.s.obj
                0x08001b50                Reset_Handler
 .text.Default_Handler
                0x08001b98        0x2 CMakeFiles/Tool.elf.dir/Core/Startup/startup_stm32f103vctx.s.obj
                0x08001b98                RTC_Alarm_IRQHandler
                0x08001b98                EXTI2_IRQHandler
                0x08001b98                TIM8_TRG_COM_IRQHandler
                0x08001b98                TIM8_CC_IRQHandler
                0x08001b98                TIM1_CC_IRQHandler
                0x08001b98                PVD_IRQHandler
                0x08001b98                SDIO_IRQHandler
                0x08001b98                EXTI3_IRQHandler
                0x08001b98                EXTI0_IRQHandler
                0x08001b98                I2C2_EV_IRQHandler
                0x08001b98                ADC1_2_IRQHandler
                0x08001b98                SPI1_IRQHandler
                0x08001b98                TAMPER_IRQHandler
                0x08001b98                TIM8_UP_IRQHandler
                0x08001b98                DMA2_Channel2_IRQHandler
                0x08001b98                DMA1_Channel4_IRQHandler
                0x08001b98                USART3_IRQHandler
                0x08001b98                RTC_IRQHandler
                0x08001b98                DMA1_Channel7_IRQHandler
                0x08001b98                CAN1_RX1_IRQHandler
                0x08001b98                UART5_IRQHandler
                0x08001b98                ADC3_IRQHandler
                0x08001b98                TIM4_IRQHandler
                0x08001b98                DMA2_Channel1_IRQHandler
                0x08001b98                I2C1_EV_IRQHandler
                0x08001b98                DMA1_Channel6_IRQHandler
                0x08001b98                UART4_IRQHandler
                0x08001b98                TIM3_IRQHandler
                0x08001b98                RCC_IRQHandler
                0x08001b98                TIM1_TRG_COM_IRQHandler
                0x08001b98                DMA1_Channel1_IRQHandler
                0x08001b98                Default_Handler
                0x08001b98                EXTI15_10_IRQHandler
                0x08001b98                TIM7_IRQHandler
                0x08001b98                TIM5_IRQHandler
                0x08001b98                EXTI9_5_IRQHandler
                0x08001b98                SPI2_IRQHandler
                0x08001b98                DMA1_Channel5_IRQHandler
                0x08001b98                EXTI4_IRQHandler
                0x08001b98                USB_LP_CAN1_RX0_IRQHandler
                0x08001b98                USB_HP_CAN1_TX_IRQHandler
                0x08001b98                DMA1_Channel3_IRQHandler
                0x08001b98                FSMC_IRQHandler
                0x08001b98                TIM1_UP_IRQHandler
                0x08001b98                WWDG_IRQHandler
                0x08001b98                TIM2_IRQHandler
                0x08001b98                TIM1_BRK_IRQHandler
                0x08001b98                EXTI1_IRQHandler
                0x08001b98                DMA2_Channel4_5_IRQHandler
                0x08001b98                USART2_IRQHandler
                0x08001b98                I2C2_ER_IRQHandler
                0x08001b98                DMA1_Channel2_IRQHandler
                0x08001b98                TIM8_BRK_IRQHandler
                0x08001b98                CAN1_SCE_IRQHandler
                0x08001b98                FLASH_IRQHandler
                0x08001b98                USART1_IRQHandler
                0x08001b98                SPI3_IRQHandler
                0x08001b98                I2C1_ER_IRQHandler
                0x08001b98                USBWakeUp_IRQHandler
                0x08001b98                DMA2_Channel3_IRQHandler
 *fill*         0x08001b9a        0x2 
 .text.HAL_InitTick
                0x08001b9c       0x4c CMakeFiles/Tool.elf.dir/Drivers/STM32F1xx_HAL_Driver/Src/stm32f1xx_hal.c.obj
                0x08001b9c                HAL_InitTick
 .text.HAL_Init
                0x08001be8       0x24 CMakeFiles/Tool.elf.dir/Drivers/STM32F1xx_HAL_Driver/Src/stm32f1xx_hal.c.obj
                0x08001be8                HAL_Init
 .text.HAL_IncTick
                0x08001c0c       0x18 CMakeFiles/Tool.elf.dir/Drivers/STM32F1xx_HAL_Driver/Src/stm32f1xx_hal.c.obj
                0x08001c0c                HAL_IncTick
 .text.HAL_GetTick
                0x08001c24        0xc CMakeFiles/Tool.elf.dir/Drivers/STM32F1xx_HAL_Driver/Src/stm32f1xx_hal.c.obj
                0x08001c24                HAL_GetTick
 .text.HAL_Delay
                0x08001c30       0x28 CMakeFiles/Tool.elf.dir/Drivers/STM32F1xx_HAL_Driver/Src/stm32f1xx_hal.c.obj
                0x08001c30                HAL_Delay
 .text.HAL_NVIC_SetPriorityGrouping
                0x08001c58       0x3c CMakeFiles/Tool.elf.dir/Drivers/STM32F1xx_HAL_Driver/Src/stm32f1xx_hal_cortex.c.obj
                0x08001c58                HAL_NVIC_SetPriorityGrouping
 .text.HAL_NVIC_SetPriority
                0x08001c94       0x8c CMakeFiles/Tool.elf.dir/Drivers/STM32F1xx_HAL_Driver/Src/stm32f1xx_hal_cortex.c.obj
                0x08001c94                HAL_NVIC_SetPriority
 .text.HAL_NVIC_EnableIRQ
                0x08001d20       0x30 CMakeFiles/Tool.elf.dir/Drivers/STM32F1xx_HAL_Driver/Src/stm32f1xx_hal_cortex.c.obj
                0x08001d20                HAL_NVIC_EnableIRQ
 .text.HAL_SYSTICK_Config
                0x08001d50       0x28 CMakeFiles/Tool.elf.dir/Drivers/STM32F1xx_HAL_Driver/Src/stm32f1xx_hal_cortex.c.obj
                0x08001d50                HAL_SYSTICK_Config
 .text.HAL_GPIO_Init
                0x08001d78      0x3b0 CMakeFiles/Tool.elf.dir/Drivers/STM32F1xx_HAL_Driver/Src/stm32f1xx_hal_gpio.c.obj
                0x08001d78                HAL_GPIO_Init
 .text.HAL_GPIO_ReadPin
                0x08002128       0x28 CMakeFiles/Tool.elf.dir/Drivers/STM32F1xx_HAL_Driver/Src/stm32f1xx_hal_gpio.c.obj
                0x08002128                HAL_GPIO_ReadPin
 .text.HAL_GPIO_WritePin
                0x08002150       0x38 CMakeFiles/Tool.elf.dir/Drivers/STM32F1xx_HAL_Driver/Src/stm32f1xx_hal_gpio.c.obj
                0x08002150                HAL_GPIO_WritePin
 .text.HAL_GPIO_TogglePin
                0x08002188       0x2c CMakeFiles/Tool.elf.dir/Drivers/STM32F1xx_HAL_Driver/Src/stm32f1xx_hal_gpio.c.obj
                0x08002188                HAL_GPIO_TogglePin
 .text.I2C_IsAcknowledgeFailed
                0x080021b4       0x32 CMakeFiles/Tool.elf.dir/Drivers/STM32F1xx_HAL_Driver/Src/stm32f1xx_hal_i2c.c.obj
 .text.I2C_WaitOnFlagUntilTimeout
                0x080021e6       0xaa CMakeFiles/Tool.elf.dir/Drivers/STM32F1xx_HAL_Driver/Src/stm32f1xx_hal_i2c.c.obj
 .text.I2C_WaitOnMasterAddressFlagUntilTimeout
                0x08002290       0xd6 CMakeFiles/Tool.elf.dir/Drivers/STM32F1xx_HAL_Driver/Src/stm32f1xx_hal_i2c.c.obj
 .text.I2C_WaitOnTXEFlagUntilTimeout
                0x08002366       0x5e CMakeFiles/Tool.elf.dir/Drivers/STM32F1xx_HAL_Driver/Src/stm32f1xx_hal_i2c.c.obj
 .text.I2C_RequestMemoryWrite
                0x080023c4       0xd8 CMakeFiles/Tool.elf.dir/Drivers/STM32F1xx_HAL_Driver/Src/stm32f1xx_hal_i2c.c.obj
 .text.I2C_RequestMemoryRead
                0x0800249c      0x154 CMakeFiles/Tool.elf.dir/Drivers/STM32F1xx_HAL_Driver/Src/stm32f1xx_hal_i2c.c.obj
 .text.I2C_WaitOnBTFFlagUntilTimeout
                0x080025f0       0x5e CMakeFiles/Tool.elf.dir/Drivers/STM32F1xx_HAL_Driver/Src/stm32f1xx_hal_i2c.c.obj
 .text.I2C_WaitOnRXNEFlagUntilTimeout
                0x0800264e       0x78 CMakeFiles/Tool.elf.dir/Drivers/STM32F1xx_HAL_Driver/Src/stm32f1xx_hal_i2c.c.obj
 *fill*         0x080026c6        0x2 
 .text.HAL_I2C_Init
                0x080026c8      0x294 CMakeFiles/Tool.elf.dir/Drivers/STM32F1xx_HAL_Driver/Src/stm32f1xx_hal_i2c.c.obj
                0x080026c8                HAL_I2C_Init
 .text.HAL_I2C_Mem_Write
                0x0800295c      0x17c CMakeFiles/Tool.elf.dir/Drivers/STM32F1xx_HAL_Driver/Src/stm32f1xx_hal_i2c.c.obj
                0x0800295c                HAL_I2C_Mem_Write
 .text.HAL_I2C_Mem_Read
                0x08002ad8      0x360 CMakeFiles/Tool.elf.dir/Drivers/STM32F1xx_HAL_Driver/Src/stm32f1xx_hal_i2c.c.obj
                0x08002ad8                HAL_I2C_Mem_Read
 .text.RCC_Delay
                0x08002e38       0x2c CMakeFiles/Tool.elf.dir/Drivers/STM32F1xx_HAL_Driver/Src/stm32f1xx_hal_rcc.c.obj
 .text.HAL_RCC_OscConfig
                0x08002e64      0x548 CMakeFiles/Tool.elf.dir/Drivers/STM32F1xx_HAL_Driver/Src/stm32f1xx_hal_rcc.c.obj
                0x08002e64                HAL_RCC_OscConfig
 .text.HAL_RCC_GetSysClockFreq
                0x080033ac       0x54 CMakeFiles/Tool.elf.dir/Drivers/STM32F1xx_HAL_Driver/Src/stm32f1xx_hal_rcc.c.obj
                0x080033ac                HAL_RCC_GetSysClockFreq
 .text.HAL_RCC_ClockConfig
                0x08003400      0x228 CMakeFiles/Tool.elf.dir/Drivers/STM32F1xx_HAL_Driver/Src/stm32f1xx_hal_rcc.c.obj
                0x08003400                HAL_RCC_ClockConfig
 .text.HAL_RCC_GetHCLKFreq
                0x08003628        0xc CMakeFiles/Tool.elf.dir/Drivers/STM32F1xx_HAL_Driver/Src/stm32f1xx_hal_rcc.c.obj
                0x08003628                HAL_RCC_GetHCLKFreq
 .text.HAL_RCC_GetPCLK1Freq
                0x08003634       0x20 CMakeFiles/Tool.elf.dir/Drivers/STM32F1xx_HAL_Driver/Src/stm32f1xx_hal_rcc.c.obj
                0x08003634                HAL_RCC_GetPCLK1Freq
 .text.HAL_SPI_Init
                0x08003654      0x21c CMakeFiles/Tool.elf.dir/Drivers/STM32F1xx_HAL_Driver/Src/stm32f1xx_hal_spi.c.obj
                0x08003654                HAL_SPI_Init
 .text.TIM_TI1_ConfigInputStage
                0x08003870       0x24 CMakeFiles/Tool.elf.dir/Drivers/STM32F1xx_HAL_Driver/Src/stm32f1xx_hal_tim.c.obj
 .text.TIM_TI2_ConfigInputStage
                0x08003894       0x26 CMakeFiles/Tool.elf.dir/Drivers/STM32F1xx_HAL_Driver/Src/stm32f1xx_hal_tim.c.obj
 .text.TIM_ITRx_SetConfig
                0x080038ba       0x10 CMakeFiles/Tool.elf.dir/Drivers/STM32F1xx_HAL_Driver/Src/stm32f1xx_hal_tim.c.obj
 *fill*         0x080038ca        0x2 
 .text.TIM_OC1_SetConfig
                0x080038cc       0xb4 CMakeFiles/Tool.elf.dir/Drivers/STM32F1xx_HAL_Driver/Src/stm32f1xx_hal_tim.c.obj
 .text.TIM_OC3_SetConfig
                0x08003980       0xbc CMakeFiles/Tool.elf.dir/Drivers/STM32F1xx_HAL_Driver/Src/stm32f1xx_hal_tim.c.obj
 .text.TIM_OC4_SetConfig
                0x08003a3c       0x74 CMakeFiles/Tool.elf.dir/Drivers/STM32F1xx_HAL_Driver/Src/stm32f1xx_hal_tim.c.obj
 .text.HAL_TIM_Base_Start_IT
                0x08003ab0       0xc8 CMakeFiles/Tool.elf.dir/Drivers/STM32F1xx_HAL_Driver/Src/stm32f1xx_hal_tim.c.obj
                0x08003ab0                HAL_TIM_Base_Start_IT
 .text.HAL_TIM_PWM_MspInit
                0x08003b78        0x2 CMakeFiles/Tool.elf.dir/Drivers/STM32F1xx_HAL_Driver/Src/stm32f1xx_hal_tim.c.obj
                0x08003b78                HAL_TIM_PWM_MspInit
 .text.HAL_TIM_OC_DelayElapsedCallback
                0x08003b7a        0x2 CMakeFiles/Tool.elf.dir/Drivers/STM32F1xx_HAL_Driver/Src/stm32f1xx_hal_tim.c.obj
                0x08003b7a                HAL_TIM_OC_DelayElapsedCallback
 .text.HAL_TIM_IC_CaptureCallback
                0x08003b7c        0x2 CMakeFiles/Tool.elf.dir/Drivers/STM32F1xx_HAL_Driver/Src/stm32f1xx_hal_tim.c.obj
                0x08003b7c                HAL_TIM_IC_CaptureCallback
 .text.HAL_TIM_PWM_PulseFinishedCallback
                0x08003b7e        0x2 CMakeFiles/Tool.elf.dir/Drivers/STM32F1xx_HAL_Driver/Src/stm32f1xx_hal_tim.c.obj
                0x08003b7e                HAL_TIM_PWM_PulseFinishedCallback
 .text.HAL_TIM_TriggerCallback
                0x08003b80        0x2 CMakeFiles/Tool.elf.dir/Drivers/STM32F1xx_HAL_Driver/Src/stm32f1xx_hal_tim.c.obj
                0x08003b80                HAL_TIM_TriggerCallback
 .text.HAL_TIM_IRQHandler
                0x08003b82      0x17a CMakeFiles/Tool.elf.dir/Drivers/STM32F1xx_HAL_Driver/Src/stm32f1xx_hal_tim.c.obj
                0x08003b82                HAL_TIM_IRQHandler
 .text.TIM_Base_SetConfig
                0x08003cfc       0x98 CMakeFiles/Tool.elf.dir/Drivers/STM32F1xx_HAL_Driver/Src/stm32f1xx_hal_tim.c.obj
                0x08003cfc                TIM_Base_SetConfig
 .text.HAL_TIM_Base_Init
                0x08003d94      0x118 CMakeFiles/Tool.elf.dir/Drivers/STM32F1xx_HAL_Driver/Src/stm32f1xx_hal_tim.c.obj
                0x08003d94                HAL_TIM_Base_Init
 .text.HAL_TIM_PWM_Init
                0x08003eac      0x118 CMakeFiles/Tool.elf.dir/Drivers/STM32F1xx_HAL_Driver/Src/stm32f1xx_hal_tim.c.obj
                0x08003eac                HAL_TIM_PWM_Init
 .text.TIM_OC2_SetConfig
                0x08003fc4       0xc0 CMakeFiles/Tool.elf.dir/Drivers/STM32F1xx_HAL_Driver/Src/stm32f1xx_hal_tim.c.obj
                0x08003fc4                TIM_OC2_SetConfig
 .text.HAL_TIM_PWM_ConfigChannel
                0x08004084      0x23c CMakeFiles/Tool.elf.dir/Drivers/STM32F1xx_HAL_Driver/Src/stm32f1xx_hal_tim.c.obj
                0x08004084                HAL_TIM_PWM_ConfigChannel
 .text.TIM_ETR_SetConfig
                0x080042c0       0x18 CMakeFiles/Tool.elf.dir/Drivers/STM32F1xx_HAL_Driver/Src/stm32f1xx_hal_tim.c.obj
                0x080042c0                TIM_ETR_SetConfig
 .text.HAL_TIM_ConfigClockSource
                0x080042d8      0x458 CMakeFiles/Tool.elf.dir/Drivers/STM32F1xx_HAL_Driver/Src/stm32f1xx_hal_tim.c.obj
                0x080042d8                HAL_TIM_ConfigClockSource
 .text.TIM_CCxChannelCmd
                0x08004730       0x84 CMakeFiles/Tool.elf.dir/Drivers/STM32F1xx_HAL_Driver/Src/stm32f1xx_hal_tim.c.obj
                0x08004730                TIM_CCxChannelCmd
 .text.HAL_TIM_PWM_Start
                0x080047b4      0x140 CMakeFiles/Tool.elf.dir/Drivers/STM32F1xx_HAL_Driver/Src/stm32f1xx_hal_tim.c.obj
                0x080047b4                HAL_TIM_PWM_Start
 .text.HAL_TIMEx_MasterConfigSynchronization
                0x080048f4      0x108 CMakeFiles/Tool.elf.dir/Drivers/STM32F1xx_HAL_Driver/Src/stm32f1xx_hal_tim_ex.c.obj
                0x080048f4                HAL_TIMEx_MasterConfigSynchronization
 .text.HAL_TIMEx_CommutCallback
                0x080049fc        0x2 CMakeFiles/Tool.elf.dir/Drivers/STM32F1xx_HAL_Driver/Src/stm32f1xx_hal_tim_ex.c.obj
                0x080049fc                HAL_TIMEx_CommutCallback
 .text.HAL_TIMEx_BreakCallback
                0x080049fe        0x2 CMakeFiles/Tool.elf.dir/Drivers/STM32F1xx_HAL_Driver/Src/stm32f1xx_hal_tim_ex.c.obj
                0x080049fe                HAL_TIMEx_BreakCallback
 .text.AT24C02_write
                0x08004a00       0xf4 CMakeFiles/Tool.elf.dir/User/Src/at24c02.c.obj
                0x08004a00                AT24C02_write
 .text.AT24C02_read
                0x08004af4       0x2c CMakeFiles/Tool.elf.dir/User/Src/at24c02.c.obj
                0x08004af4                AT24C02_read
 .text.AT24C02_write_8bit
                0x08004b20       0x1a CMakeFiles/Tool.elf.dir/User/Src/at24c02.c.obj
                0x08004b20                AT24C02_write_8bit
 .text.AT24C02_write_16bit
                0x08004b3a       0x32 CMakeFiles/Tool.elf.dir/User/Src/at24c02.c.obj
                0x08004b3a                AT24C02_write_16bit
 .text.AT24C02_read_16bit
                0x08004b6c       0x38 CMakeFiles/Tool.elf.dir/User/Src/at24c02.c.obj
                0x08004b6c                AT24C02_read_16bit
 .text.AT24C02_read_8bit
                0x08004ba4       0x10 CMakeFiles/Tool.elf.dir/User/Src/at24c02.c.obj
                0x08004ba4                AT24C02_read_8bit
 .text.HAL_TIM_PeriodElapsedCallback
                0x08004bb4       0x3c CMakeFiles/Tool.elf.dir/User/Src/callback.c.obj
                0x08004bb4                HAL_TIM_PeriodElapsedCallback
 .text.set_lcd_brightness
                0x08004bf0        0x8 CMakeFiles/Tool.elf.dir/User/Src/func.c.obj
                0x08004bf0                set_lcd_brightness
 .text.spiSendByte
                0x08004bf8       0x24 CMakeFiles/Tool.elf.dir/User/Src/lcd.c.obj
                0x08004bf8                spiSendByte
 .text.sendOrder
                0x08004c1c       0x24 CMakeFiles/Tool.elf.dir/User/Src/lcd.c.obj
                0x08004c1c                sendOrder
 .text.sendByte
                0x08004c40       0x20 CMakeFiles/Tool.elf.dir/User/Src/lcd.c.obj
                0x08004c40                sendByte
 .text.LCD_Init_Command
                0x08004c60      0x22c CMakeFiles/Tool.elf.dir/User/Src/lcd.c.obj
                0x08004c60                LCD_Init_Command
 .text.LCD_Init
                0x08004e8c       0x5c CMakeFiles/Tool.elf.dir/User/Src/lcd.c.obj
                0x08004e8c                LCD_Init
 .text.sendShort
                0x08004ee8       0x2c CMakeFiles/Tool.elf.dir/User/Src/lcd.c.obj
                0x08004ee8                sendShort
 .text.setCursor
                0x08004f14       0x4e CMakeFiles/Tool.elf.dir/User/Src/lcd.c.obj
                0x08004f14                setCursor
 .text.drawPoint
                0x08004f62       0x14 CMakeFiles/Tool.elf.dir/User/Src/lcd.c.obj
                0x08004f62                drawPoint
 .text.LCD_Fill
                0x08004f76       0x26 CMakeFiles/Tool.elf.dir/User/Src/lcd.c.obj
                0x08004f76                LCD_Fill
 .text.drawAscii
                0x08004f9c       0xfc CMakeFiles/Tool.elf.dir/User/Src/lcd.c.obj
                0x08004f9c                drawAscii
 .text.LCD_String
                0x08005098       0x84 CMakeFiles/Tool.elf.dir/User/Src/lcd.c.obj
                0x08005098                LCD_String
 .text.delay_us
                0x0800511c       0x24 CMakeFiles/Tool.elf.dir/User/Src/touch.c.obj
                0x0800511c                delay_us
 .text.touch_read_para
                0x08005140       0x5c CMakeFiles/Tool.elf.dir/User/Src/touch.c.obj
                0x08005140                touch_read_para
 .text.touch_write_para
                0x0800519c       0x50 CMakeFiles/Tool.elf.dir/User/Src/touch.c.obj
                0x0800519c                touch_write_para
 .text.touch_write_byte
                0x080051ec       0x4c CMakeFiles/Tool.elf.dir/User/Src/touch.c.obj
                0x080051ec                touch_write_byte
 .text.touch_read_data
                0x08005238       0x9c CMakeFiles/Tool.elf.dir/User/Src/touch.c.obj
                0x08005238                touch_read_data
 .text.touch_read_xy
                0x080052d4       0x34 CMakeFiles/Tool.elf.dir/User/Src/touch.c.obj
                0x080052d4                touch_read_xy
 .text.touch_scan
                0x08005308       0x68 CMakeFiles/Tool.elf.dir/User/Src/touch.c.obj
                0x08005308                touch_scan
 .text.touch_correct
                0x08005370      0x218 CMakeFiles/Tool.elf.dir/User/Src/touch.c.obj
                0x08005370                touch_correct
 .text.touch_init
                0x08005588       0x32 CMakeFiles/Tool.elf.dir/User/Src/touch.c.obj
                0x08005588                touch_init
 *fill*         0x080055ba        0x2 
 .text.init     0x080055bc       0x5c CMakeFiles/Tool.elf.dir/User/Src/user.c.obj
                0x080055bc                init
 .text.main     0x08005618       0x28 CMakeFiles/Tool.elf.dir/User/Src/user.c.obj
                0x08005618                main
 .text.__errno  0x08005640        0xc d:/program files/stmicr~1/stm32c~1/gnu-to~1/bin/../lib/gcc/arm-none-eabi/10.3.1/../../../../arm-none-eabi/lib/thumb/v7-m/nofp\libg.a(lib_a-errno.o)
                0x08005640                __errno
 .text.__libc_init_array
                0x0800564c       0x48 d:/program files/stmicr~1/stm32c~1/gnu-to~1/bin/../lib/gcc/arm-none-eabi/10.3.1/../../../../arm-none-eabi/lib/thumb/v7-m/nofp\libg.a(lib_a-init.o)
                0x0800564c                __libc_init_array
 .text._malloc_r
                0x08005694      0x558 d:/program files/stmicr~1/stm32c~1/gnu-to~1/bin/../lib/gcc/arm-none-eabi/10.3.1/../../../../arm-none-eabi/lib/thumb/v7-m/nofp\libg.a(lib_a-mallocr.o)
                0x08005694                _malloc_r
 .text.memset   0x08005bec       0xa4 d:/program files/stmicr~1/stm32c~1/gnu-to~1/bin/../lib/gcc/arm-none-eabi/10.3.1/../../../../arm-none-eabi/lib/thumb/v7-m/nofp\libg.a(lib_a-memset.o)
                0x08005bec                memset
 .text.__malloc_lock
                0x08005c90        0xc d:/program files/stmicr~1/stm32c~1/gnu-to~1/bin/../lib/gcc/arm-none-eabi/10.3.1/../../../../arm-none-eabi/lib/thumb/v7-m/nofp\libg.a(lib_a-mlock.o)
                0x08005c90                __malloc_lock
 .text.__malloc_unlock
                0x08005c9c        0xc d:/program files/stmicr~1/stm32c~1/gnu-to~1/bin/../lib/gcc/arm-none-eabi/10.3.1/../../../../arm-none-eabi/lib/thumb/v7-m/nofp\libg.a(lib_a-mlock.o)
                0x08005c9c                __malloc_unlock
 .text._sbrk_r  0x08005ca8       0x24 d:/program files/stmicr~1/stm32c~1/gnu-to~1/bin/../lib/gcc/arm-none-eabi/10.3.1/../../../../arm-none-eabi/lib/thumb/v7-m/nofp\libg.a(lib_a-sbrkr.o)
                0x08005ca8                _sbrk_r
 .text.sprintf  0x08005ccc       0x44 d:/program files/stmicr~1/stm32c~1/gnu-to~1/bin/../lib/gcc/arm-none-eabi/10.3.1/../../../../arm-none-eabi/lib/thumb/v7-m/nofp\libg.a(lib_a-sprintf.o)
                0x08005ccc                sprintf
 .text.strlen   0x08005d10       0x5c d:/program files/stmicr~1/stm32c~1/gnu-to~1/bin/../lib/gcc/arm-none-eabi/10.3.1/../../../../arm-none-eabi/lib/thumb/v7-m/nofp\libg.a(lib_a-strlen-stub.o)
                0x08005d10                strlen
 .text.strncpy  0x08005d6c       0x68 d:/program files/stmicr~1/stm32c~1/gnu-to~1/bin/../lib/gcc/arm-none-eabi/10.3.1/../../../../arm-none-eabi/lib/thumb/v7-m/nofp\libg.a(lib_a-strncpy.o)
                0x08005d6c                strncpy
 .text._svfprintf_r
                0x08005dd4     0x1aa4 d:/program files/stmicr~1/stm32c~1/gnu-to~1/bin/../lib/gcc/arm-none-eabi/10.3.1/../../../../arm-none-eabi/lib/thumb/v7-m/nofp\libg.a(lib_a-svfprintf.o)
                0x08005dd4                _svfprintf_r
 .text.startup.register_fini
                0x08007878       0x14 d:/program files/stmicr~1/stm32c~1/gnu-to~1/bin/../lib/gcc/arm-none-eabi/10.3.1/../../../../arm-none-eabi/lib/thumb/v7-m/nofp\libg.a(lib_a-__call_atexit.o)
 .text.atexit   0x0800788c        0xc d:/program files/stmicr~1/stm32c~1/gnu-to~1/bin/../lib/gcc/arm-none-eabi/10.3.1/../../../../arm-none-eabi/lib/thumb/v7-m/nofp\libg.a(lib_a-atexit.o)
                0x0800788c                atexit
 .text.quorem   0x08007898      0x12c d:/program files/stmicr~1/stm32c~1/gnu-to~1/bin/../lib/gcc/arm-none-eabi/10.3.1/../../../../arm-none-eabi/lib/thumb/v7-m/nofp\libg.a(lib_a-dtoa.o)
 *fill*         0x080079c4        0x4 
 .text._dtoa_r  0x080079c8      0xecc d:/program files/stmicr~1/stm32c~1/gnu-to~1/bin/../lib/gcc/arm-none-eabi/10.3.1/../../../../arm-none-eabi/lib/thumb/v7-m/nofp\libg.a(lib_a-dtoa.o)
                0x080079c8                _dtoa_r
 .text.__libc_fini_array
                0x08008894       0x2c d:/program files/stmicr~1/stm32c~1/gnu-to~1/bin/../lib/gcc/arm-none-eabi/10.3.1/../../../../arm-none-eabi/lib/thumb/v7-m/nofp\libg.a(lib_a-fini.o)
                0x08008894                __libc_fini_array
 .text._malloc_trim_r
                0x080088c0       0xa0 d:/program files/stmicr~1/stm32c~1/gnu-to~1/bin/../lib/gcc/arm-none-eabi/10.3.1/../../../../arm-none-eabi/lib/thumb/v7-m/nofp\libg.a(lib_a-freer.o)
                0x080088c0                _malloc_trim_r
 .text._free_r  0x08008960      0x200 d:/program files/stmicr~1/stm32c~1/gnu-to~1/bin/../lib/gcc/arm-none-eabi/10.3.1/../../../../arm-none-eabi/lib/thumb/v7-m/nofp\libg.a(lib_a-freer.o)
                0x08008960                _free_r
 .text._localeconv_r
                0x08008b60        0x8 d:/program files/stmicr~1/stm32c~1/gnu-to~1/bin/../lib/gcc/arm-none-eabi/10.3.1/../../../../arm-none-eabi/lib/thumb/v7-m/nofp\libg.a(lib_a-localeconv.o)
                0x08008b60                _localeconv_r
 .text.__retarget_lock_init_recursive
                0x08008b68        0x4 d:/program files/stmicr~1/stm32c~1/gnu-to~1/bin/../lib/gcc/arm-none-eabi/10.3.1/../../../../arm-none-eabi/lib/thumb/v7-m/nofp\libg.a(lib_a-lock.o)
                0x08008b68                __retarget_lock_init_recursive
 .text.__retarget_lock_close_recursive
                0x08008b6c        0x4 d:/program files/stmicr~1/stm32c~1/gnu-to~1/bin/../lib/gcc/arm-none-eabi/10.3.1/../../../../arm-none-eabi/lib/thumb/v7-m/nofp\libg.a(lib_a-lock.o)
                0x08008b6c                __retarget_lock_close_recursive
 .text.__retarget_lock_acquire_recursive
                0x08008b70        0x4 d:/program files/stmicr~1/stm32c~1/gnu-to~1/bin/../lib/gcc/arm-none-eabi/10.3.1/../../../../arm-none-eabi/lib/thumb/v7-m/nofp\libg.a(lib_a-lock.o)
                0x08008b70                __retarget_lock_acquire_recursive
 .text.__retarget_lock_release_recursive
                0x08008b74        0x4 d:/program files/stmicr~1/stm32c~1/gnu-to~1/bin/../lib/gcc/arm-none-eabi/10.3.1/../../../../arm-none-eabi/lib/thumb/v7-m/nofp\libg.a(lib_a-lock.o)
                0x08008b74                __retarget_lock_release_recursive
 .text.memchr   0x08008b78       0x90 d:/program files/stmicr~1/stm32c~1/gnu-to~1/bin/../lib/gcc/arm-none-eabi/10.3.1/../../../../arm-none-eabi/lib/thumb/v7-m/nofp\libg.a(lib_a-memchr-stub.o)
                0x08008b78                memchr
 .text._Balloc  0x08008c08       0x4c d:/program files/stmicr~1/stm32c~1/gnu-to~1/bin/../lib/gcc/arm-none-eabi/10.3.1/../../../../arm-none-eabi/lib/thumb/v7-m/nofp\libg.a(lib_a-mprec.o)
                0x08008c08                _Balloc
 .text._Bfree   0x08008c54       0x14 d:/program files/stmicr~1/stm32c~1/gnu-to~1/bin/../lib/gcc/arm-none-eabi/10.3.1/../../../../arm-none-eabi/lib/thumb/v7-m/nofp\libg.a(lib_a-mprec.o)
                0x08008c54                _Bfree
 .text.__multadd
                0x08008c68       0xa4 d:/program files/stmicr~1/stm32c~1/gnu-to~1/bin/../lib/gcc/arm-none-eabi/10.3.1/../../../../arm-none-eabi/lib/thumb/v7-m/nofp\libg.a(lib_a-mprec.o)
                0x08008c68                __multadd
 .text.__hi0bits
                0x08008d0c       0x40 d:/program files/stmicr~1/stm32c~1/gnu-to~1/bin/../lib/gcc/arm-none-eabi/10.3.1/../../../../arm-none-eabi/lib/thumb/v7-m/nofp\libg.a(lib_a-mprec.o)
                0x08008d0c                __hi0bits
 .text.__lo0bits
                0x08008d4c       0x58 d:/program files/stmicr~1/stm32c~1/gnu-to~1/bin/../lib/gcc/arm-none-eabi/10.3.1/../../../../arm-none-eabi/lib/thumb/v7-m/nofp\libg.a(lib_a-mprec.o)
                0x08008d4c                __lo0bits
 .text.__i2b    0x08008da4       0x5c d:/program files/stmicr~1/stm32c~1/gnu-to~1/bin/../lib/gcc/arm-none-eabi/10.3.1/../../../../arm-none-eabi/lib/thumb/v7-m/nofp\libg.a(lib_a-mprec.o)
                0x08008da4                __i2b
 .text.__multiply
                0x08008e00      0x15c d:/program files/stmicr~1/stm32c~1/gnu-to~1/bin/../lib/gcc/arm-none-eabi/10.3.1/../../../../arm-none-eabi/lib/thumb/v7-m/nofp\libg.a(lib_a-mprec.o)
                0x08008e00                __multiply
 .text.__pow5mult
                0x08008f5c       0xb8 d:/program files/stmicr~1/stm32c~1/gnu-to~1/bin/../lib/gcc/arm-none-eabi/10.3.1/../../../../arm-none-eabi/lib/thumb/v7-m/nofp\libg.a(lib_a-mprec.o)
                0x08008f5c                __pow5mult
 .text.__lshift
                0x08009014       0xec d:/program files/stmicr~1/stm32c~1/gnu-to~1/bin/../lib/gcc/arm-none-eabi/10.3.1/../../../../arm-none-eabi/lib/thumb/v7-m/nofp\libg.a(lib_a-mprec.o)
                0x08009014                __lshift
 .text.__mcmp   0x08009100       0x40 d:/program files/stmicr~1/stm32c~1/gnu-to~1/bin/../lib/gcc/arm-none-eabi/10.3.1/../../../../arm-none-eabi/lib/thumb/v7-m/nofp\libg.a(lib_a-mprec.o)
                0x08009100                __mcmp
 .text.__mdiff  0x08009140      0x14c d:/program files/stmicr~1/stm32c~1/gnu-to~1/bin/../lib/gcc/arm-none-eabi/10.3.1/../../../../arm-none-eabi/lib/thumb/v7-m/nofp\libg.a(lib_a-mprec.o)
                0x08009140                __mdiff
 .text.__d2b    0x0800928c       0xc4 d:/program files/stmicr~1/stm32c~1/gnu-to~1/bin/../lib/gcc/arm-none-eabi/10.3.1/../../../../arm-none-eabi/lib/thumb/v7-m/nofp\libg.a(lib_a-mprec.o)
                0x0800928c                __d2b
 .text.frexp    0x08009350       0x70 d:/program files/stmicr~1/stm32c~1/gnu-to~1/bin/../lib/gcc/arm-none-eabi/10.3.1/../../../../arm-none-eabi/lib/thumb/v7-m/nofp\libg.a(lib_a-s_frexp.o)
                0x08009350                frexp
 .text.__ssprint_r
                0x080093c0       0xfc d:/program files/stmicr~1/stm32c~1/gnu-to~1/bin/../lib/gcc/arm-none-eabi/10.3.1/../../../../arm-none-eabi/lib/thumb/v7-m/nofp\libg.a(lib_a-svfiprintf.o)
                0x080093c0                __ssprint_r
 .text.__register_exitproc
                0x080094bc       0x8c d:/program files/stmicr~1/stm32c~1/gnu-to~1/bin/../lib/gcc/arm-none-eabi/10.3.1/../../../../arm-none-eabi/lib/thumb/v7-m/nofp\libg.a(lib_a-__atexit.o)
                0x080094bc                __register_exitproc
 .text.__assert_func
                0x08009548       0x40 d:/program files/stmicr~1/stm32c~1/gnu-to~1/bin/../lib/gcc/arm-none-eabi/10.3.1/../../../../arm-none-eabi/lib/thumb/v7-m/nofp\libg.a(lib_a-assert.o)
                0x08009548                __assert_func
 .text._calloc_r
                0x08009588       0x78 d:/program files/stmicr~1/stm32c~1/gnu-to~1/bin/../lib/gcc/arm-none-eabi/10.3.1/../../../../arm-none-eabi/lib/thumb/v7-m/nofp\libg.a(lib_a-callocr.o)
                0x08009588                _calloc_r
 .text.fiprintf
                0x08009600       0x28 d:/program files/stmicr~1/stm32c~1/gnu-to~1/bin/../lib/gcc/arm-none-eabi/10.3.1/../../../../arm-none-eabi/lib/thumb/v7-m/nofp\libg.a(lib_a-fiprintf.o)
                0x08009600                fiprintf
 .text.__locale_mb_cur_max
                0x08009628        0xc d:/program files/stmicr~1/stm32c~1/gnu-to~1/bin/../lib/gcc/arm-none-eabi/10.3.1/../../../../arm-none-eabi/lib/thumb/v7-m/nofp\libg.a(lib_a-locale.o)
                0x08009628                __locale_mb_cur_max
 .text.__ascii_mbtowc
                0x08009634       0x2c d:/program files/stmicr~1/stm32c~1/gnu-to~1/bin/../lib/gcc/arm-none-eabi/10.3.1/../../../../arm-none-eabi/lib/thumb/v7-m/nofp\libg.a(lib_a-mbtowc_r.o)
                0x08009634                __ascii_mbtowc
 .text.memmove  0x08009660       0xf8 d:/program files/stmicr~1/stm32c~1/gnu-to~1/bin/../lib/gcc/arm-none-eabi/10.3.1/../../../../arm-none-eabi/lib/thumb/v7-m/nofp\libg.a(lib_a-memmove.o)
                0x08009660                memmove
 .text._realloc_r
                0x08009758      0x3dc d:/program files/stmicr~1/stm32c~1/gnu-to~1/bin/../lib/gcc/arm-none-eabi/10.3.1/../../../../arm-none-eabi/lib/thumb/v7-m/nofp\libg.a(lib_a-reallocr.o)
                0x08009758                _realloc_r
 .text.__sprint_r.part.0
                0x08009b34       0x78 d:/program files/stmicr~1/stm32c~1/gnu-to~1/bin/../lib/gcc/arm-none-eabi/10.3.1/../../../../arm-none-eabi/lib/thumb/v7-m/nofp\libg.a(lib_a-vfiprintf.o)
 .text._vfiprintf_r
                0x08009bac      0xd98 d:/program files/stmicr~1/stm32c~1/gnu-to~1/bin/../lib/gcc/arm-none-eabi/10.3.1/../../../../arm-none-eabi/lib/thumb/v7-m/nofp\libg.a(lib_a-vfiprintf.o)
                0x08009bac                _vfiprintf_r
 .text.__sbprintf
                0x0800a944       0x84 d:/program files/stmicr~1/stm32c~1/gnu-to~1/bin/../lib/gcc/arm-none-eabi/10.3.1/../../../../arm-none-eabi/lib/thumb/v7-m/nofp\libg.a(lib_a-vfiprintf.o)
 .text.__ascii_wctomb
                0x0800a9c8       0x1c d:/program files/stmicr~1/stm32c~1/gnu-to~1/bin/../lib/gcc/arm-none-eabi/10.3.1/../../../../arm-none-eabi/lib/thumb/v7-m/nofp\libg.a(lib_a-wctomb_r.o)
                0x0800a9c8                __ascii_wctomb
 .text.__swsetup_r
                0x0800a9e4       0xd4 d:/program files/stmicr~1/stm32c~1/gnu-to~1/bin/../lib/gcc/arm-none-eabi/10.3.1/../../../../arm-none-eabi/lib/thumb/v7-m/nofp\libg.a(lib_a-wsetup.o)
                0x0800a9e4                __swsetup_r
 .text.abort    0x0800aab8       0x10 d:/program files/stmicr~1/stm32c~1/gnu-to~1/bin/../lib/gcc/arm-none-eabi/10.3.1/../../../../arm-none-eabi/lib/thumb/v7-m/nofp\libg.a(lib_a-abort.o)
                0x0800aab8                abort
 .text.__sflush_r
                0x0800aac8      0x124 d:/program files/stmicr~1/stm32c~1/gnu-to~1/bin/../lib/gcc/arm-none-eabi/10.3.1/../../../../arm-none-eabi/lib/thumb/v7-m/nofp\libg.a(lib_a-fflush.o)
                0x0800aac8                __sflush_r
 .text._fflush_r
                0x0800abec       0x5c d:/program files/stmicr~1/stm32c~1/gnu-to~1/bin/../lib/gcc/arm-none-eabi/10.3.1/../../../../arm-none-eabi/lib/thumb/v7-m/nofp\libg.a(lib_a-fflush.o)
                0x0800abec                _fflush_r
 .text._cleanup_r
                0x0800ac48        0xc d:/program files/stmicr~1/stm32c~1/gnu-to~1/bin/../lib/gcc/arm-none-eabi/10.3.1/../../../../arm-none-eabi/lib/thumb/v7-m/nofp\libg.a(lib_a-findfp.o)
                0x0800ac48                _cleanup_r
 .text.__sinit  0x0800ac54      0x10c d:/program files/stmicr~1/stm32c~1/gnu-to~1/bin/../lib/gcc/arm-none-eabi/10.3.1/../../../../arm-none-eabi/lib/thumb/v7-m/nofp\libg.a(lib_a-findfp.o)
                0x0800ac54                __sinit
 .text.__sfp_lock_acquire
                0x0800ad60        0xc d:/program files/stmicr~1/stm32c~1/gnu-to~1/bin/../lib/gcc/arm-none-eabi/10.3.1/../../../../arm-none-eabi/lib/thumb/v7-m/nofp\libg.a(lib_a-findfp.o)
                0x0800ad60                __sfp_lock_acquire
 .text.__sfp_lock_release
                0x0800ad6c        0xc d:/program files/stmicr~1/stm32c~1/gnu-to~1/bin/../lib/gcc/arm-none-eabi/10.3.1/../../../../arm-none-eabi/lib/thumb/v7-m/nofp\libg.a(lib_a-findfp.o)
                0x0800ad6c                __sfp_lock_release
 .text.__fputwc
                0x0800ad78       0xa0 d:/program files/stmicr~1/stm32c~1/gnu-to~1/bin/../lib/gcc/arm-none-eabi/10.3.1/../../../../arm-none-eabi/lib/thumb/v7-m/nofp\libg.a(lib_a-fputwc.o)
                0x0800ad78                __fputwc
 .text._fputwc_r
                0x0800ae18       0x68 d:/program files/stmicr~1/stm32c~1/gnu-to~1/bin/../lib/gcc/arm-none-eabi/10.3.1/../../../../arm-none-eabi/lib/thumb/v7-m/nofp\libg.a(lib_a-fputwc.o)
                0x0800ae18                _fputwc_r
 .text.__sfvwrite_r
                0x0800ae80      0x2f0 d:/program files/stmicr~1/stm32c~1/gnu-to~1/bin/../lib/gcc/arm-none-eabi/10.3.1/../../../../arm-none-eabi/lib/thumb/v7-m/nofp\libg.a(lib_a-fvwrite.o)
                0x0800ae80                __sfvwrite_r
 .text._fwalk_reent
                0x0800b170       0x48 d:/program files/stmicr~1/stm32c~1/gnu-to~1/bin/../lib/gcc/arm-none-eabi/10.3.1/../../../../arm-none-eabi/lib/thumb/v7-m/nofp\libg.a(lib_a-fwalk.o)
                0x0800b170                _fwalk_reent
 .text.__smakebuf_r
                0x0800b1b8       0xe0 d:/program files/stmicr~1/stm32c~1/gnu-to~1/bin/../lib/gcc/arm-none-eabi/10.3.1/../../../../arm-none-eabi/lib/thumb/v7-m/nofp\libg.a(lib_a-makebuf.o)
                0x0800b1b8                __smakebuf_r
 .text.raise    0x0800b298       0x5c d:/program files/stmicr~1/stm32c~1/gnu-to~1/bin/../lib/gcc/arm-none-eabi/10.3.1/../../../../arm-none-eabi/lib/thumb/v7-m/nofp\libg.a(lib_a-signal.o)
                0x0800b298                raise
 .text._kill_r  0x0800b2f4       0x28 d:/program files/stmicr~1/stm32c~1/gnu-to~1/bin/../lib/gcc/arm-none-eabi/10.3.1/../../../../arm-none-eabi/lib/thumb/v7-m/nofp\libg.a(lib_a-signalr.o)
                0x0800b2f4                _kill_r
 .text._getpid_r
                0x0800b31c        0x4 d:/program files/stmicr~1/stm32c~1/gnu-to~1/bin/../lib/gcc/arm-none-eabi/10.3.1/../../../../arm-none-eabi/lib/thumb/v7-m/nofp\libg.a(lib_a-signalr.o)
                0x0800b31c                _getpid_r
 .text.__sread  0x0800b320       0x24 d:/program files/stmicr~1/stm32c~1/gnu-to~1/bin/../lib/gcc/arm-none-eabi/10.3.1/../../../../arm-none-eabi/lib/thumb/v7-m/nofp\libg.a(lib_a-stdio.o)
                0x0800b320                __sread
 .text.__swrite
                0x0800b344       0x40 d:/program files/stmicr~1/stm32c~1/gnu-to~1/bin/../lib/gcc/arm-none-eabi/10.3.1/../../../../arm-none-eabi/lib/thumb/v7-m/nofp\libg.a(lib_a-stdio.o)
                0x0800b344                __swrite
 .text.__sseek  0x0800b384       0x20 d:/program files/stmicr~1/stm32c~1/gnu-to~1/bin/../lib/gcc/arm-none-eabi/10.3.1/../../../../arm-none-eabi/lib/thumb/v7-m/nofp\libg.a(lib_a-stdio.o)
                0x0800b384                __sseek
 .text.__sclose
                0x0800b3a4        0x8 d:/program files/stmicr~1/stm32c~1/gnu-to~1/bin/../lib/gcc/arm-none-eabi/10.3.1/../../../../arm-none-eabi/lib/thumb/v7-m/nofp\libg.a(lib_a-stdio.o)
                0x0800b3a4                __sclose
 .text.__swbuf_r
                0x0800b3ac       0xb0 d:/program files/stmicr~1/stm32c~1/gnu-to~1/bin/../lib/gcc/arm-none-eabi/10.3.1/../../../../arm-none-eabi/lib/thumb/v7-m/nofp\libg.a(lib_a-wbuf.o)
                0x0800b3ac                __swbuf_r
 .text._wcrtomb_r
                0x0800b45c       0x3c d:/program files/stmicr~1/stm32c~1/gnu-to~1/bin/../lib/gcc/arm-none-eabi/10.3.1/../../../../arm-none-eabi/lib/thumb/v7-m/nofp\libg.a(lib_a-wcrtomb.o)
                0x0800b45c                _wcrtomb_r
 .text._write_r
                0x0800b498       0x2c d:/program files/stmicr~1/stm32c~1/gnu-to~1/bin/../lib/gcc/arm-none-eabi/10.3.1/../../../../arm-none-eabi/lib/thumb/v7-m/nofp\libg.a(lib_a-writer.o)
                0x0800b498                _write_r
 .text._close_r
                0x0800b4c4       0x24 d:/program files/stmicr~1/stm32c~1/gnu-to~1/bin/../lib/gcc/arm-none-eabi/10.3.1/../../../../arm-none-eabi/lib/thumb/v7-m/nofp\libg.a(lib_a-closer.o)
                0x0800b4c4                _close_r
 .text._fclose_r
                0x0800b4e8       0xcc d:/program files/stmicr~1/stm32c~1/gnu-to~1/bin/../lib/gcc/arm-none-eabi/10.3.1/../../../../arm-none-eabi/lib/thumb/v7-m/nofp\libg.a(lib_a-fclose.o)
                0x0800b4e8                _fclose_r
 .text._fstat_r
                0x0800b5b4       0x28 d:/program files/stmicr~1/stm32c~1/gnu-to~1/bin/../lib/gcc/arm-none-eabi/10.3.1/../../../../arm-none-eabi/lib/thumb/v7-m/nofp\libg.a(lib_a-fstatr.o)
                0x0800b5b4                _fstat_r
 .text._isatty_r
                0x0800b5dc       0x24 d:/program files/stmicr~1/stm32c~1/gnu-to~1/bin/../lib/gcc/arm-none-eabi/10.3.1/../../../../arm-none-eabi/lib/thumb/v7-m/nofp\libg.a(lib_a-isattyr.o)
                0x0800b5dc                _isatty_r
 .text._lseek_r
                0x0800b600       0x2c d:/program files/stmicr~1/stm32c~1/gnu-to~1/bin/../lib/gcc/arm-none-eabi/10.3.1/../../../../arm-none-eabi/lib/thumb/v7-m/nofp\libg.a(lib_a-lseekr.o)
                0x0800b600                _lseek_r
 .text._read_r  0x0800b62c       0x2c d:/program files/stmicr~1/stm32c~1/gnu-to~1/bin/../lib/gcc/arm-none-eabi/10.3.1/../../../../arm-none-eabi/lib/thumb/v7-m/nofp\libg.a(lib_a-readr.o)
                0x0800b62c                _read_r
 *(.glue_7)
 .glue_7        0x0800b658        0x0 linker stubs
 *(.glue_7t)
 .glue_7t       0x0800b658        0x0 linker stubs
 *(.eh_frame)
 .eh_frame      0x0800b658        0x0 d:/program files/stmicr~1/stm32c~1/gnu-to~1/bin/../lib/gcc/arm-none-eabi/10.3.1/thumb/v7-m/nofp/crtbegin.o
 *(.init)
 .init          0x0800b658        0x4 d:/program files/stmicr~1/stm32c~1/gnu-to~1/bin/../lib/gcc/arm-none-eabi/10.3.1/thumb/v7-m/nofp/crti.o
                0x0800b658                _init
 .init          0x0800b65c        0x8 d:/program files/stmicr~1/stm32c~1/gnu-to~1/bin/../lib/gcc/arm-none-eabi/10.3.1/thumb/v7-m/nofp/crtn.o
 *(.fini)
 .fini          0x0800b664        0x4 d:/program files/stmicr~1/stm32c~1/gnu-to~1/bin/../lib/gcc/arm-none-eabi/10.3.1/thumb/v7-m/nofp/crti.o
                0x0800b664                _fini
 .fini          0x0800b668        0x8 d:/program files/stmicr~1/stm32c~1/gnu-to~1/bin/../lib/gcc/arm-none-eabi/10.3.1/thumb/v7-m/nofp/crtn.o
                0x0800b670                . = ALIGN (0x4)
                0x0800b670                _etext = .

.vfp11_veneer   0x0800b670        0x0
 .vfp11_veneer  0x0800b670        0x0 linker stubs

.v4_bx          0x0800b670        0x0
 .v4_bx         0x0800b670        0x0 linker stubs

.iplt           0x0800b670        0x0
 .iplt          0x0800b670        0x0 d:/program files/stmicr~1/stm32c~1/gnu-to~1/bin/../lib/gcc/arm-none-eabi/10.3.1/thumb/v7-m/nofp/crtbegin.o

.rodata         0x0800b670     0x35d0
                0x0800b670                . = ALIGN (0x4)
 *(.rodata)
 *(.rodata*)
 .rodata.AHBPrescTable
                0x0800b670       0x10 CMakeFiles/Tool.elf.dir/Core/Src/system_stm32f1xx.c.obj
                0x0800b670                AHBPrescTable
 .rodata.APBPrescTable
                0x0800b680        0x8 CMakeFiles/Tool.elf.dir/Core/Src/system_stm32f1xx.c.obj
                0x0800b680                APBPrescTable
 .rodata.HAL_NVIC_SetPriorityGrouping.str1.4
                0x0800b688       0x4e CMakeFiles/Tool.elf.dir/Drivers/STM32F1xx_HAL_Driver/Src/stm32f1xx_hal_cortex.c.obj
 *fill*         0x0800b6d6        0x2 
 .rodata.HAL_GPIO_Init.str1.4
                0x0800b6d8       0x4c CMakeFiles/Tool.elf.dir/Drivers/STM32F1xx_HAL_Driver/Src/stm32f1xx_hal_gpio.c.obj
 .rodata.HAL_I2C_Init.str1.4
                0x0800b724       0x4b CMakeFiles/Tool.elf.dir/Drivers/STM32F1xx_HAL_Driver/Src/stm32f1xx_hal_i2c.c.obj
 *fill*         0x0800b76f        0x1 
 .rodata.HAL_RCC_OscConfig.str1.4
                0x0800b770       0x4b CMakeFiles/Tool.elf.dir/Drivers/STM32F1xx_HAL_Driver/Src/stm32f1xx_hal_rcc.c.obj
 *fill*         0x0800b7bb        0x1 
 .rodata.aPLLMULFactorTable.1
                0x0800b7bc       0x10 CMakeFiles/Tool.elf.dir/Drivers/STM32F1xx_HAL_Driver/Src/stm32f1xx_hal_rcc.c.obj
 .rodata.aPredivFactorTable.0
                0x0800b7cc        0x2 CMakeFiles/Tool.elf.dir/Drivers/STM32F1xx_HAL_Driver/Src/stm32f1xx_hal_rcc.c.obj
 *fill*         0x0800b7ce        0x2 
 .rodata.HAL_SPI_Init.str1.4
                0x0800b7d0       0x4b CMakeFiles/Tool.elf.dir/Drivers/STM32F1xx_HAL_Driver/Src/stm32f1xx_hal_spi.c.obj
 *fill*         0x0800b81b        0x1 
 .rodata.TIM_OC1_SetConfig.str1.4
                0x0800b81c       0x4b CMakeFiles/Tool.elf.dir/Drivers/STM32F1xx_HAL_Driver/Src/stm32f1xx_hal_tim.c.obj
 *fill*         0x0800b867        0x1 
 .rodata.HAL_TIMEx_HallSensor_Init.str1.4
                0x0800b868       0x4e CMakeFiles/Tool.elf.dir/Drivers/STM32F1xx_HAL_Driver/Src/stm32f1xx_hal_tim_ex.c.obj
 *fill*         0x0800b8b6        0x2 
 .rodata.asc2_1206
                0x0800b8b8      0x474 CMakeFiles/Tool.elf.dir/User/Src/font.c.obj
                0x0800b8b8                asc2_1206
 .rodata.asc2_1608
                0x0800bd2c      0x5f0 CMakeFiles/Tool.elf.dir/User/Src/font.c.obj
                0x0800bd2c                asc2_1608
 .rodata.asc2_2412
                0x0800c31c      0xd5c CMakeFiles/Tool.elf.dir/User/Src/font.c.obj
                0x0800c31c                asc2_2412
 .rodata.asc2_3216
                0x0800d078     0x17c0 CMakeFiles/Tool.elf.dir/User/Src/font.c.obj
                0x0800d078                asc2_3216
 .rodata.touch_correct.str1.4
                0x0800e838        0x8 CMakeFiles/Tool.elf.dir/User/Src/touch.c.obj
 .rodata._global_impure_ptr
                0x0800e840        0x4 d:/program files/stmicr~1/stm32c~1/gnu-to~1/bin/../lib/gcc/arm-none-eabi/10.3.1/../../../../arm-none-eabi/lib/thumb/v7-m/nofp\libg.a(lib_a-impure.o)
                0x0800e840                _global_impure_ptr
 .rodata._svfprintf_r.str1.4
                0x0800e844       0x42 d:/program files/stmicr~1/stm32c~1/gnu-to~1/bin/../lib/gcc/arm-none-eabi/10.3.1/../../../../arm-none-eabi/lib/thumb/v7-m/nofp\libg.a(lib_a-svfprintf.o)
 *fill*         0x0800e886        0x2 
 .rodata.blanks.1
                0x0800e888       0x10 d:/program files/stmicr~1/stm32c~1/gnu-to~1/bin/../lib/gcc/arm-none-eabi/10.3.1/../../../../arm-none-eabi/lib/thumb/v7-m/nofp\libg.a(lib_a-svfprintf.o)
 .rodata.zeroes.0
                0x0800e898       0x10 d:/program files/stmicr~1/stm32c~1/gnu-to~1/bin/../lib/gcc/arm-none-eabi/10.3.1/../../../../arm-none-eabi/lib/thumb/v7-m/nofp\libg.a(lib_a-svfprintf.o)
 .rodata._dtoa_r.str1.4
                0x0800e8a8       0xa2 d:/program files/stmicr~1/stm32c~1/gnu-to~1/bin/../lib/gcc/arm-none-eabi/10.3.1/../../../../arm-none-eabi/lib/thumb/v7-m/nofp\libg.a(lib_a-dtoa.o)
                                 0xa6 (size before relaxing)
 *fill*         0x0800e94a        0x2 
 .rodata.__multadd.str1.4
                0x0800e94c       0x7f d:/program files/stmicr~1/stm32c~1/gnu-to~1/bin/../lib/gcc/arm-none-eabi/10.3.1/../../../../arm-none-eabi/lib/thumb/v7-m/nofp\libg.a(lib_a-mprec.o)
                                 0x93 (size before relaxing)
 *fill*         0x0800e9cb        0x5 
 .rodata.__mprec_bigtens
                0x0800e9d0       0x28 d:/program files/stmicr~1/stm32c~1/gnu-to~1/bin/../lib/gcc/arm-none-eabi/10.3.1/../../../../arm-none-eabi/lib/thumb/v7-m/nofp\libg.a(lib_a-mprec.o)
                0x0800e9d0                __mprec_bigtens
 .rodata.__mprec_tens
                0x0800e9f8       0xc8 d:/program files/stmicr~1/stm32c~1/gnu-to~1/bin/../lib/gcc/arm-none-eabi/10.3.1/../../../../arm-none-eabi/lib/thumb/v7-m/nofp\libg.a(lib_a-mprec.o)
                0x0800e9f8                __mprec_tens
 .rodata.p05.0  0x0800eac0        0xc d:/program files/stmicr~1/stm32c~1/gnu-to~1/bin/../lib/gcc/arm-none-eabi/10.3.1/../../../../arm-none-eabi/lib/thumb/v7-m/nofp\libg.a(lib_a-mprec.o)
 .rodata.__assert_func.str1.4
                0x0800eacc       0x3f d:/program files/stmicr~1/stm32c~1/gnu-to~1/bin/../lib/gcc/arm-none-eabi/10.3.1/../../../../arm-none-eabi/lib/thumb/v7-m/nofp\libg.a(lib_a-assert.o)
                                 0x43 (size before relaxing)
 *fill*         0x0800eb0b        0x1 
 .rodata._setlocale_r.str1.4
                0x0800eb0c        0xa d:/program files/stmicr~1/stm32c~1/gnu-to~1/bin/../lib/gcc/arm-none-eabi/10.3.1/../../../../arm-none-eabi/lib/thumb/v7-m/nofp\libg.a(lib_a-locale.o)
                                  0xd (size before relaxing)
 *fill*         0x0800eb16        0x2 
 .rodata.str1.4
                0x0800eb18        0x2 d:/program files/stmicr~1/stm32c~1/gnu-to~1/bin/../lib/gcc/arm-none-eabi/10.3.1/../../../../arm-none-eabi/lib/thumb/v7-m/nofp\libg.a(lib_a-locale.o)
 .rodata._vfiprintf_r.str1.4
                0x0800eb1a       0x2f d:/program files/stmicr~1/stm32c~1/gnu-to~1/bin/../lib/gcc/arm-none-eabi/10.3.1/../../../../arm-none-eabi/lib/thumb/v7-m/nofp\libg.a(lib_a-vfiprintf.o)
 *fill*         0x0800eb1a        0x2 
 .rodata.blanks.1
                0x0800eb1c       0x10 d:/program files/stmicr~1/stm32c~1/gnu-to~1/bin/../lib/gcc/arm-none-eabi/10.3.1/../../../../arm-none-eabi/lib/thumb/v7-m/nofp\libg.a(lib_a-vfiprintf.o)
 .rodata.zeroes.0
                0x0800eb2c       0x10 d:/program files/stmicr~1/stm32c~1/gnu-to~1/bin/../lib/gcc/arm-none-eabi/10.3.1/../../../../arm-none-eabi/lib/thumb/v7-m/nofp\libg.a(lib_a-vfiprintf.o)
 .rodata._ctype_
                0x0800eb3c      0x101 d:/program files/stmicr~1/stm32c~1/gnu-to~1/bin/../lib/gcc/arm-none-eabi/10.3.1/../../../../arm-none-eabi/lib/thumb/v7-m/nofp\libg.a(lib_a-ctype_.o)
                0x0800eb3c                _ctype_
                0x0800ec40                . = ALIGN (0x4)
 *fill*         0x0800ec3d        0x3 

.ARM.extab      0x0800ec40        0x0
                0x0800ec40                . = ALIGN (0x4)
 *(.ARM.extab* .gnu.linkonce.armextab.*)
                0x0800ec40                . = ALIGN (0x4)

.ARM            0x0800ec40        0x8
                0x0800ec40                . = ALIGN (0x4)
                0x0800ec40                __exidx_start = .
 *(.ARM.exidx*)
 .ARM.exidx     0x0800ec40        0x8 d:/program files/stmicr~1/stm32c~1/gnu-to~1/bin/../lib/gcc/arm-none-eabi/10.3.1/thumb/v7-m/nofp\libgcc.a(_udivmoddi4.o)
                0x0800ec48                __exidx_end = .
                0x0800ec48                . = ALIGN (0x4)

.rel.dyn        0x0800ec48        0x0
 .rel.iplt      0x0800ec48        0x0 d:/program files/stmicr~1/stm32c~1/gnu-to~1/bin/../lib/gcc/arm-none-eabi/10.3.1/thumb/v7-m/nofp/crtbegin.o

.preinit_array  0x0800ec48        0x0
                0x0800ec48                . = ALIGN (0x4)
                0x0800ec48                PROVIDE (__preinit_array_start = .)
 *(.preinit_array*)
                0x0800ec48                PROVIDE (__preinit_array_end = .)
                0x0800ec48                . = ALIGN (0x4)

.init_array     0x0800ec48        0x8
                0x0800ec48                . = ALIGN (0x4)
                0x0800ec48                PROVIDE (__init_array_start = .)
 *(SORT_BY_NAME(.init_array.*))
 .init_array.00000
                0x0800ec48        0x4 d:/program files/stmicr~1/stm32c~1/gnu-to~1/bin/../lib/gcc/arm-none-eabi/10.3.1/../../../../arm-none-eabi/lib/thumb/v7-m/nofp\libg.a(lib_a-__call_atexit.o)
 *(.init_array*)
 .init_array    0x0800ec4c        0x4 d:/program files/stmicr~1/stm32c~1/gnu-to~1/bin/../lib/gcc/arm-none-eabi/10.3.1/thumb/v7-m/nofp/crtbegin.o
                0x0800ec50                PROVIDE (__init_array_end = .)
                0x0800ec50                . = ALIGN (0x4)

.fini_array     0x0800ec50        0x4
                0x0800ec50                . = ALIGN (0x4)
                0x0800ec50                PROVIDE (__fini_array_start = .)
 *(SORT_BY_NAME(.fini_array.*))
 *(.fini_array*)
 .fini_array    0x0800ec50        0x4 d:/program files/stmicr~1/stm32c~1/gnu-to~1/bin/../lib/gcc/arm-none-eabi/10.3.1/thumb/v7-m/nofp/crtbegin.o
                0x0800ec54                PROVIDE (__fini_array_end = .)
                0x0800ec54                . = ALIGN (0x4)
                0x0800ec54                _sidata = LOADADDR (.data)

.data           0x20000000      0x9b8 load address 0x0800ec54
                0x20000000                . = ALIGN (0x4)
                0x20000000                _sdata = .
 *(.data)
 *(.data*)
 .data.SystemCoreClock
                0x20000000        0x4 CMakeFiles/Tool.elf.dir/Core/Src/system_stm32f1xx.c.obj
                0x20000000                SystemCoreClock
 .data.uwTickFreq
                0x20000004        0x1 CMakeFiles/Tool.elf.dir/Drivers/STM32F1xx_HAL_Driver/Src/stm32f1xx_hal.c.obj
                0x20000004                uwTickFreq
 *fill*         0x20000005        0x3 
 .data.uwTickPrio
                0x20000008        0x4 CMakeFiles/Tool.elf.dir/Drivers/STM32F1xx_HAL_Driver/Src/stm32f1xx_hal.c.obj
                0x20000008                uwTickPrio
 .data._impure_ptr
                0x2000000c        0x4 d:/program files/stmicr~1/stm32c~1/gnu-to~1/bin/../lib/gcc/arm-none-eabi/10.3.1/../../../../arm-none-eabi/lib/thumb/v7-m/nofp\libg.a(lib_a-impure.o)
                0x2000000c                _impure_ptr
 .data.impure_data
                0x20000010      0x428 d:/program files/stmicr~1/stm32c~1/gnu-to~1/bin/../lib/gcc/arm-none-eabi/10.3.1/../../../../arm-none-eabi/lib/thumb/v7-m/nofp\libg.a(lib_a-impure.o)
 .data.__malloc_av_
                0x20000438      0x408 d:/program files/stmicr~1/stm32c~1/gnu-to~1/bin/../lib/gcc/arm-none-eabi/10.3.1/../../../../arm-none-eabi/lib/thumb/v7-m/nofp\libg.a(lib_a-mallocr.o)
                0x20000438                __malloc_av_
 .data.__malloc_sbrk_base
                0x20000840        0x4 d:/program files/stmicr~1/stm32c~1/gnu-to~1/bin/../lib/gcc/arm-none-eabi/10.3.1/../../../../arm-none-eabi/lib/thumb/v7-m/nofp\libg.a(lib_a-mallocr.o)
                0x20000840                __malloc_sbrk_base
 .data.__malloc_trim_threshold
                0x20000844        0x4 d:/program files/stmicr~1/stm32c~1/gnu-to~1/bin/../lib/gcc/arm-none-eabi/10.3.1/../../../../arm-none-eabi/lib/thumb/v7-m/nofp\libg.a(lib_a-mallocr.o)
                0x20000844                __malloc_trim_threshold
 .data.__atexit_recursive_mutex
                0x20000848        0x4 d:/program files/stmicr~1/stm32c~1/gnu-to~1/bin/../lib/gcc/arm-none-eabi/10.3.1/../../../../arm-none-eabi/lib/thumb/v7-m/nofp\libg.a(lib_a-__call_atexit.o)
                0x20000848                __atexit_recursive_mutex
 .data.__global_locale
                0x2000084c      0x16c d:/program files/stmicr~1/stm32c~1/gnu-to~1/bin/../lib/gcc/arm-none-eabi/10.3.1/../../../../arm-none-eabi/lib/thumb/v7-m/nofp\libg.a(lib_a-locale.o)
                0x2000084c                __global_locale
 *(.RamFunc)
 *(.RamFunc*)
                0x200009b8                . = ALIGN (0x4)
                0x200009b8                _edata = .

.igot.plt       0x200009b8        0x0 load address 0x0800f60c
 .igot.plt      0x200009b8        0x0 d:/program files/stmicr~1/stm32c~1/gnu-to~1/bin/../lib/gcc/arm-none-eabi/10.3.1/thumb/v7-m/nofp/crtbegin.o
                0x200009b8                . = ALIGN (0x4)

.bss            0x200009b8      0x1cc load address 0x0800f60c
                0x200009b8                _sbss = .
                0x200009b8                __bss_start__ = _sbss
 *(.bss)
 .bss           0x200009b8       0x1c d:/program files/stmicr~1/stm32c~1/gnu-to~1/bin/../lib/gcc/arm-none-eabi/10.3.1/thumb/v7-m/nofp/crtbegin.o
 *(.bss*)
 .bss.hi2c1     0x200009d4       0x54 CMakeFiles/Tool.elf.dir/Core/Src/i2c.c.obj
                0x200009d4                hi2c1
 .bss.hspi2     0x20000a28       0x58 CMakeFiles/Tool.elf.dir/Core/Src/spi.c.obj
                0x20000a28                hspi2
 .bss.__sbrk_heap_end
                0x20000a80        0x4 CMakeFiles/Tool.elf.dir/Core/Src/sysmem.c.obj
 .bss.htim2     0x20000a84       0x48 CMakeFiles/Tool.elf.dir/Core/Src/tim.c.obj
                0x20000a84                htim2
 .bss.htim6     0x20000acc       0x48 CMakeFiles/Tool.elf.dir/Core/Src/tim.c.obj
                0x20000acc                htim6
 .bss.uwTick    0x20000b14        0x4 CMakeFiles/Tool.elf.dir/Drivers/STM32F1xx_HAL_Driver/Src/stm32f1xx_hal.c.obj
                0x20000b14                uwTick
 .bss.led_count.0
                0x20000b18        0x4 CMakeFiles/Tool.elf.dir/User/Src/callback.c.obj
 .bss.xLCD      0x20000b1c        0xc CMakeFiles/Tool.elf.dir/User/Src/lcd.c.obj
                0x20000b1c                xLCD
 .bss.touch     0x20000b28       0x14 CMakeFiles/Tool.elf.dir/User/Src/touch.c.obj
                0x20000b28                touch
 .bss.__malloc_current_mallinfo
                0x20000b3c       0x28 d:/program files/stmicr~1/stm32c~1/gnu-to~1/bin/../lib/gcc/arm-none-eabi/10.3.1/../../../../arm-none-eabi/lib/thumb/v7-m/nofp\libg.a(lib_a-mallocr.o)
                0x20000b3c                __malloc_current_mallinfo
 .bss.__malloc_max_sbrked_mem
                0x20000b64        0x4 d:/program files/stmicr~1/stm32c~1/gnu-to~1/bin/../lib/gcc/arm-none-eabi/10.3.1/../../../../arm-none-eabi/lib/thumb/v7-m/nofp\libg.a(lib_a-mallocr.o)
                0x20000b64                __malloc_max_sbrked_mem
 .bss.__malloc_max_total_mem
                0x20000b68        0x4 d:/program files/stmicr~1/stm32c~1/gnu-to~1/bin/../lib/gcc/arm-none-eabi/10.3.1/../../../../arm-none-eabi/lib/thumb/v7-m/nofp\libg.a(lib_a-mallocr.o)
                0x20000b68                __malloc_max_total_mem
 .bss.__malloc_top_pad
                0x20000b6c        0x4 d:/program files/stmicr~1/stm32c~1/gnu-to~1/bin/../lib/gcc/arm-none-eabi/10.3.1/../../../../arm-none-eabi/lib/thumb/v7-m/nofp\libg.a(lib_a-mallocr.o)
                0x20000b6c                __malloc_top_pad
 .bss.__lock___atexit_recursive_mutex
                0x20000b70        0x1 d:/program files/stmicr~1/stm32c~1/gnu-to~1/bin/../lib/gcc/arm-none-eabi/10.3.1/../../../../arm-none-eabi/lib/thumb/v7-m/nofp\libg.a(lib_a-lock.o)
                0x20000b70                __lock___atexit_recursive_mutex
 *fill*         0x20000b71        0x3 
 .bss.__lock___malloc_recursive_mutex
                0x20000b74        0x1 d:/program files/stmicr~1/stm32c~1/gnu-to~1/bin/../lib/gcc/arm-none-eabi/10.3.1/../../../../arm-none-eabi/lib/thumb/v7-m/nofp\libg.a(lib_a-lock.o)
                0x20000b74                __lock___malloc_recursive_mutex
 *fill*         0x20000b75        0x3 
 .bss.__lock___sfp_recursive_mutex
                0x20000b78        0x1 d:/program files/stmicr~1/stm32c~1/gnu-to~1/bin/../lib/gcc/arm-none-eabi/10.3.1/../../../../arm-none-eabi/lib/thumb/v7-m/nofp\libg.a(lib_a-lock.o)
                0x20000b78                __lock___sfp_recursive_mutex
 *fill*         0x20000b79        0x3 
 .bss.__lock___sinit_recursive_mutex
                0x20000b7c        0x1 d:/program files/stmicr~1/stm32c~1/gnu-to~1/bin/../lib/gcc/arm-none-eabi/10.3.1/../../../../arm-none-eabi/lib/thumb/v7-m/nofp\libg.a(lib_a-lock.o)
                0x20000b7c                __lock___sinit_recursive_mutex
 *fill*         0x20000b7d        0x3 
 .bss.errno     0x20000b80        0x4 d:/program files/stmicr~1/stm32c~1/gnu-to~1/bin/../lib/gcc/arm-none-eabi/10.3.1/../../../../arm-none-eabi/lib/thumb/v7-m/nofp\libg.a(lib_a-reent.o)
                0x20000b80                errno
 *(COMMON)
                0x20000b84                . = ALIGN (0x4)
                0x20000b84                _ebss = .
                0x20000b84                __bss_end__ = _ebss

._user_heap_stack
                0x20000b84     0x2004 load address 0x0800f60c
                0x20000b88                . = ALIGN (0x8)
 *fill*         0x20000b84        0x4 
                [!provide]                PROVIDE (end = .)
                0x20000b88                PROVIDE (_end = .)
                0x20001b88                . = (. + _Min_Heap_Size)
 *fill*         0x20000b88     0x1000 
                0x20002b88                . = (. + _Min_Stack_Size)
 *fill*         0x20001b88     0x1000 
                0x20002b88                . = ALIGN (0x8)

/DISCARD/
 libc.a(*)
 libm.a(*)
 libgcc.a(*)

.ARM.attributes
                0x00000000       0x29
 *(.ARM.attributes)
 .ARM.attributes
                0x00000000       0x1d d:/program files/stmicr~1/stm32c~1/gnu-to~1/bin/../lib/gcc/arm-none-eabi/10.3.1/thumb/v7-m/nofp/crti.o
 .ARM.attributes
                0x0000001d       0x2d d:/program files/stmicr~1/stm32c~1/gnu-to~1/bin/../lib/gcc/arm-none-eabi/10.3.1/thumb/v7-m/nofp/crtbegin.o
 .ARM.attributes
                0x0000004a       0x2d CMakeFiles/Tool.elf.dir/Core/Src/gpio.c.obj
 .ARM.attributes
                0x00000077       0x2d CMakeFiles/Tool.elf.dir/Core/Src/i2c.c.obj
 .ARM.attributes
                0x000000a4       0x2d CMakeFiles/Tool.elf.dir/Core/Src/main.c.obj
 .ARM.attributes
                0x000000d1       0x2d CMakeFiles/Tool.elf.dir/Core/Src/spi.c.obj
 .ARM.attributes
                0x000000fe       0x2d CMakeFiles/Tool.elf.dir/Core/Src/stm32f1xx_hal_msp.c.obj
 .ARM.attributes
                0x0000012b       0x2d CMakeFiles/Tool.elf.dir/Core/Src/stm32f1xx_it.c.obj
 .ARM.attributes
                0x00000158       0x2d CMakeFiles/Tool.elf.dir/Core/Src/syscalls.c.obj
 .ARM.attributes
                0x00000185       0x2d CMakeFiles/Tool.elf.dir/Core/Src/sysmem.c.obj
 .ARM.attributes
                0x000001b2       0x2d CMakeFiles/Tool.elf.dir/Core/Src/system_stm32f1xx.c.obj
 .ARM.attributes
                0x000001df       0x2d CMakeFiles/Tool.elf.dir/Core/Src/tim.c.obj
 .ARM.attributes
                0x0000020c       0x21 CMakeFiles/Tool.elf.dir/Core/Startup/startup_stm32f103vctx.s.obj
 .ARM.attributes
                0x0000022d       0x2d CMakeFiles/Tool.elf.dir/Drivers/STM32F1xx_HAL_Driver/Src/stm32f1xx_hal.c.obj
 .ARM.attributes
                0x0000025a       0x2d CMakeFiles/Tool.elf.dir/Drivers/STM32F1xx_HAL_Driver/Src/stm32f1xx_hal_cortex.c.obj
 .ARM.attributes
                0x00000287       0x2d CMakeFiles/Tool.elf.dir/Drivers/STM32F1xx_HAL_Driver/Src/stm32f1xx_hal_gpio.c.obj
 .ARM.attributes
                0x000002b4       0x2d CMakeFiles/Tool.elf.dir/Drivers/STM32F1xx_HAL_Driver/Src/stm32f1xx_hal_i2c.c.obj
 .ARM.attributes
                0x000002e1       0x2d CMakeFiles/Tool.elf.dir/Drivers/STM32F1xx_HAL_Driver/Src/stm32f1xx_hal_rcc.c.obj
 .ARM.attributes
                0x0000030e       0x2d CMakeFiles/Tool.elf.dir/Drivers/STM32F1xx_HAL_Driver/Src/stm32f1xx_hal_spi.c.obj
 .ARM.attributes
                0x0000033b       0x2d CMakeFiles/Tool.elf.dir/Drivers/STM32F1xx_HAL_Driver/Src/stm32f1xx_hal_tim.c.obj
 .ARM.attributes
                0x00000368       0x2d CMakeFiles/Tool.elf.dir/Drivers/STM32F1xx_HAL_Driver/Src/stm32f1xx_hal_tim_ex.c.obj
 .ARM.attributes
                0x00000395       0x2d CMakeFiles/Tool.elf.dir/User/Src/at24c02.c.obj
 .ARM.attributes
                0x000003c2       0x2d CMakeFiles/Tool.elf.dir/User/Src/callback.c.obj
 .ARM.attributes
                0x000003ef       0x2d CMakeFiles/Tool.elf.dir/User/Src/font.c.obj
 .ARM.attributes
                0x0000041c       0x2d CMakeFiles/Tool.elf.dir/User/Src/func.c.obj
 .ARM.attributes
                0x00000449       0x2d CMakeFiles/Tool.elf.dir/User/Src/lcd.c.obj
 .ARM.attributes
                0x00000476       0x2d CMakeFiles/Tool.elf.dir/User/Src/touch.c.obj
 .ARM.attributes
                0x000004a3       0x2d CMakeFiles/Tool.elf.dir/User/Src/user.c.obj
 .ARM.attributes
                0x000004d0       0x1d d:/program files/stmicr~1/stm32c~1/gnu-to~1/bin/../lib/gcc/arm-none-eabi/10.3.1/thumb/v7-m/nofp\libgcc.a(_arm_addsubdf3.o)
 .ARM.attributes
                0x000004ed       0x1d d:/program files/stmicr~1/stm32c~1/gnu-to~1/bin/../lib/gcc/arm-none-eabi/10.3.1/thumb/v7-m/nofp\libgcc.a(_arm_muldivdf3.o)
 .ARM.attributes
                0x0000050a       0x1d d:/program files/stmicr~1/stm32c~1/gnu-to~1/bin/../lib/gcc/arm-none-eabi/10.3.1/thumb/v7-m/nofp\libgcc.a(_arm_fixdfsi.o)
 .ARM.attributes
                0x00000527       0x1d d:/program files/stmicr~1/stm32c~1/gnu-to~1/bin/../lib/gcc/arm-none-eabi/10.3.1/thumb/v7-m/nofp\libgcc.a(_arm_addsubsf3.o)
 .ARM.attributes
                0x00000544       0x1d d:/program files/stmicr~1/stm32c~1/gnu-to~1/bin/../lib/gcc/arm-none-eabi/10.3.1/thumb/v7-m/nofp\libgcc.a(_arm_muldivsf3.o)
 .ARM.attributes
                0x00000561       0x1d d:/program files/stmicr~1/stm32c~1/gnu-to~1/bin/../lib/gcc/arm-none-eabi/10.3.1/thumb/v7-m/nofp\libgcc.a(_arm_cmpsf2.o)
 .ARM.attributes
                0x0000057e       0x1d d:/program files/stmicr~1/stm32c~1/gnu-to~1/bin/../lib/gcc/arm-none-eabi/10.3.1/thumb/v7-m/nofp\libgcc.a(_arm_fixunssfsi.o)
 .ARM.attributes
                0x0000059b       0x1d d:/program files/stmicr~1/stm32c~1/gnu-to~1/bin/../lib/gcc/arm-none-eabi/10.3.1/thumb/v7-m/nofp\libgcc.a(_aeabi_uldivmod.o)
 .ARM.attributes
                0x000005b8       0x2d d:/program files/stmicr~1/stm32c~1/gnu-to~1/bin/../lib/gcc/arm-none-eabi/10.3.1/thumb/v7-m/nofp\libgcc.a(_udivmoddi4.o)
 .ARM.attributes
                0x000005e5       0x1d d:/program files/stmicr~1/stm32c~1/gnu-to~1/bin/../lib/gcc/arm-none-eabi/10.3.1/thumb/v7-m/nofp\libgcc.a(_dvmd_tls.o)
 .ARM.attributes
                0x00000602       0x2d d:/program files/stmicr~1/stm32c~1/gnu-to~1/bin/../lib/gcc/arm-none-eabi/10.3.1/../../../../arm-none-eabi/lib/thumb/v7-m/nofp\libg.a(lib_a-errno.o)
 .ARM.attributes
                0x0000062f       0x2d d:/program files/stmicr~1/stm32c~1/gnu-to~1/bin/../lib/gcc/arm-none-eabi/10.3.1/../../../../arm-none-eabi/lib/thumb/v7-m/nofp\libg.a(lib_a-impure.o)
 .ARM.attributes
                0x0000065c       0x2d d:/program files/stmicr~1/stm32c~1/gnu-to~1/bin/../lib/gcc/arm-none-eabi/10.3.1/../../../../arm-none-eabi/lib/thumb/v7-m/nofp\libg.a(lib_a-init.o)
 .ARM.attributes
                0x00000689       0x2d d:/program files/stmicr~1/stm32c~1/gnu-to~1/bin/../lib/gcc/arm-none-eabi/10.3.1/../../../../arm-none-eabi/lib/thumb/v7-m/nofp\libg.a(lib_a-mallocr.o)
 .ARM.attributes
                0x000006b6       0x1b d:/program files/stmicr~1/stm32c~1/gnu-to~1/bin/../lib/gcc/arm-none-eabi/10.3.1/../../../../arm-none-eabi/lib/thumb/v7-m/nofp\libg.a(lib_a-memcpy.o)
 .ARM.attributes
                0x000006d1       0x2d d:/program files/stmicr~1/stm32c~1/gnu-to~1/bin/../lib/gcc/arm-none-eabi/10.3.1/../../../../arm-none-eabi/lib/thumb/v7-m/nofp\libg.a(lib_a-memset.o)
 .ARM.attributes
                0x000006fe       0x2d d:/program files/stmicr~1/stm32c~1/gnu-to~1/bin/../lib/gcc/arm-none-eabi/10.3.1/../../../../arm-none-eabi/lib/thumb/v7-m/nofp\libg.a(lib_a-mlock.o)
 .ARM.attributes
                0x0000072b       0x2d d:/program files/stmicr~1/stm32c~1/gnu-to~1/bin/../lib/gcc/arm-none-eabi/10.3.1/../../../../arm-none-eabi/lib/thumb/v7-m/nofp\libg.a(lib_a-sbrkr.o)
 .ARM.attributes
                0x00000758       0x2d d:/program files/stmicr~1/stm32c~1/gnu-to~1/bin/../lib/gcc/arm-none-eabi/10.3.1/../../../../arm-none-eabi/lib/thumb/v7-m/nofp\libg.a(lib_a-sprintf.o)
 .ARM.attributes
                0x00000785       0x2d d:/program files/stmicr~1/stm32c~1/gnu-to~1/bin/../lib/gcc/arm-none-eabi/10.3.1/../../../../arm-none-eabi/lib/thumb/v7-m/nofp\libg.a(lib_a-strlen-stub.o)
 .ARM.attributes
                0x000007b2       0x2d d:/program files/stmicr~1/stm32c~1/gnu-to~1/bin/../lib/gcc/arm-none-eabi/10.3.1/../../../../arm-none-eabi/lib/thumb/v7-m/nofp\libg.a(lib_a-strncpy.o)
 .ARM.attributes
                0x000007df       0x2d d:/program files/stmicr~1/stm32c~1/gnu-to~1/bin/../lib/gcc/arm-none-eabi/10.3.1/../../../../arm-none-eabi/lib/thumb/v7-m/nofp\libg.a(lib_a-svfprintf.o)
 .ARM.attributes
                0x0000080c       0x2d d:/program files/stmicr~1/stm32c~1/gnu-to~1/bin/../lib/gcc/arm-none-eabi/10.3.1/../../../../arm-none-eabi/lib/thumb/v7-m/nofp\libg.a(lib_a-__call_atexit.o)
 .ARM.attributes
                0x00000839       0x2d d:/program files/stmicr~1/stm32c~1/gnu-to~1/bin/../lib/gcc/arm-none-eabi/10.3.1/../../../../arm-none-eabi/lib/thumb/v7-m/nofp\libg.a(lib_a-atexit.o)
 .ARM.attributes
                0x00000866       0x2d d:/program files/stmicr~1/stm32c~1/gnu-to~1/bin/../lib/gcc/arm-none-eabi/10.3.1/../../../../arm-none-eabi/lib/thumb/v7-m/nofp\libg.a(lib_a-dtoa.o)
 .ARM.attributes
                0x00000893       0x2d d:/program files/stmicr~1/stm32c~1/gnu-to~1/bin/../lib/gcc/arm-none-eabi/10.3.1/../../../../arm-none-eabi/lib/thumb/v7-m/nofp\libg.a(lib_a-fini.o)
 .ARM.attributes
                0x000008c0       0x2d d:/program files/stmicr~1/stm32c~1/gnu-to~1/bin/../lib/gcc/arm-none-eabi/10.3.1/../../../../arm-none-eabi/lib/thumb/v7-m/nofp\libg.a(lib_a-freer.o)
 .ARM.attributes
                0x000008ed       0x2d d:/program files/stmicr~1/stm32c~1/gnu-to~1/bin/../lib/gcc/arm-none-eabi/10.3.1/../../../../arm-none-eabi/lib/thumb/v7-m/nofp\libg.a(lib_a-localeconv.o)
 .ARM.attributes
                0x0000091a       0x2d d:/program files/stmicr~1/stm32c~1/gnu-to~1/bin/../lib/gcc/arm-none-eabi/10.3.1/../../../../arm-none-eabi/lib/thumb/v7-m/nofp\libg.a(lib_a-lock.o)
 .ARM.attributes
                0x00000947       0x2d d:/program files/stmicr~1/stm32c~1/gnu-to~1/bin/../lib/gcc/arm-none-eabi/10.3.1/../../../../arm-none-eabi/lib/thumb/v7-m/nofp\libg.a(lib_a-memchr-stub.o)
 .ARM.attributes
                0x00000974       0x2d d:/program files/stmicr~1/stm32c~1/gnu-to~1/bin/../lib/gcc/arm-none-eabi/10.3.1/../../../../arm-none-eabi/lib/thumb/v7-m/nofp\libg.a(lib_a-mprec.o)
 .ARM.attributes
                0x000009a1       0x2d d:/program files/stmicr~1/stm32c~1/gnu-to~1/bin/../lib/gcc/arm-none-eabi/10.3.1/../../../../arm-none-eabi/lib/thumb/v7-m/nofp\libg.a(lib_a-reent.o)
 .ARM.attributes
                0x000009ce       0x2d d:/program files/stmicr~1/stm32c~1/gnu-to~1/bin/../lib/gcc/arm-none-eabi/10.3.1/../../../../arm-none-eabi/lib/thumb/v7-m/nofp\libg.a(lib_a-s_frexp.o)
 .ARM.attributes
                0x000009fb       0x2d d:/program files/stmicr~1/stm32c~1/gnu-to~1/bin/../lib/gcc/arm-none-eabi/10.3.1/../../../../arm-none-eabi/lib/thumb/v7-m/nofp\libg.a(lib_a-svfiprintf.o)
 .ARM.attributes
                0x00000a28       0x2d d:/program files/stmicr~1/stm32c~1/gnu-to~1/bin/../lib/gcc/arm-none-eabi/10.3.1/../../../../arm-none-eabi/lib/thumb/v7-m/nofp\libg.a(lib_a-__atexit.o)
 .ARM.attributes
                0x00000a55       0x2d d:/program files/stmicr~1/stm32c~1/gnu-to~1/bin/../lib/gcc/arm-none-eabi/10.3.1/../../../../arm-none-eabi/lib/thumb/v7-m/nofp\libg.a(lib_a-assert.o)
 .ARM.attributes
                0x00000a82       0x2d d:/program files/stmicr~1/stm32c~1/gnu-to~1/bin/../lib/gcc/arm-none-eabi/10.3.1/../../../../arm-none-eabi/lib/thumb/v7-m/nofp\libg.a(lib_a-callocr.o)
 .ARM.attributes
                0x00000aaf       0x2d d:/program files/stmicr~1/stm32c~1/gnu-to~1/bin/../lib/gcc/arm-none-eabi/10.3.1/../../../../arm-none-eabi/lib/thumb/v7-m/nofp\libg.a(lib_a-fiprintf.o)
 .ARM.attributes
                0x00000adc       0x2d d:/program files/stmicr~1/stm32c~1/gnu-to~1/bin/../lib/gcc/arm-none-eabi/10.3.1/../../../../arm-none-eabi/lib/thumb/v7-m/nofp\libg.a(lib_a-locale.o)
 .ARM.attributes
                0x00000b09       0x2d d:/program files/stmicr~1/stm32c~1/gnu-to~1/bin/../lib/gcc/arm-none-eabi/10.3.1/../../../../arm-none-eabi/lib/thumb/v7-m/nofp\libg.a(lib_a-mbtowc_r.o)
 .ARM.attributes
                0x00000b36       0x2d d:/program files/stmicr~1/stm32c~1/gnu-to~1/bin/../lib/gcc/arm-none-eabi/10.3.1/../../../../arm-none-eabi/lib/thumb/v7-m/nofp\libg.a(lib_a-memmove.o)
 .ARM.attributes
                0x00000b63       0x2d d:/program files/stmicr~1/stm32c~1/gnu-to~1/bin/../lib/gcc/arm-none-eabi/10.3.1/../../../../arm-none-eabi/lib/thumb/v7-m/nofp\libg.a(lib_a-reallocr.o)
 .ARM.attributes
                0x00000b90       0x2d d:/program files/stmicr~1/stm32c~1/gnu-to~1/bin/../lib/gcc/arm-none-eabi/10.3.1/../../../../arm-none-eabi/lib/thumb/v7-m/nofp\libg.a(lib_a-vfiprintf.o)
 .ARM.attributes
                0x00000bbd       0x2d d:/program files/stmicr~1/stm32c~1/gnu-to~1/bin/../lib/gcc/arm-none-eabi/10.3.1/../../../../arm-none-eabi/lib/thumb/v7-m/nofp\libg.a(lib_a-wctomb_r.o)
 .ARM.attributes